Component: ARM Compiler 5.06 update 6 (build 750) Tool: armlink [4d35ed]

==============================================================================

Section Cross References

    main.o(i.Comm_Subsystem_Disable_LDO_Mode) refers to rf_mcu_ahb.o(i.RfMcu_MemoryGetAhb) for RfMcu_MemoryGetAhb
    main.o(i.Comm_Subsystem_Disable_LDO_Mode) refers to rf_mcu_ahb.o(i.RfMcu_MemorySetAhb) for RfMcu_MemorySetAhb
    main.o(i.Init_Default_Pin_Mux) refers to sysctrl.o(i.pin_set_mode) for pin_set_mode
    main.o(i.Key_init) refers to main.o(i.gpio_debounce_enable) for gpio_debounce_enable
    main.o(i.Key_init) refers to sysctrl.o(i.pin_set_pullopt) for pin_set_pullopt
    main.o(i.Key_init) refers to main.o(i.gpio_cfg_input) for gpio_cfg_input
    main.o(i.Key_scan) refers to main.o(i.gpio_pin_get) for gpio_pin_get
    main.o(i.Key_scan) refers to tasks.o(i.xTaskGetTickCount) for xTaskGetTickCount
    main.o(i.Key_scan) refers to main.o(.data) for key1_pressed
    main.o(i.LED0_task) refers to main.o(i.gpio_pin_toggle) for gpio_pin_toggle
    main.o(i.LED0_task) refers to tasks.o(i.vTaskDelay) for vTaskDelay
    main.o(i.LED_init) refers to main.o(i.gpio_pin_clear) for gpio_pin_clear
    main.o(i.LED_init) refers to main.o(i.gpio_cfg_output) for gpio_cfg_output
    main.o(i.LED_init) refers to sysctrl.o(.data) for Delay_ms
    main.o(i.List_task) refers to list.o(i.vListInitialise) for vListInitialise
    main.o(i.List_task) refers to list.o(i.vListInitialiseItem) for vListInitialiseItem
    main.o(i.List_task) refers to printf5.o(i.__0printf$5) for __2printf
    main.o(i.List_task) refers to main.o(i.Key_scan) for Key_scan
    main.o(i.List_task) refers to list.o(i.vListInsert) for vListInsert
    main.o(i.List_task) refers to main.o(.bss) for TestList
    main.o(i.List_task) refers to sysctrl.o(.data) for Delay_ms
    main.o(i.List_task) refers to list.o(i.uxListRemove) for uxListRemove
    main.o(i.List_task) refers to list.o(i.vListInsertEnd) for vListInsertEnd
    main.o(i.List_task) refers to main.o(i.gpio_pin_toggle) for gpio_pin_toggle
    main.o(i.List_task) refers to tasks.o(i.vTaskDelay) for vTaskDelay
    main.o(i.gpio_cfg_input) refers to gpio.o(i.gpio_cfg) for gpio_cfg
    main.o(i.gpio_cfg_output) refers to gpio.o(i.gpio_cfg) for gpio_cfg
    main.o(i.main) refers to sysctrl.o(i.Change_Ahb_System_Clk) for Change_Ahb_System_Clk
    main.o(i.main) refers to main.o(i.Init_Default_Pin_Mux) for Init_Default_Pin_Mux
    main.o(i.main) refers to retarget_drv_keil.o(i.console_drv_init) for console_drv_init
    main.o(i.main) refers to main.o(i.Comm_Subsystem_Disable_LDO_Mode) for Comm_Subsystem_Disable_LDO_Mode
    main.o(i.main) refers to main.o(i.LED_init) for LED_init
    main.o(i.main) refers to tasks.o(i.xTaskCreate) for xTaskCreate
    main.o(i.main) refers to tasks.o(i.vTaskStartScheduler) for vTaskStartScheduler
    main.o(i.main) refers to main.o(.data) for LED0_task_handle
    main.o(i.main) refers to main.o(i.LED0_task) for LED0_task
    main.o(i.main) refers to main.o(i.List_task) for List_task
    system_cm3_mcu.o(i.Rco40k_Analog_Calibration) refers to sysctrl.o(.data) for Delay_ms
    system_cm3_mcu.o(i.SystemCoreClockUpdate) refers to system_cm3_mcu.o(.data) for SystemCoreClock
    system_cm3_mcu.o(i.SystemFrequencyUpdate) refers to sysctrl.o(i.Get_Ahb_System_Clk) for Get_Ahb_System_Clk
    system_cm3_mcu.o(i.SystemFrequencyUpdate) refers to system_cm3_mcu.o(.data) for SystemFrequency
    system_cm3_mcu.o(i.SystemInit) refers to system_cm3_mcu.o(i.SystemPmuUpdateDig) for SystemPmuUpdateDig
    system_cm3_mcu.o(i.SystemInit) refers to system_cm3_mcu.o(i.SystemPmuUpdateDcdc) for SystemPmuUpdateDcdc
    system_cm3_mcu.o(i.SystemInit) refers to mp_sector.o(i.MpSectorInit) for MpSectorInit
    system_cm3_mcu.o(i.SystemInit) refers to sysctrl.o(i.Change_Ahb_System_Clk) for Change_Ahb_System_Clk
    system_cm3_mcu.o(i.SystemInit) refers to system_cm3_mcu.o(i.SystemCoreClockUpdate) for SystemCoreClockUpdate
    system_cm3_mcu.o(i.SystemInit) refers to system_cm3_mcu.o(i.Rco40k_Analog_Calibration) for Rco40k_Analog_Calibration
    system_cm3_mcu.o(i.SystemPmuUpdateDcdc) refers to flashctl.o(i.flash_get_deviceinfo) for flash_get_deviceinfo
    system_cm3_mcu.o(i.SystemPmuUpdateDcdc) refers to system_cm3_mcu.o(i.SystemPmuSetMode) for SystemPmuSetMode
    system_cm3_mcu.o(i.SystemPmuUpdateDcdc) refers to system_cm3_mcu.o(i.Reg_Bit_Write) for Reg_Bit_Write
    system_cm3_mcu.o(i.SystemPmuUpdateDcdc) refers to system_cm3_mcu.o(.constdata) for pmu_ap_init_table_dcdc
    startup_cm3_mcu.o(RESET) refers to startup_cm3_mcu.o(STACK) for __initial_sp
    startup_cm3_mcu.o(RESET) refers to startup_cm3_mcu.o(.text) for Reset_Handler
    startup_cm3_mcu.o(RESET) refers to port.o(.emb_text) for vPortSVCHandler
    startup_cm3_mcu.o(RESET) refers to port.o(i.xPortSysTickHandler) for xPortSysTickHandler
    startup_cm3_mcu.o(RESET) refers to gpio.o(i.gpio_handler) for gpio_handler
[...]
    ../clib/microlib/init/entry.s            0x00000000   Number         0  entry8b.o ABSOLUTE
    ../clib/microlib/init/entry.s            0x00000000   Number         0  entry2.o ABSOLUTE
    ../clib/microlib/init/entry.s            0x00000000   Number         0  entry9a.o ABSOLUTE
    ../clib/microlib/init/entry.s            0x00000000   Number         0  entry9b.o ABSOLUTE
    ../clib/microlib/init/entry.s            0x00000000   Number         0  entry10a.o ABSOLUTE
    ../clib/microlib/init/entry.s            0x00000000   Number         0  entry10b.o ABSOLUTE
    ../clib/microlib/init/entry.s            0x00000000   Number         0  entry11a.o ABSOLUTE
    ../clib/microlib/init/entry.s            0x00000000   Number         0  entry.o ABSOLUTE
    ../clib/microlib/init/entry.s            0x00000000   Number         0  entry5.o ABSOLUTE
    ../clib/microlib/init/entry.s            0x00000000   Number         0  entry11b.o ABSOLUTE
    ../clib/microlib/init/entry.s            0x00000000   Number         0  entry7a.o ABSOLUTE
    ../clib/microlib/init/entry.s            0x00000000   Number         0  entry7b.o ABSOLUTE
    ../clib/microlib/init/entry.s            0x00000000   Number         0  entry8a.o ABSOLUTE
    ../clib/microlib/longlong.c              0x00000000   Number         0  llsshr.o ABSOLUTE
    ../clib/microlib/longlong.c              0x00000000   Number         0  llshl.o ABSOLUTE
    ../clib/microlib/longlong.c              0x00000000   Number         0  llushr.o ABSOLUTE
    ../clib/microlib/printf/printf.c         0x00000000   Number         0  printf8.o ABSOLUTE
    ../clib/microlib/printf/printf.c         0x00000000   Number         0  printfa.o ABSOLUTE
    ../clib/microlib/printf/printf.c         0x00000000   Number         0  printf5.o ABSOLUTE
    ../clib/microlib/printf/printf.c         0x00000000   Number         0  printfb.o ABSOLUTE
    ../clib/microlib/printf/printf.c         0x00000000   Number         0  printf6.o ABSOLUTE
    ../clib/microlib/printf/printf.c         0x00000000   Number         0  printf4.o ABSOLUTE
    ../clib/microlib/printf/printf.c         0x00000000   Number         0  printf0.o ABSOLUTE
    ../clib/microlib/printf/printf.c         0x00000000   Number         0  printf1.o ABSOLUTE
    ../clib/microlib/printf/printf.c         0x00000000   Number         0  printf2.o ABSOLUTE
    ../clib/microlib/printf/printf.c         0x00000000   Number         0  printf3.o ABSOLUTE
    ../clib/microlib/printf/printf.c         0x00000000   Number         0  printf7.o ABSOLUTE
    ../clib/microlib/printf/stubs.s          0x00000000   Number         0  stubs.o ABSOLUTE
    ../clib/microlib/stdio/streams.c         0x00000000   Number         0  stdout.o ABSOLUTE
    ../clib/microlib/string/memcpy.c         0x00000000   Number         0  memcpyb.o ABSOLUTE
    ../clib/microlib/string/memcpy.c         0x00000000   Number         0  memcpya.o ABSOLUTE
    ../clib/microlib/string/memset.c         0x00000000   Number         0  memseta.o ABSOLUTE
    ../clib/microlib/string/strcpy.c         0x00000000   Number         0  strcpy.o ABSOLUTE
    ../clib/microlib/string/strlen.c         0x00000000   Number         0  strlen.o ABSOLUTE
    ../clib/microlib/stubs.s                 0x00000000   Number         0  iusefp.o ABSOLUTE
    ../fplib/microlib/fpadd.c                0x00000000   Number         0  dadd.o ABSOLUTE
    ../fplib/microlib/fpdiv.c                0x00000000   Number         0  ddiv.o ABSOLUTE
    ../fplib/microlib/fpepilogue.c           0x00000000   Number         0  depilogue.o ABSOLUTE
    ../fplib/microlib/fpfix.c                0x00000000   Number         0  dfixul.o ABSOLUTE
    ../fplib/microlib/fpmul.c                0x00000000   Number         0  dmul.o ABSOLUTE
    ..\..\..\..\Library\RT58x\PHY\rf_mcu_ahb.c 0x00000000   Number         0  rf_mcu_ahb.o ABSOLUTE
    ..\\..\\..\\..\\Library\\RT58x\\PHY\\rf_mcu_ahb.c 0x00000000   Number         0  rf_mcu_ahb.o ABSOLUTE
    FreeRTOS\Source\croutine.c               0x00000000   Number         0  croutine.o ABSOLUTE
    FreeRTOS\Source\event_groups.c           0x00000000   Number         0  event_groups.o ABSOLUTE
    FreeRTOS\Source\list.c                   0x00000000   Number         0  list.o ABSOLUTE
    FreeRTOS\Source\portable\MemMang\heap_4.c 0x00000000   Number         0  heap_4.o ABSOLUTE
    FreeRTOS\Source\portable\RVDS\ARM_CM3\port.c 0x00000000   Number         0  port.o ABSOLUTE
    FreeRTOS\Source\queue.c                  0x00000000   Number         0  queue.o ABSOLUTE
    FreeRTOS\Source\tasks.c                  0x00000000   Number         0  tasks.o ABSOLUTE
    FreeRTOS\Source\timers.c                 0x00000000   Number         0  timers.o ABSOLUTE
    FreeRTOS\\Source\\portable\\RVDS\\ARM_CM3\\port.c 0x00000000   Number         0  port.o ABSOLUTE
    Library\RT58x\Device\ARM\startup_cm3_mcu.s 0x00000000   Number         0  startup_cm3_mcu.o ABSOLUTE
    Library\RT58x\Device\system_cm3_mcu.c    0x00000000   Number         0  system_cm3_mcu.o ABSOLUTE
    Library\RT58x\Peripheral\dma.c           0x00000000   Number         0  dma.o ABSOLUTE
    Library\RT58x\Peripheral\flashctl.c      0x00000000   Number         0  flashctl.o ABSOLUTE
    Library\RT58x\Peripheral\gpio.c          0x00000000   Number         0  gpio.o ABSOLUTE
    Library\RT58x\Peripheral\lpm.c           0x00000000   Number         0  lpm.o ABSOLUTE
    Library\RT58x\Peripheral\mp_sector.c     0x00000000   Number         0  mp_sector.o ABSOLUTE
    Library\RT58x\Peripheral\retarget_drv_keil.c 0x00000000   Number         0  retarget_drv_keil.o ABSOLUTE
    Library\RT58x\Peripheral\sysctrl.c       0x00000000   Number         0  sysctrl.o ABSOLUTE
    Library\RT58x\Peripheral\sysfun.c        0x00000000   Number         0  sysfun.o ABSOLUTE
    Library\RT58x\Peripheral\timer.c         0x00000000   Number         0  timer.o ABSOLUTE
    Library\RT58x\Peripheral\uart_drv.c      0x00000000   Number         0  uart_drv.o ABSOLUTE
    Library\\RT58x\\Device\\system_cm3_mcu.c 0x00000000   Number         0  system_cm3_mcu.o ABSOLUTE
    Library\\RT58x\\Peripheral\\dma.c        0x00000000   Number         0  dma.o ABSOLUTE
    Library\\RT58x\\Peripheral\\flashctl.c   0x00000000   Number         0  flashctl.o ABSOLUTE
    Library\\RT58x\\Peripheral\\gpio.c       0x00000000   Number         0  gpio.o ABSOLUTE
    Library\\RT58x\\Peripheral\\lpm.c        0x00000000   Number         0  lpm.o ABSOLUTE
    Library\\RT58x\\Peripheral\\mp_sector.c  0x00000000   Number         0  mp_sector.o ABSOLUTE
    Library\\RT58x\\Peripheral\\retarget_drv_keil.c 0x00000000   Number         0  retarget_drv_keil.o ABSOLUTE
    Library\\RT58x\\Peripheral\\sysctrl.c    0x00000000   Number         0  sysctrl.o ABSOLUTE
    Library\\RT58x\\Peripheral\\sysfun.c     0x00000000   Number         0  sysfun.o ABSOLUTE
    Library\\RT58x\\Peripheral\\timer.c      0x00000000   Number         0  timer.o ABSOLUTE
    Library\\RT58x\\Peripheral\\uart_drv.c   0x00000000   Number         0  uart_drv.o ABSOLUTE
    cdrcmple.s                               0x00000000   Number         0  cdrcmple.o ABSOLUTE
    dc.s                                     0x00000000   Number         0  dc.o ABSOLUTE
    handlers.s                               0x00000000   Number         0  handlers.o ABSOLUTE
    init.s                                   0x00000000   Number         0  init.o ABSOLUTE
    main.c                                   0x00000000   Number         0  main.o ABSOLUTE
    main.c                                   0x00000000   Number         0  main.o ABSOLUTE
    RESET                                    0x00008000   Section      196  startup_cm3_mcu.o(RESET)
    .ARM.Collect$$$$00000000                 0x000080c4   Section        0  entry.o(.ARM.Collect$$$$00000000)
    .ARM.Collect$$$$00000001                 0x000080c4   Section        4  entry2.o(.ARM.Collect$$$$00000001)
    .ARM.Collect$$$$00000004                 0x000080c8   Section        4  entry5.o(.ARM.Collect$$$$00000004)
    .ARM.Collect$$$$00000008                 0x000080cc   Section        0  entry7b.o(.ARM.Collect$$$$00000008)
    .ARM.Collect$$$$0000000A                 0x000080cc   Section        0  entry8b.o(.ARM.Collect$$$$0000000A)
    .ARM.Collect$$$$0000000B                 0x000080cc   Section        8  entry9a.o(.ARM.Collect$$$$0000000B)
    .ARM.Collect$$$$0000000D                 0x000080d4   Section        0  entry10a.o(.ARM.Collect$$$$0000000D)
    .ARM.Collect$$$$0000000F                 0x000080d4   Section        0  entry11a.o(.ARM.Collect$$$$0000000F)
    .ARM.Collect$$$$00002712                 0x000080d4   Section        4  entry2.o(.ARM.Collect$$$$00002712)
    __lit__00000000                          0x000080d4   Data           4  entry2.o(.ARM.Collect$$$$00002712)
    .emb_text                                0x000080d8   Section      150  port.o(.emb_text)
    .text                                    0x00008170   Section       36  startup_cm3_mcu.o(.text)
    .text                                    0x00008194   Section        0  memcpya.o(.text)
    .text                                    0x000081b8   Section        0  memseta.o(.text)
    .text                                    0x000081dc   Section        0  uldiv.o(.text)
    .text                                    0x00008240   Section       36  init.o(.text)
    .text                                    0x00008264   Section        0  llshl.o(.text)
    .text                                    0x00008282   Section        0  llushr.o(.text)
    i.Change_Ahb_System_Clk                  0x000082a4   Section        0  sysctrl.o(i.Change_Ahb_System_Clk)
    i.Comm_Subsystem_Disable_LDO_Mode        0x00008584   Section        0  main.o(i.Comm_Subsystem_Disable_LDO_Mode)
    i.Delay_Init                             0x000085ac   Section        0  sysctrl.o(i.Delay_Init)
    i.Delay_ms_32MHz                         0x00008610   Section        0  sysctrl.o(i.Delay_ms_32MHz)
    Delay_ms_32MHz                           0x00008611   Thumb Code    86  sysctrl.o(i.Delay_ms_32MHz)
    i.Delay_ms_48MHz                         0x0000866c   Section        0  sysctrl.o(i.Delay_ms_48MHz)
    Delay_ms_48MHz                           0x0000866d   Thumb Code   116  sysctrl.o(i.Delay_ms_48MHz)
    i.Delay_ms_64MHz                         0x000086e4   Section        0  sysctrl.o(i.Delay_ms_64MHz)
    Delay_ms_64MHz                           0x000086e5   Thumb Code   144  sysctrl.o(i.Delay_ms_64MHz)
    i.Delay_us_32MHz                         0x00008778   Section        0  sysctrl.o(i.Delay_us_32MHz)
    Delay_us_32MHz                           0x00008779   Thumb Code    68  sysctrl.o(i.Delay_us_32MHz)
    i.Delay_us_48MHz                         0x000087bc   Section        0  sysctrl.o(i.Delay_us_48MHz)
    Delay_us_48MHz                           0x000087bd   Thumb Code   100  sysctrl.o(i.Delay_us_48MHz)
    i.Delay_us_64MHz                         0x00008820   Section        0  sysctrl.o(i.Delay_us_64MHz)
    Delay_us_64MHz                           0x00008821   Thumb Code   132  sysctrl.o(i.Delay_us_64MHz)
    i.GetFirstValidMpId                      0x000088a4   Section        0  mp_sector.o(i.GetFirstValidMpId)
    i.GetMpSectorInfo                        0x000088d0   Section        0  mp_sector.o(i.GetMpSectorInfo)
    i.GetNextMpId                            0x00008974   Section        0  mp_sector.o(i.GetNextMpId)
    i.GetNextValidMpId                       0x00008992   Section        0  mp_sector.o(i.GetNextValidMpId)
    i.Get_Ahb_System_Clk                     0x000089ac   Section        0  sysctrl.o(i.Get_Ahb_System_Clk)
    i.Init_Default_Pin_Mux                   0x00008a0c   Section        0  main.o(i.Init_Default_Pin_Mux)
    i.Key_scan                               0x00008a3c   Section        0  main.o(i.Key_scan)
    i.LED0_task                              0x00008af4   Section        0  main.o(i.LED0_task)
    LED0_task                                0x00008af5   Thumb Code    18  main.o(i.LED0_task)
    i.LED_init                               0x00008b08   Section        0  main.o(i.LED_init)
    i.List_task                              0x00008b44   Section        0  main.o(i.List_task)
    List_task                                0x00008b45   Thumb Code  2820  main.o(i.List_task)
    i.MpCalCrystaltrimInit                   0x00009648   Section        0  mp_sector.o(i.MpCalCrystaltrimInit)
    i.MpCalDcdcInit                          0x00009678   Section        0  mp_sector.o(i.MpCalDcdcInit)
    i.MpCalIoldoInit                         0x000096dc   Section        0  mp_sector.o(i.MpCalIoldoInit)
    i.MpCalLldoInit                          0x00009740   Section        0  mp_sector.o(i.MpCalLldoInit)
    i.MpCalPowerfailInit                     0x000097a4   Section        0  mp_sector.o(i.MpCalPowerfailInit)
    i.MpCalSioldoInit                        0x000097e8   Section        0  mp_sector.o(i.MpCalSioldoInit)
    i.MpCalSldoInit                          0x0000984c   Section        0  mp_sector.o(i.MpCalSldoInit)
    i.MpCalibrationInit                      0x000098b0   Section        0  mp_sector.o(i.MpCalibrationInit)
    i.MpSectorInit                           0x00009934   Section        0  mp_sector.o(i.MpSectorInit)
    i.OtpAdcRangeCheck                       0x00009a08   Section        0  mp_sector.o(i.OtpAdcRangeCheck)
    i.OtpLoadAdcValue                        0x00009a82   Section        0  mp_sector.o(i.OtpLoadAdcValue)
    i.OtpLoadPmuValue                        0x00009a98   Section        0  mp_sector.o(i.OtpLoadPmuValue)
    i.OtpPmuRangeCheck                       0x00009ab0   Section        0  mp_sector.o(i.OtpPmuRangeCheck)
    i.OtpToMpAdcCal                          0x00009b48   Section        0  mp_sector.o(i.OtpToMpAdcCal)
    i.OtpToMpCalibration                     0x00009ba4   Section        0  mp_sector.o(i.OtpToMpCalibration)
    i.OtpToMpPmuMaxCheck                     0x0000b234   Section        0  mp_sector.o(i.OtpToMpPmuMaxCheck)
    i.OtpToMpVoselCal                        0x0000b26c   Section        0  mp_sector.o(i.OtpToMpVoselCal)
    i.OtpVcmTempAdcRangeCheck                0x0000b32c   Section        0  mp_sector.o(i.OtpVcmTempAdcRangeCheck)
    i.Pll_Status_Check                       0x0000b370   Section        0  sysctrl.o(i.Pll_Status_Check)
    i.Pll_Unlock_Check                       0x0000b3ec   Section        0  sysctrl.o(i.Pll_Unlock_Check)
    i.Rco40k_Analog_Calibration              0x0000b474   Section        0  system_cm3_mcu.o(i.Rco40k_Analog_Calibration)
    i.Reg_Bit_Write                          0x0000b5c8   Section        0  system_cm3_mcu.o(i.Reg_Bit_Write)
    i.RfMcu_DmaBusyCheck                     0x0000b5f4   Section        0  rf_mcu_ahb.o(i.RfMcu_DmaBusyCheck)
    i.RfMcu_HostCtrlAhb                      0x0000b610   Section        0  rf_mcu_ahb.o(i.RfMcu_HostCtrlAhb)
    i.RfMcu_HostWakeUpMcuAhb                 0x0000b620   Section        0  rf_mcu_ahb.o(i.RfMcu_HostWakeUpMcuAhb)
    i.RfMcu_MemoryGetAhb                     0x0000b638   Section        0  rf_mcu_ahb.o(i.RfMcu_MemoryGetAhb)
    i.RfMcu_MemorySetAhb                     0x0000b694   Section        0  rf_mcu_ahb.o(i.RfMcu_MemorySetAhb)
    i.RfMcu_PowerStateGetAhb                 0x0000b6f0   Section        0  rf_mcu_ahb.o(i.RfMcu_PowerStateGetAhb)
    i.SystemCoreClockUpdate                  0x0000b700   Section        0  system_cm3_mcu.o(i.SystemCoreClockUpdate)
    i.SystemFrequencyUpdate                  0x0000b718   Section        0  system_cm3_mcu.o(i.SystemFrequencyUpdate)
    i.SystemInit                             0x0000b770   Section        0  system_cm3_mcu.o(i.SystemInit)
    i.SystemPmuSetMode                       0x0000b818   Section        0  system_cm3_mcu.o(i.SystemPmuSetMode)
    i.SystemPmuUpdateDcdc                    0x0000b8b4   Section        0  system_cm3_mcu.o(i.SystemPmuUpdateDcdc)
    i.SystemPmuUpdateDig                     0x0000bc04   Section        0  system_cm3_mcu.o(i.SystemPmuUpdateDig)
    i.Timer0_Handler                         0x0000bc78   Section        0  timer.o(i.Timer0_Handler)
    i.Timer1_Handler                         0x0000bc98   Section        0  timer.o(i.Timer1_Handler)
    i.Timer2_Handler                         0x0000bcb8   Section        0  timer.o(i.Timer2_Handler)
    i.Timer3_Handler                         0x0000bcd8   Section        0  timer.o(i.Timer3_Handler)
    i.Timer4_Handler                         0x0000bcf8   Section        0  timer.o(i.Timer4_Handler)
    i.__0printf$5                            0x0000bd18   Section        0  printf5.o(i.__0printf$5)
    i.__NVIC_ClearPendingIRQ                 0x0000bd38   Section        0  uart_drv.o(i.__NVIC_ClearPendingIRQ)
    __NVIC_ClearPendingIRQ                   0x0000bd39   Thumb Code    22  uart_drv.o(i.__NVIC_ClearPendingIRQ)
    i.__NVIC_EnableIRQ                       0x0000bd54   Section        0  uart_drv.o(i.__NVIC_EnableIRQ)
    __NVIC_EnableIRQ                         0x0000bd55   Thumb Code    26  uart_drv.o(i.__NVIC_EnableIRQ)
    i.__scatterload_copy                     0x0000bd6e   Section       14  handlers.o(i.__scatterload_copy)
    i.__scatterload_null                     0x0000bd7c   Section        2  handlers.o(i.__scatterload_null)
    i.__scatterload_zeroinit                 0x0000bd7e   Section       14  handlers.o(i.__scatterload_zeroinit)
    i._printf_core                           0x0000bd8c   Section        0  printf5.o(i._printf_core)
    _printf_core                             0x0000bd8d   Thumb Code   658  printf5.o(i._printf_core)
    i.console_drv_init                       0x0000c04c   Section        0  retarget_drv_keil.o(i.console_drv_init)
    i.dma0_c0_handler                        0x0000c0d8   Section        0  dma.o(i.dma0_c0_handler)
    i.dma0_c1_handler                        0x0000c0e2   Section        0  dma.o(i.dma0_c1_handler)
    i.dma0_c2_handler                        0x0000c0ec   Section        0  dma.o(i.dma0_c2_handler)
    i.dma0_c3_handler                        0x0000c0f6   Section        0  dma.o(i.dma0_c3_handler)
    i.dma_isr_handle                         0x0000c100   Section        0  dma.o(i.dma_isr_handle)
    dma_isr_handle                           0x0000c101   Thumb Code    50  dma.o(i.dma_isr_handle)
    i.enable_perclk                          0x0000c13c   Section        0  sysctrl.o(i.enable_perclk)
    i.enter_critical_section                 0x0000c15c   Section        0  sysfun.o(i.enter_critical_section)
    i.flash_check_busy                       0x0000c180   Section        0  flashctl.o(i.flash_check_busy)
    flash_check_busy                         0x0000c181   Thumb Code    10  flashctl.o(i.flash_check_busy)
    i.flash_get_deviceinfo                   0x0000c190   Section        0  flashctl.o(i.flash_get_deviceinfo)
    i.flash_read_otp_sec_page                0x0000c19c   Section        0  flashctl.o(i.flash_read_otp_sec_page)
    i.flash_read_otp_sec_register            0x0000c1f0   Section        0  flashctl.o(i.flash_read_otp_sec_register)
    flash_read_otp_sec_register              0x0000c1f1   Thumb Code    60  flashctl.o(i.flash_read_otp_sec_register)
    i.flash_set_timing                       0x0000c234   Section        0  flashctl.o(i.flash_set_timing)
    i.flash_timing_init                      0x0000c24c   Section        0  flashctl.o(i.flash_timing_init)
    i.fputc                                  0x0000c2d6   Section        0  retarget_drv_keil.o(i.fputc)
    i.gpio_cfg                               0x0000c2f0   Section        0  gpio.o(i.gpio_cfg)
    i.gpio_cfg_output                        0x0000c374   Section        0  main.o(i.gpio_cfg_output)
    gpio_cfg_output                          0x0000c375   Thumb Code    16  main.o(i.gpio_cfg_output)
    i.gpio_handler                           0x0000c384   Section        0  gpio.o(i.gpio_handler)
    i.gpio_pin_clear                         0x0000c3c4   Section        0  main.o(i.gpio_pin_clear)
    gpio_pin_clear                           0x0000c3c5   Thumb Code    12  main.o(i.gpio_pin_clear)
    i.gpio_pin_get                           0x0000c3d0   Section        0  main.o(i.gpio_pin_get)
    gpio_pin_get                             0x0000c3d1   Thumb Code    24  main.o(i.gpio_pin_get)
    i.gpio_pin_toggle                        0x0000c3e8   Section        0  main.o(i.gpio_pin_toggle)
    gpio_pin_toggle                          0x0000c3e9   Thumb Code    34  main.o(i.gpio_pin_toggle)
    i.leave_critical_section                 0x0000c40c   Section        0  sysfun.o(i.leave_critical_section)
    i.main                                   0x0000c438   Section        0  main.o(i.main)
    i.pin_set_mode                           0x0000c4ac   Section        0  sysctrl.o(i.pin_set_mode)
    i.pin_set_pullopt                        0x0000c4e0   Section        0  sysctrl.o(i.pin_set_pullopt)
    i.printf_callback                        0x0000c514   Section        0  retarget_drv_keil.o(i.printf_callback)
    printf_callback                          0x0000c515   Thumb Code   174  retarget_drv_keil.o(i.printf_callback)
    i.prvAddCurrentTaskToDelayedList         0x0000c5d8   Section        0  tasks.o(i.prvAddCurrentTaskToDelayedList)
    prvAddCurrentTaskToDelayedList           0x0000c5d9   Thumb Code   124  tasks.o(i.prvAddCurrentTaskToDelayedList)
    i.prvAddNewTaskToReadyList               0x0000c670   Section        0  tasks.o(i.prvAddNewTaskToReadyList)
    prvAddNewTaskToReadyList                 0x0000c671   Thumb Code   156  tasks.o(i.prvAddNewTaskToReadyList)
    i.prvCheckForValidListAndQueue           0x0000c728   Section        0  timers.o(i.prvCheckForValidListAndQueue)
    prvCheckForValidListAndQueue             0x0000c729   Thumb Code    56  timers.o(i.prvCheckForValidListAndQueue)
    i.prvCheckTasksWaitingTermination        0x0000c774   Section        0  tasks.o(i.prvCheckTasksWaitingTermination)
    prvCheckTasksWaitingTermination          0x0000c775   Thumb Code    60  tasks.o(i.prvCheckTasksWaitingTermination)
    i.prvCopyDataFromQueue                   0x0000c7bc   Section        0  queue.o(i.prvCopyDataFromQueue)
    prvCopyDataFromQueue                     0x0000c7bd   Thumb Code    42  queue.o(i.prvCopyDataFromQueue)
    i.prvCopyDataToQueue                     0x0000c7e6   Section        0  queue.o(i.prvCopyDataToQueue)
    prvCopyDataToQueue                       0x0000c7e7   Thumb Code   106  queue.o(i.prvCopyDataToQueue)
    i.prvDeleteTCB                           0x0000c850   Section        0  tasks.o(i.prvDeleteTCB)
    prvDeleteTCB                             0x0000c851   Thumb Code    18  tasks.o(i.prvDeleteTCB)
    i.prvGetNextExpireTime                   0x0000c864   Section        0  timers.o(i.prvGetNextExpireTime)
    prvGetNextExpireTime                     0x0000c865   Thumb Code    36  timers.o(i.prvGetNextExpireTime)
    i.prvHeapInit                            0x0000c88c   Section        0  heap_4.o(i.prvHeapInit)
    prvHeapInit                              0x0000c88d   Thumb Code    98  heap_4.o(i.prvHeapInit)
    i.prvIdleTask                            0x0000c908   Section        0  tasks.o(i.prvIdleTask)
    prvIdleTask                              0x0000c909   Thumb Code    36  tasks.o(i.prvIdleTask)
    i.prvInitialiseNewQueue                  0x0000c934   Section        0  queue.o(i.prvInitialiseNewQueue)
    prvInitialiseNewQueue                    0x0000c935   Thumb Code    42  queue.o(i.prvInitialiseNewQueue)
    i.prvInitialiseNewTask                   0x0000c95e   Section        0  tasks.o(i.prvInitialiseNewTask)
    prvInitialiseNewTask                     0x0000c95f   Thumb Code   152  tasks.o(i.prvInitialiseNewTask)
    i.prvInitialiseTaskLists                 0x0000c9f8   Section        0  tasks.o(i.prvInitialiseTaskLists)
    prvInitialiseTaskLists                   0x0000c9f9   Thumb Code    70  tasks.o(i.prvInitialiseTaskLists)
    i.prvInsertBlockIntoFreeList             0x0000ca60   Section        0  heap_4.o(i.prvInsertBlockIntoFreeList)
    prvInsertBlockIntoFreeList               0x0000ca61   Thumb Code    96  heap_4.o(i.prvInsertBlockIntoFreeList)
    i.prvInsertTimerInActiveList             0x0000cac8   Section        0  timers.o(i.prvInsertTimerInActiveList)
    prvInsertTimerInActiveList               0x0000cac9   Thumb Code    80  timers.o(i.prvInsertTimerInActiveList)
    i.prvIsQueueEmpty                        0x0000cb20   Section        0  queue.o(i.prvIsQueueEmpty)
    prvIsQueueEmpty                          0x0000cb21   Thumb Code    26  queue.o(i.prvIsQueueEmpty)
    i.prvIsQueueFull                         0x0000cb3a   Section        0  queue.o(i.prvIsQueueFull)
    prvIsQueueFull                           0x0000cb3b   Thumb Code    30  queue.o(i.prvIsQueueFull)
    i.prvProcessExpiredTimer                 0x0000cb58   Section        0  timers.o(i.prvProcessExpiredTimer)
    prvProcessExpiredTimer                   0x0000cb59   Thumb Code    86  timers.o(i.prvProcessExpiredTimer)
    i.prvProcessReceivedCommands             0x0000cbb4   Section        0  timers.o(i.prvProcessReceivedCommands)
    prvProcessReceivedCommands               0x0000cbb5   Thumb Code   246  timers.o(i.prvProcessReceivedCommands)
    i.prvProcessTimerOrBlockTask             0x0000ccb0   Section        0  timers.o(i.prvProcessTimerOrBlockTask)
    prvProcessTimerOrBlockTask               0x0000ccb1   Thumb Code   102  timers.o(i.prvProcessTimerOrBlockTask)
    i.prvResetNextTaskUnblockTime            0x0000cd24   Section        0  tasks.o(i.prvResetNextTaskUnblockTime)
    prvResetNextTaskUnblockTime              0x0000cd25   Thumb Code    42  tasks.o(i.prvResetNextTaskUnblockTime)
    i.prvSampleTimeNow                       0x0000cd58   Section        0  timers.o(i.prvSampleTimeNow)
    prvSampleTimeNow                         0x0000cd59   Thumb Code    40  timers.o(i.prvSampleTimeNow)
    i.prvSwitchTimerLists                    0x0000cd84   Section        0  timers.o(i.prvSwitchTimerLists)
    prvSwitchTimerLists                      0x0000cd85   Thumb Code   126  timers.o(i.prvSwitchTimerLists)
    i.prvTaskExitError                       0x0000ce0c   Section        0  port.o(i.prvTaskExitError)
    prvTaskExitError                         0x0000ce0d   Thumb Code    22  port.o(i.prvTaskExitError)
    i.prvTimerTask                           0x0000ce22   Section        0  timers.o(i.prvTimerTask)
    prvTimerTask                             0x0000ce23   Thumb Code    26  timers.o(i.prvTimerTask)
    i.prvUnlockQueue                         0x0000ce3c   Section        0  queue.o(i.prvUnlockQueue)
    prvUnlockQueue                           0x0000ce3d   Thumb Code   126  queue.o(i.prvUnlockQueue)
    i.pvPortMalloc                           0x0000cebc   Section        0  heap_4.o(i.pvPortMalloc)
    i.pxPortInitialiseStack                  0x0000cf9c   Section        0  port.o(i.pxPortInitialiseStack)
    i.uart0_handler                          0x0000cfc0   Section        0  uart_drv.o(i.uart0_handler)
    i.uart1_handler                          0x0000cfd0   Section        0  uart_drv.o(i.uart1_handler)
    i.uart2_handler                          0x0000cfe0   Section        0  uart_drv.o(i.uart2_handler)
    i.uart_init                              0x0000cff0   Section        0  uart_drv.o(i.uart_init)
    i.uart_irqhandler                        0x0000d120   Section        0  uart_drv.o(i.uart_irqhandler)
    uart_irqhandler                          0x0000d121   Thumb Code   432  uart_drv.o(i.uart_irqhandler)
    i.uart_rx                                0x0000d2d0   Section        0  uart_drv.o(i.uart_rx)
    i.uart_rx_line_int_handler               0x0000d3e8   Section        0  uart_drv.o(i.uart_rx_line_int_handler)
    uart_rx_line_int_handler                 0x0000d3e9   Thumb Code    98  uart_drv.o(i.uart_rx_line_int_handler)
    i.uart_send                              0x0000d44c   Section        0  retarget_drv_keil.o(i.uart_send)
    uart_send                                0x0000d44d   Thumb Code   120  retarget_drv_keil.o(i.uart_send)
    i.uart_tx                                0x0000d4d4   Section        0  uart_drv.o(i.uart_tx)
    i.uxListRemove                           0x0000d594   Section        0  list.o(i.uxListRemove)
    i.vApplicationIdleHook                   0x0000d5bc   Section        0  port.o(i.vApplicationIdleHook)
    i.vListInitialise                        0x0000d5e0   Section        0  list.o(i.vListInitialise)
    i.vListInitialiseItem                    0x0000d5fa   Section        0  list.o(i.vListInitialiseItem)
    i.vListInsert                            0x0000d600   Section        0  list.o(i.vListInsert)
    i.vListInsertEnd                         0x0000d634   Section        0  list.o(i.vListInsertEnd)
    i.vPortEnterCritical                     0x0000d64c   Section        0  port.o(i.vPortEnterCritical)
    i.vPortExitCritical                      0x0000d670   Section        0  port.o(i.vPortExitCritical)
    i.vPortFree                              0x0000d690   Section        0  heap_4.o(i.vPortFree)
    i.vPortSetupTimerInterrupt               0x0000d6e8   Section        0  port.o(i.vPortSetupTimerInterrupt)
    i.vQueueWaitForMessageRestricted         0x0000d710   Section        0  queue.o(i.vQueueWaitForMessageRestricted)
    i.vTaskDelay                             0x0000d75c   Section        0  tasks.o(i.vTaskDelay)
    i.vTaskInternalSetTimeOutState           0x0000d790   Section        0  tasks.o(i.vTaskInternalSetTimeOutState)
    i.vTaskMissedYield                       0x0000d7a8   Section        0  tasks.o(i.vTaskMissedYield)
    i.vTaskPlaceOnEventList                  0x0000d7b4   Section        0  tasks.o(i.vTaskPlaceOnEventList)
    i.vTaskPlaceOnEventListRestricted        0x0000d7d4   Section        0  tasks.o(i.vTaskPlaceOnEventListRestricted)
    i.vTaskStartScheduler                    0x0000d7fc   Section        0  tasks.o(i.vTaskStartScheduler)
    i.vTaskSuspendAll                        0x0000d86c   Section        0  tasks.o(i.vTaskSuspendAll)
    i.vTaskSwitchContext                     0x0000d87c   Section        0  tasks.o(i.vTaskSwitchContext)
    i.xPortStartScheduler                    0x0000d8dc   Section        0  port.o(i.xPortStartScheduler)
    i.xPortSysTickHandler                    0x0000d910   Section        0  port.o(i.xPortSysTickHandler)
    i.xQueueGenericCreate                    0x0000d948   Section        0  queue.o(i.xQueueGenericCreate)
    i.xQueueGenericReset                     0x0000d97c   Section        0  queue.o(i.xQueueGenericReset)
    i.xQueueGenericSend                      0x0000d9fc   Section        0  queue.o(i.xQueueGenericSend)
    i.xQueueGenericSendFromISR               0x0000db14   Section        0  queue.o(i.xQueueGenericSendFromISR)
    i.xQueueReceive                          0x0000dba0   Section        0  queue.o(i.xQueueReceive)
    i.xTaskCheckForTimeOut                   0x0000dca4   Section        0  tasks.o(i.xTaskCheckForTimeOut)
    i.xTaskCreate                            0x0000dd00   Section        0  tasks.o(i.xTaskCreate)
    i.xTaskGetSchedulerState                 0x0000dd60   Section        0  tasks.o(i.xTaskGetSchedulerState)
    i.xTaskGetTickCount                      0x0000dd80   Section        0  tasks.o(i.xTaskGetTickCount)
    i.xTaskIncrementTick                     0x0000dd8c   Section        0  tasks.o(i.xTaskIncrementTick)
    i.xTaskRemoveFromEventList               0x0000dea8   Section        0  tasks.o(i.xTaskRemoveFromEventList)
    i.xTaskResumeAll                         0x0000df28   Section        0  tasks.o(i.xTaskResumeAll)
    i.xTimerCreateTimerTask                  0x0000e010   Section        0  timers.o(i.xTimerCreateTimerTask)
    i.xTimerGenericCommand                   0x0000e04c   Section        0  timers.o(i.xTimerGenericCommand)
    .constdata                               0x0000e0b8   Section      216  system_cm3_mcu.o(.constdata)
    .constdata                               0x0000e190   Section       48  uart_drv.o(.constdata)
    m_uart_handle                            0x0000e190   Data          48  uart_drv.o(.constdata)
    .constdata                               0x0000e1c0   Section      416  mp_sector.o(.constdata)
    .constdata                               0x0000e360   Section       16  dma.o(.constdata)
    dma_addr                                 0x0000e360   Data          16  dma.o(.constdata)
    .data                                    0x20000000   Section       24  main.o(.data)
    key1_pressed                             0x20000008   Data           1  main.o(.data)
    key2_pressed                             0x20000009   Data           1  main.o(.data)
    key3_pressed                             0x2000000a   Data           1  main.o(.data)
    key1_tick                                0x2000000c   Data           4  main.o(.data)
    key2_tick                                0x20000010   Data           4  main.o(.data)
    key3_tick                                0x20000014   Data           4  main.o(.data)
    .data                                    0x20000018   Section        8  system_cm3_mcu.o(.data)
    .data                                    0x20000020   Section        8  retarget_drv_keil.o(.data)
    send_state                               0x20000020   Data           1  retarget_drv_keil.o(.data)
    send_num                                 0x20000022   Data           2  retarget_drv_keil.o(.data)
    tempbuffer                               0x20000024   Data           4  retarget_drv_keil.o(.data)
    .data                                    0x20000028   Section       33  mp_sector.o(.data)
    .data                                    0x2000004c   Section        8  sysctrl.o(.data)
    .data                                    0x20000054   Section        4  sysfun.o(.data)
    critical_counter                         0x20000054   Data           4  sysfun.o(.data)
    .data                                    0x20000058   Section       60  tasks.o(.data)
    pxDelayedTaskList                        0x2000005c   Data           4  tasks.o(.data)
    pxOverflowDelayedTaskList                0x20000060   Data           4  tasks.o(.data)
    uxDeletedTasksWaitingCleanUp             0x20000064   Data           4  tasks.o(.data)
    uxCurrentNumberOfTasks                   0x20000068   Data           4  tasks.o(.data)
    xTickCount                               0x2000006c   Data           4  tasks.o(.data)
    uxTopReadyPriority                       0x20000070   Data           4  tasks.o(.data)
    xSchedulerRunning                        0x20000074   Data           4  tasks.o(.data)
    xPendedTicks                             0x20000078   Data           4  tasks.o(.data)
    xYieldPending                            0x2000007c   Data           4  tasks.o(.data)
    xNumOfOverflows                          0x20000080   Data           4  tasks.o(.data)
    uxTaskNumber                             0x20000084   Data           4  tasks.o(.data)
    xNextTaskUnblockTime                     0x20000088   Data           4  tasks.o(.data)
    xIdleTaskHandle                          0x2000008c   Data           4  tasks.o(.data)
    uxSchedulerSuspended                     0x20000090   Data           4  tasks.o(.data)
    .data                                    0x20000094   Section       20  timers.o(.data)
    pxCurrentTimerList                       0x20000094   Data           4  timers.o(.data)
    pxOverflowTimerList                      0x20000098   Data           4  timers.o(.data)
    xTimerQueue                              0x2000009c   Data           4  timers.o(.data)
    xTimerTaskHandle                         0x200000a0   Data           4  timers.o(.data)
    xLastTime                                0x200000a4   Data           4  timers.o(.data)
    .data                                    0x200000a8   Section       32  heap_4.o(.data)
    xStart                                   0x200000a8   Data           8  heap_4.o(.data)
    pxEnd                                    0x200000b0   Data           4  heap_4.o(.data)
    xFreeBytesRemaining                      0x200000b4   Data           4  heap_4.o(.data)
    xMinimumEverFreeBytesRemaining           0x200000b8   Data           4  heap_4.o(.data)
    xNumberOfSuccessfulAllocations           0x200000bc   Data           4  heap_4.o(.data)
    xNumberOfSuccessfulFrees                 0x200000c0   Data           4  heap_4.o(.data)
    xBlockAllocatedBit                       0x200000c4   Data           4  heap_4.o(.data)
    .data                                    0x200000c8   Section        4  port.o(.data)
    uxCriticalNesting                        0x200000c8   Data           4  port.o(.data)
    .data                                    0x200000cc   Section        4  stdout.o(.data)
    .bss                                     0x200000d0   Section     1080  main.o(.bss)
    .bss                                     0x20000508   Section      408  retarget_drv_keil.o(.bss)
    sendbuf                                  0x20000508   Data          12  retarget_drv_keil.o(.bss)
    recvbuf                                  0x20000514   Data          12  retarget_drv_keil.o(.bss)
    send_buf                                 0x20000520   Data         256  retarget_drv_keil.o(.bss)
    recv_buf                                 0x20000620   Data         128  retarget_drv_keil.o(.bss)
    .bss                                     0x200006a0   Section       40  timer.o(.bss)
    timer_cfg                                0x200006a0   Data          40  timer.o(.bss)
    .bss                                     0x200006c8   Section      180  uart_drv.o(.bss)
    uart0_info                               0x200006c8   Data          60  uart_drv.o(.bss)
    uart1_info                               0x20000704   Data          60  uart_drv.o(.bss)
    uart2_info                               0x20000740   Data          60  uart_drv.o(.bss)
    .bss                                     0x2000077c   Section      672  mp_sector.o(.bss)
    otp_cal                                  0x2000077c   Data         416  mp_sector.o(.bss)
    otp_rd_buf_addr                          0x2000091c   Data         256  mp_sector.o(.bss)
    .bss                                     0x20000a1c   Section       16  dma.o(.bss)
    dma_usr_isr_cb                           0x20000a1c   Data          16  dma.o(.bss)
    .bss                                     0x20000a2c   Section      256  gpio.o(.bss)
    user_isr                                 0x20000a2c   Data         256  gpio.o(.bss)
    .bss                                     0x20000b2c   Section      200  tasks.o(.bss)
    pxReadyTasksLists                        0x20000b2c   Data         100  tasks.o(.bss)
    xDelayedTaskList1                        0x20000b90   Data          20  tasks.o(.bss)
    xDelayedTaskList2                        0x20000ba4   Data          20  tasks.o(.bss)
    xPendingReadyList                        0x20000bb8   Data          20  tasks.o(.bss)
    xTasksWaitingTermination                 0x20000bcc   Data          20  tasks.o(.bss)
    xSuspendedTaskList                       0x20000be0   Data          20  tasks.o(.bss)
    .bss                                     0x20000bf4   Section       40  timers.o(.bss)
    xActiveTimerList1                        0x20000bf4   Data          20  timers.o(.bss)
    xActiveTimerList2                        0x20000c08   Data          20  timers.o(.bss)
    .bss                                     0x20000c1c   Section    20480  heap_4.o(.bss)
    ucHeap                                   0x20000c1c   Data       20480  heap_4.o(.bss)
    STACK                                    0x20005c20   Section     2048  startup_cm3_mcu.o(STACK)

    Global Symbols

    Symbol Name                              Value     Ov Type        Size  Object(Section)

    BuildAttributes$$THM_ISAv4$P$D$K$B$S$PE$A:L22UL41UL21$X:L11$S22US41US21$IEEE1$IW$USESV6$~STKCKD$USESV7$~SHL$OSPACE$ROPI$EBA8$MICROLIB$REQ8$PRES8$EABIv2 0x00000000   Number         0  anon$$obj.o ABSOLUTE
    __ARM_use_no_argv                        0x00000000   Number         0  main.o ABSOLUTE
    _printf_a                                0x00000000   Number         0  stubs.o ABSOLUTE
    _printf_c                                0x00000000   Number         0  stubs.o ABSOLUTE
    _printf_charcount                        0x00000000   Number         0  stubs.o ABSOLUTE
    _printf_d                                0x00000000   Number         0  stubs.o ABSOLUTE
    _printf_e                                0x00000000   Number         0  stubs.o ABSOLUTE
    _printf_f                                0x00000000   Number         0  stubs.o ABSOLUTE
    _printf_flags                            0x00000000   Number         0  stubs.o ABSOLUTE
    _printf_fp_dec                           0x00000000   Number         0  stubs.o ABSOLUTE
    _printf_fp_hex                           0x00000000   Number         0  stubs.o ABSOLUTE
    _printf_g                                0x00000000   Number         0  stubs.o ABSOLUTE
    _printf_i                                0x00000000   Number         0  stubs.o ABSOLUTE
    _printf_int_dec                          0x00000000   Number         0  stubs.o ABSOLUTE
    _printf_l                                0x00000000   Number         0  stubs.o ABSOLUTE
    _printf_lc                               0x00000000   Number         0  stubs.o ABSOLUTE
    _printf_ll                               0x00000000   Number         0  stubs.o ABSOLUTE
    _printf_lld                              0x00000000   Number         0  stubs.o ABSOLUTE
    _printf_lli                              0x00000000   Number         0  stubs.o ABSOLUTE
    _printf_llo                              0x00000000   Number         0  stubs.o ABSOLUTE
    _printf_llu                              0x00000000   Number         0  stubs.o ABSOLUTE
    _printf_llx                              0x00000000   Number         0  stubs.o ABSOLUTE
    _printf_longlong_dec                     0x00000000   Number         0  stubs.o ABSOLUTE
    _printf_longlong_hex                     0x00000000   Number         0  stubs.o ABSOLUTE
    _printf_longlong_oct                     0x00000000   Number         0  stubs.o ABSOLUTE
    _printf_ls                               0x00000000   Number         0  stubs.o ABSOLUTE
    _printf_mbtowc                           0x00000000   Number         0  stubs.o ABSOLUTE
    _printf_n                                0x00000000   Number         0  stubs.o ABSOLUTE
    _printf_o                                0x00000000   Number         0  stubs.o ABSOLUTE
    _printf_p                                0x00000000   Number         0  stubs.o ABSOLUTE
    _printf_percent                          0x00000000   Number         0  stubs.o ABSOLUTE
    _printf_pre_padding                      0x00000000   Number         0  stubs.o ABSOLUTE
    _printf_return_value                     0x00000000   Number         0  stubs.o ABSOLUTE
    _printf_s                                0x00000000   Number         0  stubs.o ABSOLUTE
    _printf_sizespec                         0x00000000   Number         0  stubs.o ABSOLUTE
    _printf_str                              0x00000000   Number         0  stubs.o ABSOLUTE
    _printf_truncate_signed                  0x00000000   Number         0  stubs.o ABSOLUTE
    _printf_truncate_unsigned                0x00000000   Number         0  stubs.o ABSOLUTE
    _printf_u                                0x00000000   Number         0  stubs.o ABSOLUTE
    _printf_wc                               0x00000000   Number         0  stubs.o ABSOLUTE
    _printf_wctomb                           0x00000000   Number         0  stubs.o ABSOLUTE
    _printf_widthprec                        0x00000000   Number         0  stubs.o ABSOLUTE
    _printf_x                                0x00000000   Number         0  stubs.o ABSOLUTE
    __cpp_initialize__aeabi_                  - Undefined Weak Reference
    __cxa_finalize                            - Undefined Weak Reference
    __decompress                              - Undefined Weak Reference
    _clock_init                               - Undefined Weak Reference
    _microlib_exit                            - Undefined Weak Reference
    __Vectors_Size                           0x000000c4   Number         0  startup_cm3_mcu.o ABSOLUTE
    __Vectors                                0x00008000   Data           4  startup_cm3_mcu.o(RESET)
    __Vectors_End                            0x000080c4   Data           0  startup_cm3_mcu.o(RESET)
    __main                                   0x000080c5   Thumb Code     0  entry.o(.ARM.Collect$$$$00000000)
    _main_stk                                0x000080c5   Thumb Code     0  entry2.o(.ARM.Collect$$$$00000001)
    _main_scatterload                        0x000080c9   Thumb Code     0  entry5.o(.ARM.Collect$$$$00000004)
    __main_after_scatterload                 0x000080cd   Thumb Code     0  entry5.o(.ARM.Collect$$$$00000004)
    _main_clock                              0x000080cd   Thumb Code     0  entry7b.o(.ARM.Collect$$$$00000008)
    _main_cpp_init                           0x000080cd   Thumb Code     0  entry8b.o(.ARM.Collect$$$$0000000A)
    _main_init                               0x000080cd   Thumb Code     0  entry9a.o(.ARM.Collect$$$$0000000B)
    __rt_final_cpp                           0x000080d5   Thumb Code     0  entry10a.o(.ARM.Collect$$$$0000000D)
    __rt_final_exit                          0x000080d5   Thumb Code     0  entry11a.o(.ARM.Collect$$$$0000000F)
    vPortSVCHandler                          0x000080d9   Thumb Code    32  port.o(.emb_text)
    __asm___6_port_c_39a90d8d__prvStartFirstTask 0x000080fd   Thumb Code    28  port.o(.emb_text)
    xPortPendSVHandler                       0x0000811d   Thumb Code    72  port.o(.emb_text)
    vPortGetIPSR                             0x00008169   Thumb Code     6  port.o(.emb_text)
    Reset_Handler                            0x00008171   Thumb Code     8  startup_cm3_mcu.o(.text)
    NMI_Handler                              0x00008179   Thumb Code     2  startup_cm3_mcu.o(.text)
    HardFault_Handler                        0x0000817b   Thumb Code     2  startup_cm3_mcu.o(.text)
    MemManage_Handler                        0x0000817d   Thumb Code     2  startup_cm3_mcu.o(.text)
    BusFault_Handler                         0x0000817f   Thumb Code     2  startup_cm3_mcu.o(.text)
    UsageFault_Handler                       0x00008181   Thumb Code     2  startup_cm3_mcu.o(.text)
    SVC_Handler                              0x00008183   Thumb Code     2  startup_cm3_mcu.o(.text)
    DebugMon_Handler                         0x00008185   Thumb Code     2  startup_cm3_mcu.o(.text)
    PendSV_Handler                           0x00008187   Thumb Code     2  startup_cm3_mcu.o(.text)
    SysTick_Handler                          0x00008189   Thumb Code     2  startup_cm3_mcu.o(.text)
    Comp_Handler                             0x0000818b   Thumb Code     0  startup_cm3_mcu.o(.text)
    I2s_Handler                              0x0000818b   Thumb Code     0  startup_cm3_mcu.o(.text)
    Pwm0_Handler                             0x0000818b   Thumb Code     0  startup_cm3_mcu.o(.text)
    Pwm1_Handler                             0x0000818b   Thumb Code     0  startup_cm3_mcu.o(.text)
    Pwm2_Handler                             0x0000818b   Thumb Code     0  startup_cm3_mcu.o(.text)
    Pwm3_Handler                             0x0000818b   Thumb Code     0  startup_cm3_mcu.o(.text)
    Pwm4_Handler                             0x0000818b   Thumb Code     0  startup_cm3_mcu.o(.text)
    Sadc_Handler                             0x0000818b   Thumb Code     0  startup_cm3_mcu.o(.text)
    Sw_Handler                               0x0000818b   Thumb Code     0  startup_cm3_mcu.o(.text)
    Wdt_Handler                              0x0000818b   Thumb Code     0  startup_cm3_mcu.o(.text)
    bod_handler                              0x0000818b   Thumb Code     0  startup_cm3_mcu.o(.text)
    commsubsystem_handler                    0x0000818b   Thumb Code     0  startup_cm3_mcu.o(.text)
    crypto_handler                           0x0000818b   Thumb Code     0  startup_cm3_mcu.o(.text)
    dma1_c2_handler                          0x0000818b   Thumb Code     0  startup_cm3_mcu.o(.text)
    flashctl_handler                         0x0000818b   Thumb Code     0  startup_cm3_mcu.o(.text)
    i2cm_handler                             0x0000818b   Thumb Code     0  startup_cm3_mcu.o(.text)
    qspi0_handler                            0x0000818b   Thumb Code     0  startup_cm3_mcu.o(.text)
    qspi1_handler                            0x0000818b   Thumb Code     0  startup_cm3_mcu.o(.text)
    rtc_handler                              0x0000818b   Thumb Code     0  startup_cm3_mcu.o(.text)
    trng_handler                             0x0000818b   Thumb Code     0  startup_cm3_mcu.o(.text)
    __aeabi_memcpy                           0x00008195   Thumb Code    36  memcpya.o(.text)
    __aeabi_memcpy4                          0x00008195   Thumb Code     0  memcpya.o(.text)
    __aeabi_memcpy8                          0x00008195   Thumb Code     0  memcpya.o(.text)
    __aeabi_memset                           0x000081b9   Thumb Code    14  memseta.o(.text)
    __aeabi_memset4                          0x000081b9   Thumb Code     0  memseta.o(.text)
    __aeabi_memset8                          0x000081b9   Thumb Code     0  memseta.o(.text)
    __aeabi_memclr                           0x000081c7   Thumb Code     4  memseta.o(.text)
    __aeabi_memclr4                          0x000081c7   Thumb Code     0  memseta.o(.text)
    __aeabi_memclr8                          0x000081c7   Thumb Code     0  memseta.o(.text)
    _memset$wrapper                          0x000081cb   Thumb Code    18  memseta.o(.text)
    __aeabi_uldivmod                         0x000081dd   Thumb Code    98  uldiv.o(.text)
    __scatterload                            0x00008241   Thumb Code    28  init.o(.text)
    __scatterload_rt2                        0x00008241   Thumb Code     0  init.o(.text)
    __aeabi_llsl                             0x00008265   Thumb Code    30  llshl.o(.text)
    _ll_shift_l                              0x00008265   Thumb Code     0  llshl.o(.text)
    __aeabi_llsr                             0x00008283   Thumb Code    32  llushr.o(.text)
    _ll_ushift_r                             0x00008283   Thumb Code     0  llushr.o(.text)
    Change_Ahb_System_Clk                    0x000082a5   Thumb Code   730  sysctrl.o(i.Change_Ahb_System_Clk)
    Comm_Subsystem_Disable_LDO_Mode          0x00008585   Thumb Code    40  main.o(i.Comm_Subsystem_Disable_LDO_Mode)
    Delay_Init                               0x000085ad   Thumb Code    66  sysctrl.o(i.Delay_Init)
    GetFirstValidMpId                        0x000088a5   Thumb Code    42  mp_sector.o(i.GetFirstValidMpId)
    GetMpSectorInfo                          0x000088d1   Thumb Code   146  mp_sector.o(i.GetMpSectorInfo)
    GetNextMpId                              0x00008975   Thumb Code    30  mp_sector.o(i.GetNextMpId)
    GetNextValidMpId                         0x00008993   Thumb Code    26  mp_sector.o(i.GetNextValidMpId)
    Get_Ahb_System_Clk                       0x000089ad   Thumb Code    96  sysctrl.o(i.Get_Ahb_System_Clk)
    Init_Default_Pin_Mux                     0x00008a0d   Thumb Code    46  main.o(i.Init_Default_Pin_Mux)
    Key_scan                                 0x00008a3d   Thumb Code   160  main.o(i.Key_scan)
    LED_init                                 0x00008b09   Thumb Code    56  main.o(i.LED_init)
    MpCalCrystaltrimInit                     0x00009649   Thumb Code    42  mp_sector.o(i.MpCalCrystaltrimInit)
    MpCalDcdcInit                            0x00009679   Thumb Code    94  mp_sector.o(i.MpCalDcdcInit)
    MpCalIoldoInit                           0x000096dd   Thumb Code    94  mp_sector.o(i.MpCalIoldoInit)
    MpCalLldoInit                            0x00009741   Thumb Code    94  mp_sector.o(i.MpCalLldoInit)
    MpCalPowerfailInit                       0x000097a5   Thumb Code    62  mp_sector.o(i.MpCalPowerfailInit)
    MpCalSioldoInit                          0x000097e9   Thumb Code    94  mp_sector.o(i.MpCalSioldoInit)
    MpCalSldoInit                            0x0000984d   Thumb Code    94  mp_sector.o(i.MpCalSldoInit)
    MpCalibrationInit                        0x000098b1   Thumb Code   126  mp_sector.o(i.MpCalibrationInit)
    MpSectorInit                             0x00009935   Thumb Code   194  mp_sector.o(i.MpSectorInit)
    OtpAdcRangeCheck                         0x00009a09   Thumb Code   122  mp_sector.o(i.OtpAdcRangeCheck)
    OtpLoadAdcValue                          0x00009a83   Thumb Code    22  mp_sector.o(i.OtpLoadAdcValue)
    OtpLoadPmuValue                          0x00009a99   Thumb Code    22  mp_sector.o(i.OtpLoadPmuValue)
    OtpPmuRangeCheck                         0x00009ab1   Thumb Code   148  mp_sector.o(i.OtpPmuRangeCheck)
    OtpToMpAdcCal                            0x00009b49   Thumb Code    92  mp_sector.o(i.OtpToMpAdcCal)
    OtpToMpCalibration                       0x00009ba5   Thumb Code  5764  mp_sector.o(i.OtpToMpCalibration)
    OtpToMpPmuMaxCheck                       0x0000b235   Thumb Code    52  mp_sector.o(i.OtpToMpPmuMaxCheck)
    OtpToMpVoselCal                          0x0000b26d   Thumb Code   190  mp_sector.o(i.OtpToMpVoselCal)
    OtpVcmTempAdcRangeCheck                  0x0000b32d   Thumb Code    62  mp_sector.o(i.OtpVcmTempAdcRangeCheck)
    Pll_Status_Check                         0x0000b371   Thumb Code   120  sysctrl.o(i.Pll_Status_Check)
    Pll_Unlock_Check                         0x0000b3ed   Thumb Code   130  sysctrl.o(i.Pll_Unlock_Check)
    Rco40k_Analog_Calibration                0x0000b475   Thumb Code   326  system_cm3_mcu.o(i.Rco40k_Analog_Calibration)
    Reg_Bit_Write                            0x0000b5c9   Thumb Code    44  system_cm3_mcu.o(i.Reg_Bit_Write)
    RfMcu_DmaBusyCheck                       0x0000b5f5   Thumb Code    22  rf_mcu_ahb.o(i.RfMcu_DmaBusyCheck)
    RfMcu_HostCtrlAhb                        0x0000b611   Thumb Code    10  rf_mcu_ahb.o(i.RfMcu_HostCtrlAhb)
    RfMcu_HostWakeUpMcuAhb                   0x0000b621   Thumb Code    22  rf_mcu_ahb.o(i.RfMcu_HostWakeUpMcuAhb)
    RfMcu_MemoryGetAhb                       0x0000b639   Thumb Code    86  rf_mcu_ahb.o(i.RfMcu_MemoryGetAhb)
    RfMcu_MemorySetAhb                       0x0000b695   Thumb Code    86  rf_mcu_ahb.o(i.RfMcu_MemorySetAhb)
    RfMcu_PowerStateGetAhb                   0x0000b6f1   Thumb Code    10  rf_mcu_ahb.o(i.RfMcu_PowerStateGetAhb)
    SystemCoreClockUpdate                    0x0000b701   Thumb Code    12  system_cm3_mcu.o(i.SystemCoreClockUpdate)
    SystemFrequencyUpdate                    0x0000b719   Thumb Code    66  system_cm3_mcu.o(i.SystemFrequencyUpdate)
    SystemInit                               0x0000b771   Thumb Code   148  system_cm3_mcu.o(i.SystemInit)
    SystemPmuSetMode                         0x0000b819   Thumb Code   150  system_cm3_mcu.o(i.SystemPmuSetMode)
    SystemPmuUpdateDcdc                      0x0000b8b5   Thumb Code   826  system_cm3_mcu.o(i.SystemPmuUpdateDcdc)
    SystemPmuUpdateDig                       0x0000bc05   Thumb Code   112  system_cm3_mcu.o(i.SystemPmuUpdateDig)
    Timer0_Handler                           0x0000bc79   Thumb Code    24  timer.o(i.Timer0_Handler)
    Timer1_Handler                           0x0000bc99   Thumb Code    24  timer.o(i.Timer1_Handler)
    Timer2_Handler                           0x0000bcb9   Thumb Code    24  timer.o(i.Timer2_Handler)
    Timer3_Handler                           0x0000bcd9   Thumb Code    24  timer.o(i.Timer3_Handler)
    Timer4_Handler                           0x0000bcf9   Thumb Code    24  timer.o(i.Timer4_Handler)
    __0printf$5                              0x0000bd19   Thumb Code    22  printf5.o(i.__0printf$5)
    __1printf$5                              0x0000bd19   Thumb Code     0  printf5.o(i.__0printf$5)
    __2printf                                0x0000bd19   Thumb Code     0  printf5.o(i.__0printf$5)
    __scatterload_copy                       0x0000bd6f   Thumb Code    14  handlers.o(i.__scatterload_copy)
    __scatterload_null                       0x0000bd7d   Thumb Code     2  handlers.o(i.__scatterload_null)
    __scatterload_zeroinit                   0x0000bd7f   Thumb Code    14  handlers.o(i.__scatterload_zeroinit)
    console_drv_init                         0x0000c04d   Thumb Code   108  retarget_drv_keil.o(i.console_drv_init)
    dma0_c0_handler                          0x0000c0d9   Thumb Code    10  dma.o(i.dma0_c0_handler)
    dma0_c1_handler                          0x0000c0e3   Thumb Code    10  dma.o(i.dma0_c1_handler)
    dma0_c2_handler                          0x0000c0ed   Thumb Code    10  dma.o(i.dma0_c2_handler)
    dma0_c3_handler                          0x0000c0f7   Thumb Code    10  dma.o(i.dma0_c3_handler)
    enable_perclk                            0x0000c13d   Thumb Code    32  sysctrl.o(i.enable_perclk)
    enter_critical_section                   0x0000c15d   Thumb Code    28  sysfun.o(i.enter_critical_section)
    flash_get_deviceinfo                     0x0000c191   Thumb Code     6  flashctl.o(i.flash_get_deviceinfo)
    flash_read_otp_sec_page                  0x0000c19d   Thumb Code    80  flashctl.o(i.flash_read_otp_sec_page)
    flash_set_timing                         0x0000c235   Thumb Code    20  flashctl.o(i.flash_set_timing)
    flash_timing_init                        0x0000c24d   Thumb Code   138  flashctl.o(i.flash_timing_init)
    fputc                                    0x0000c2d7   Thumb Code    26  retarget_drv_keil.o(i.fputc)
    gpio_cfg                                 0x0000c2f1   Thumb Code   126  gpio.o(i.gpio_cfg)
    gpio_handler                             0x0000c385   Thumb Code    60  gpio.o(i.gpio_handler)
    leave_critical_section                   0x0000c40d   Thumb Code    34  sysfun.o(i.leave_critical_section)
    main                                     0x0000c439   Thumb Code    74  main.o(i.main)
    pin_set_mode                             0x0000c4ad   Thumb Code    46  sysctrl.o(i.pin_set_mode)
    pin_set_pullopt                          0x0000c4e1   Thumb Code    46  sysctrl.o(i.pin_set_pullopt)
    pvPortMalloc                             0x0000cebd   Thumb Code   198  heap_4.o(i.pvPortMalloc)
    pxPortInitialiseStack                    0x0000cf9d   Thumb Code    30  port.o(i.pxPortInitialiseStack)
    uart0_handler                            0x0000cfc1   Thumb Code    10  uart_drv.o(i.uart0_handler)
    uart1_handler                            0x0000cfd1   Thumb Code    10  uart_drv.o(i.uart1_handler)
    uart2_handler                            0x0000cfe1   Thumb Code    10  uart_drv.o(i.uart2_handler)
    uart_init                                0x0000cff1   Thumb Code   290  uart_drv.o(i.uart_init)
    uart_rx                                  0x0000d2d1   Thumb Code   276  uart_drv.o(i.uart_rx)
    uart_tx                                  0x0000d4d5   Thumb Code   188  uart_drv.o(i.uart_tx)
    uxListRemove                             0x0000d595   Thumb Code    40  list.o(i.uxListRemove)
    vApplicationIdleHook                     0x0000d5bd   Thumb Code    28  port.o(i.vApplicationIdleHook)
    vListInitialise                          0x0000d5e1   Thumb Code    26  list.o(i.vListInitialise)
    vListInitialiseItem                      0x0000d5fb   Thumb Code     6  list.o(i.vListInitialiseItem)
    vListInsert                              0x0000d601   Thumb Code    52  list.o(i.vListInsert)
    vListInsertEnd                           0x0000d635   Thumb Code    24  list.o(i.vListInsertEnd)
    vPortEnterCritical                       0x0000d64d   Thumb Code    30  port.o(i.vPortEnterCritical)
    vPortExitCritical                        0x0000d671   Thumb Code    28  port.o(i.vPortExitCritical)
    vPortFree                                0x0000d691   Thumb Code    74  heap_4.o(i.vPortFree)
    vPortSetupTimerInterrupt                 0x0000d6e9   Thumb Code    36  port.o(i.vPortSetupTimerInterrupt)
    vQueueWaitForMessageRestricted           0x0000d711   Thumb Code    74  queue.o(i.vQueueWaitForMessageRestricted)
    vTaskDelay                               0x0000d75d   Thumb Code    46  tasks.o(i.vTaskDelay)
    vTaskInternalSetTimeOutState             0x0000d791   Thumb Code    14  tasks.o(i.vTaskInternalSetTimeOutState)
    vTaskMissedYield                         0x0000d7a9   Thumb Code     8  tasks.o(i.vTaskMissedYield)
    vTaskPlaceOnEventList                    0x0000d7b5   Thumb Code    28  tasks.o(i.vTaskPlaceOnEventList)
    vTaskPlaceOnEventListRestricted          0x0000d7d5   Thumb Code    36  tasks.o(i.vTaskPlaceOnEventListRestricted)
    vTaskStartScheduler                      0x0000d7fd   Thumb Code    82  tasks.o(i.vTaskStartScheduler)
    vTaskSuspendAll                          0x0000d86d   Thumb Code    12  tasks.o(i.vTaskSuspendAll)
    vTaskSwitchContext                       0x0000d87d   Thumb Code    76  tasks.o(i.vTaskSwitchContext)
    xPortStartScheduler                      0x0000d8dd   Thumb Code    44  port.o(i.xPortStartScheduler)
    xPortSysTickHandler                      0x0000d911   Thumb Code    50  port.o(i.xPortSysTickHandler)
    xQueueGenericCreate                      0x0000d949   Thumb Code    52  queue.o(i.xQueueGenericCreate)
    xQueueGenericReset                       0x0000d97d   Thumb Code   122  queue.o(i.xQueueGenericReset)
    xQueueGenericSend                        0x0000d9fd   Thumb Code   276  queue.o(i.xQueueGenericSend)
    xQueueGenericSendFromISR                 0x0000db15   Thumb Code   138  queue.o(i.xQueueGenericSendFromISR)
    xQueueReceive                            0x0000dba1   Thumb Code   256  queue.o(i.xQueueReceive)
    xTaskCheckForTimeOut                     0x0000dca5   Thumb Code    84  tasks.o(i.xTaskCheckForTimeOut)
    xTaskCreate                              0x0000dd01   Thumb Code    96  tasks.o(i.xTaskCreate)
    xTaskGetSchedulerState                   0x0000dd61   Thumb Code    24  tasks.o(i.xTaskGetSchedulerState)
    xTaskGetTickCount                        0x0000dd81   Thumb Code     6  tasks.o(i.xTaskGetTickCount)
    xTaskIncrementTick                       0x0000dd8d   Thumb Code   238  tasks.o(i.xTaskIncrementTick)
    xTaskRemoveFromEventList                 0x0000dea9   Thumb Code   104  tasks.o(i.xTaskRemoveFromEventList)
    xTaskResumeAll                           0x0000df29   Thumb Code   196  tasks.o(i.xTaskResumeAll)
    xTimerCreateTimerTask                    0x0000e011   Thumb Code    40  timers.o(i.xTimerCreateTimerTask)
    xTimerGenericCommand                     0x0000e04d   Thumb Code   102  timers.o(i.xTimerGenericCommand)
    pmu_ap_init_table_dcdc                   0x0000e0b8   Data          36  system_cm3_mcu.o(.constdata)
    pmu_mp_init_table_dcdc                   0x0000e0dc   Data         180  system_cm3_mcu.o(.constdata)
    otp_cal_t                                0x0000e1c0   Data         416  mp_sector.o(.constdata)
    Region$$Table$$Base                      0x0000e370   Number         0  anon$$obj.o(Region$$Table)
    Region$$Table$$Limit                     0x0000e390   Number         0  anon$$obj.o(Region$$Table)
    LED0_task_handle                         0x20000000   Data           4  main.o(.data)
    List_task_handle                         0x20000004   Data           4  main.o(.data)
    SystemFrequency                          0x20000018   Data           4  system_cm3_mcu.o(.data)
    SystemCoreClock                          0x2000001c   Data           4  system_cm3_mcu.o(.data)
    mp_cal_vbatadc_flag                      0x20000028   Data           1  mp_sector.o(.data)
    mp_cal_vbatadc_v1                        0x2000002a   Data           2  mp_sector.o(.data)
    mp_cal_vbatadc_adc1                      0x2000002c   Data           2  mp_sector.o(.data)
    mp_cal_vbatadc_v2                        0x2000002e   Data           2  mp_sector.o(.data)
    mp_cal_vbatadc_adc2                      0x20000030   Data           2  mp_sector.o(.data)
    mp_cal_aioadc_flag                       0x20000032   Data           1  mp_sector.o(.data)
    mp_cal_aioadc_v1                         0x20000034   Data           2  mp_sector.o(.data)
    mp_cal_aioadc_adc1                       0x20000036   Data           2  mp_sector.o(.data)
    mp_cal_aioadc_v2                         0x20000038   Data           2  mp_sector.o(.data)
    mp_cal_aioadc_adc2                       0x2000003a   Data           2  mp_sector.o(.data)
    mp_cal_vcmadc_flag                       0x2000003c   Data           1  mp_sector.o(.data)
    mp_cal_vcmadc_enable                     0x2000003d   Data           1  mp_sector.o(.data)
    mp_cal_vcmadc_adc1                       0x2000003e   Data           2  mp_sector.o(.data)
    mp_cal_tempadc_flag                      0x20000040   Data           1  mp_sector.o(.data)
    mp_cal_tempadc_adc1                      0x20000042   Data           2  mp_sector.o(.data)
    mp_cal_tempk_flag                        0x20000044   Data           1  mp_sector.o(.data)
    mp_cal_tempk_value                       0x20000046   Data           2  mp_sector.o(.data)
    mp_sector_valid                          0x20000048   Data           1  mp_sector.o(.data)
    Delay_us                                 0x2000004c   Data           4  sysctrl.o(.data)
    Delay_ms                                 0x20000050   Data           4  sysctrl.o(.data)
    pxCurrentTCB                             0x20000058   Data           4  tasks.o(.data)
    __stdout                                 0x200000cc   Data           4  stdout.o(.data)
    TestList                                 0x200000d0   Data          20  main.o(.bss)
    ListItem1                                0x200000e4   Data          20  main.o(.bss)
    ListItem2                                0x200000f8   Data          20  main.o(.bss)
    ListItem3                                0x2000010c   Data          20  main.o(.bss)
    InfoBuffer                               0x20000120   Data        1000  main.o(.bss)
    __initial_sp                             0x20006420   Data           0  startup_cm3_mcu.o(STACK)



==============================================================================

Memory Map of the image

  Image Entry point : 0x000080c5

  Load Region LR_IROM1 (Base: 0x00008000, Size: 0x00006460, Max: 0x00074000, ABSOLUTE)

    Execution Region ER_IROM1 (Exec base: 0x00008000, Load base: 0x00008000, Size: 0x00006390, Max: 0x00074000, ABSOLUTE)

    Exec Addr    Load Addr    Size         Type   Attr      Idx    E Section Name        Object

    0x00008000   0x00008000   0x000000c4   Data   RO          414    RESET               startup_cm3_mcu.o
    0x000080c4   0x000080c4   0x00000000   Code   RO         2741  * .ARM.Collect$$$$00000000  mc_w.l(entry.o)
    0x000080c4   0x000080c4   0x00000004   Code   RO         3015    .ARM.Collect$$$$00000001  mc_w.l(entry2.o)
    0x000080c8   0x000080c8   0x00000004   Code   RO         3018    .ARM.Collect$$$$00000004  mc_w.l(entry5.o)
    0x000080cc   0x000080cc   0x00000000   Code   RO         3020    .ARM.Collect$$$$00000008  mc_w.l(entry7b.o)
    0x000080cc   0x000080cc   0x00000000   Code   RO         3022    .ARM.Collect$$$$0000000A  mc_w.l(entry8b.o)
    0x000080cc   0x000080cc   0x00000008   Code   RO         3023    .ARM.Collect$$$$0000000B  mc_w.l(entry9a.o)
    0x000080d4   0x000080d4   0x00000000   Code   RO         3025    .ARM.Collect$$$$0000000D  mc_w.l(entry10a.o)
    0x000080d4   0x000080d4   0x00000000   Code   RO         3027    .ARM.Collect$$$$0000000F  mc_w.l(entry11a.o)
    0x000080d4   0x000080d4   0x00000004   Code   RO         3016    .ARM.Collect$$$$00002712  mc_w.l(entry2.o)
    0x000080d8   0x000080d8   0x00000096   Code   RO         2595    .emb_text           port.o
    0x0000816e   0x0000816e   0x00000002   PAD
    0x00008170   0x00008170   0x00000024   Code   RO          415    .text               startup_cm3_mcu.o
    0x00008194   0x00008194   0x00000024   Code   RO         2744    .text               mc_w.l(memcpya.o)
    0x000081b8   0x000081b8   0x00000024   Code   RO         2746    .text               mc_w.l(memseta.o)
    0x000081dc   0x000081dc   0x00000062   Code   RO         3032    .text               mc_w.l(uldiv.o)
    0x0000823e   0x0000823e   0x00000002   PAD
    0x00008240   0x00008240   0x00000024   Code   RO         3045    .text               mc_w.l(init.o)
    0x00008264   0x00008264   0x0000001e   Code   RO         3047    .text               mc_w.l(llshl.o)
    0x00008282   0x00008282   0x00000020   Code   RO         3049    .text               mc_w.l(llushr.o)
    0x000082a2   0x000082a2   0x00000002   PAD
    0x000082a4   0x000082a4   0x000002e0   Code   RO         1498    i.Change_Ahb_System_Clk  sysctrl.o
    0x00008584   0x00008584   0x00000028   Code   RO            4    i.Comm_Subsystem_Disable_LDO_Mode  main.o
    0x000085ac   0x000085ac   0x00000064   Code   RO         1499    i.Delay_Init        sysctrl.o
    0x00008610   0x00008610   0x0000005c   Code   RO         1500    i.Delay_ms_32MHz    sysctrl.o
    0x0000866c   0x0000866c   0x00000078   Code   RO         1501    i.Delay_ms_48MHz    sysctrl.o
    0x000086e4   0x000086e4   0x00000094   Code   RO         1502    i.Delay_ms_64MHz    sysctrl.o
    0x00008778   0x00008778   0x00000044   Code   RO         1503    i.Delay_us_32MHz    sysctrl.o
    0x000087bc   0x000087bc   0x00000064   Code   RO         1504    i.Delay_us_48MHz    sysctrl.o
    0x00008820   0x00008820   0x00000084   Code   RO         1505    i.Delay_us_64MHz    sysctrl.o
    0x000088a4   0x000088a4   0x0000002a   Code   RO          952    i.GetFirstValidMpId  mp_sector.o
    0x000088ce   0x000088ce   0x00000002   PAD
    0x000088d0   0x000088d0   0x000000a4   Code   RO          953    i.GetMpSectorInfo   mp_sector.o
    0x00008974   0x00008974   0x0000001e   Code   RO          954    i.GetNextMpId       mp_sector.o
    0x00008992   0x00008992   0x0000001a   Code   RO          955    i.GetNextValidMpId  mp_sector.o
    0x000089ac   0x000089ac   0x00000060   Code   RO         1506    i.Get_Ahb_System_Clk  sysctrl.o
    0x00008a0c   0x00008a0c   0x0000002e   Code   RO            5    i.Init_Default_Pin_Mux  main.o
    0x00008a3a   0x00008a3a   0x00000002   PAD
    0x00008a3c   0x00008a3c   0x000000b8   Code   RO            7    i.Key_scan          main.o
    0x00008af4   0x00008af4   0x00000012   Code   RO            8    i.LED0_task         main.o
    0x00008b06   0x00008b06   0x00000002   PAD
    0x00008b08   0x00008b08   0x0000003c   Code   RO            9    i.LED_init          main.o
    0x00008b44   0x00008b44   0x00000b04   Code   RO           10    i.List_task         main.o
    0x00009648   0x00009648   0x00000030   Code   RO          961    i.MpCalCrystaltrimInit  mp_sector.o
    0x00009678   0x00009678   0x00000064   Code   RO          962    i.MpCalDcdcInit     mp_sector.o
    0x000096dc   0x000096dc   0x00000064   Code   RO          963    i.MpCalIoldoInit    mp_sector.o
    0x00009740   0x00009740   0x00000064   Code   RO          966    i.MpCalLldoInit     mp_sector.o
    0x000097a4   0x000097a4   0x00000044   Code   RO          967    i.MpCalPowerfailInit  mp_sector.o
    0x000097e8   0x000097e8   0x00000064   Code   RO          970    i.MpCalSioldoInit   mp_sector.o
    0x0000984c   0x0000984c   0x00000064   Code   RO          971    i.MpCalSldoInit     mp_sector.o
    0x000098b0   0x000098b0   0x00000084   Code   RO          979    i.MpCalibrationInit  mp_sector.o
    0x00009934   0x00009934   0x000000d4   Code   RO          980    i.MpSectorInit      mp_sector.o
    0x00009a08   0x00009a08   0x0000007a   Code   RO          982    i.OtpAdcRangeCheck  mp_sector.o
    0x00009a82   0x00009a82   0x00000016   Code   RO          983    i.OtpLoadAdcValue   mp_sector.o
    0x00009a98   0x00009a98   0x00000016   Code   RO          984    i.OtpLoadPmuValue   mp_sector.o
    0x00009aae   0x00009aae   0x00000002   PAD
    0x00009ab0   0x00009ab0   0x00000098   Code   RO          986    i.OtpPmuRangeCheck  mp_sector.o
    0x00009b48   0x00009b48   0x0000005c   Code   RO          987    i.OtpToMpAdcCal     mp_sector.o
    0x00009ba4   0x00009ba4   0x00001690   Code   RO          988    i.OtpToMpCalibration  mp_sector.o
    0x0000b234   0x0000b234   0x00000038   Code   RO          989    i.OtpToMpPmuMaxCheck  mp_sector.o
    0x0000b26c   0x0000b26c   0x000000be   Code   RO          990    i.OtpToMpVoselCal   mp_sector.o
    0x0000b32a   0x0000b32a   0x00000002   PAD
    0x0000b32c   0x0000b32c   0x00000044   Code   RO          991    i.OtpVcmTempAdcRangeCheck  mp_sector.o
    0x0000b370   0x0000b370   0x0000007c   Code   RO         1507    i.Pll_Status_Check  sysctrl.o
    0x0000b3ec   0x0000b3ec   0x00000088   Code   RO         1508    i.Pll_Unlock_Check  sysctrl.o
    0x0000b474   0x0000b474   0x00000154   Code   RO          318    i.Rco40k_Analog_Calibration  system_cm3_mcu.o
    0x0000b5c8   0x0000b5c8   0x0000002c   Code   RO          319    i.Reg_Bit_Write     system_cm3_mcu.o
    0x0000b5f4   0x0000b5f4   0x0000001c   Code   RO         2687    i.RfMcu_DmaBusyCheck  lib_rf_mcu.lib(rf_mcu_ahb.o)
    0x0000b610   0x0000b610   0x00000010   Code   RO         2691    i.RfMcu_HostCtrlAhb  lib_rf_mcu.lib(rf_mcu_ahb.o)
    0x0000b620   0x0000b620   0x00000016   Code   RO         2692    i.RfMcu_HostWakeUpMcuAhb  lib_rf_mcu.lib(rf_mcu_ahb.o)
    0x0000b636   0x0000b636   0x00000002   PAD
    0x0000b638   0x0000b638   0x0000005c   Code   RO         2701    i.RfMcu_MemoryGetAhb  lib_rf_mcu.lib(rf_mcu_ahb.o)
    0x0000b694   0x0000b694   0x0000005c   Code   RO         2702    i.RfMcu_MemorySetAhb  lib_rf_mcu.lib(rf_mcu_ahb.o)
    0x0000b6f0   0x0000b6f0   0x00000010   Code   RO         2703    i.RfMcu_PowerStateGetAhb  lib_rf_mcu.lib(rf_mcu_ahb.o)
    0x0000b700   0x0000b700   0x00000018   Code   RO          320    i.SystemCoreClockUpdate  system_cm3_mcu.o
    0x0000b718   0x0000b718   0x00000058   Code   RO          321    i.SystemFrequencyUpdate  system_cm3_mcu.o
    0x0000b770   0x0000b770   0x000000a8   Code   RO          322    i.SystemInit        system_cm3_mcu.o
    0x0000b818   0x0000b818   0x0000009c   Code   RO          323    i.SystemPmuSetMode  system_cm3_mcu.o
    0x0000b8b4   0x0000b8b4   0x00000350   Code   RO          324    i.SystemPmuUpdateDcdc  system_cm3_mcu.o
    0x0000bc04   0x0000bc04   0x00000074   Code   RO          325    i.SystemPmuUpdateDig  system_cm3_mcu.o
    0x0000bc78   0x0000bc78   0x00000020   Code   RO          673    i.Timer0_Handler    timer.o
    0x0000bc98   0x0000bc98   0x00000020   Code   RO          674    i.Timer1_Handler    timer.o
    0x0000bcb8   0x0000bcb8   0x00000020   Code   RO          675    i.Timer2_Handler    timer.o
    0x0000bcd8   0x0000bcd8   0x00000020   Code   RO          676    i.Timer3_Handler    timer.o
    0x0000bcf8   0x0000bcf8   0x00000020   Code   RO          677    i.Timer4_Handler    timer.o
    0x0000bd18   0x0000bd18   0x00000020   Code   RO         2887    i.__0printf$5       mc_w.l(printf5.o)
    0x0000bd38   0x0000bd38   0x0000001c   Code   RO          800    i.__NVIC_ClearPendingIRQ  uart_drv.o
    0x0000bd54   0x0000bd54   0x0000001a   Code   RO          801    i.__NVIC_EnableIRQ  uart_drv.o
    0x0000bd6e   0x0000bd6e   0x0000000e   Code   RO         3057    i.__scatterload_copy  mc_w.l(handlers.o)
    0x0000bd7c   0x0000bd7c   0x00000002   Code   RO         3058    i.__scatterload_null  mc_w.l(handlers.o)
    0x0000bd7e   0x0000bd7e   0x0000000e   Code   RO         3059    i.__scatterload_zeroinit  mc_w.l(handlers.o)
    0x0000bd8c   0x0000bd8c   0x000002c0   Code   RO         2894    i._printf_core      mc_w.l(printf5.o)
    0x0000c04c   0x0000c04c   0x0000008c   Code   RO          592    i.console_drv_init  retarget_drv_keil.o
    0x0000c0d8   0x0000c0d8   0x0000000a   Code   RO         1353    i.dma0_c0_handler   dma.o
    0x0000c0e2   0x0000c0e2   0x0000000a   Code   RO         1354    i.dma0_c1_handler   dma.o
    0x0000c0ec   0x0000c0ec   0x0000000a   Code   RO         1355    i.dma0_c2_handler   dma.o
    0x0000c0f6   0x0000c0f6   0x0000000a   Code   RO         1356    i.dma0_c3_handler   dma.o
    0x0000c100   0x0000c100   0x0000003c   Code   RO         1363    i.dma_isr_handle    dma.o
    0x0000c13c   0x0000c13c   0x00000020   Code   RO         1511    i.enable_perclk     sysctrl.o
    0x0000c15c   0x0000c15c   0x00000024   Code   RO         1651    i.enter_critical_section  sysfun.o
    0x0000c180   0x0000c180   0x00000010   Code   RO          423    i.flash_check_busy  flashctl.o
    0x0000c190   0x0000c190   0x0000000c   Code   RO          428    i.flash_get_deviceinfo  flashctl.o
    0x0000c19c   0x0000c19c   0x00000054   Code   RO          433    i.flash_read_otp_sec_page  flashctl.o
    0x0000c1f0   0x0000c1f0   0x00000044   Code   RO          434    i.flash_read_otp_sec_register  flashctl.o
    0x0000c234   0x0000c234   0x00000018   Code   RO          439    i.flash_set_timing  flashctl.o
    0x0000c24c   0x0000c24c   0x0000008a   Code   RO          442    i.flash_timing_init  flashctl.o
    0x0000c2d6   0x0000c2d6   0x0000001a   Code   RO          595    i.fputc             retarget_drv_keil.o
    0x0000c2f0   0x0000c2f0   0x00000084   Code   RO         1460    i.gpio_cfg          gpio.o
    0x0000c374   0x0000c374   0x00000010   Code   RO           12    i.gpio_cfg_output   main.o
    0x0000c384   0x0000c384   0x00000040   Code   RO         1461    i.gpio_handler      gpio.o
    0x0000c3c4   0x0000c3c4   0x0000000c   Code   RO           14    i.gpio_pin_clear    main.o
    0x0000c3d0   0x0000c3d0   0x00000018   Code   RO           15    i.gpio_pin_get      main.o
    0x0000c3e8   0x0000c3e8   0x00000022   Code   RO           16    i.gpio_pin_toggle   main.o
    0x0000c40a   0x0000c40a   0x00000002   PAD
    0x0000c40c   0x0000c40c   0x0000002c   Code   RO         1652    i.leave_critical_section  sysfun.o
    0x0000c438   0x0000c438   0x00000074   Code   RO           17    i.main              main.o
    0x0000c4ac   0x0000c4ac   0x00000034   Code   RO         1516    i.pin_set_mode      sysctrl.o
    0x0000c4e0   0x0000c4e0   0x00000034   Code   RO         1517    i.pin_set_pullopt   sysctrl.o
    0x0000c514   0x0000c514   0x000000c4   Code   RO          596    i.printf_callback   retarget_drv_keil.o
    0x0000c5d8   0x0000c5d8   0x00000098   Code   RO         2023    i.prvAddCurrentTaskToDelayedList  tasks.o
    0x0000c670   0x0000c670   0x000000b8   Code   RO         2024    i.prvAddNewTaskToReadyList  tasks.o
    0x0000c728   0x0000c728   0x0000004c   Code   RO         2392    i.prvCheckForValidListAndQueue  timers.o
    0x0000c774   0x0000c774   0x00000048   Code   RO         2025    i.prvCheckTasksWaitingTermination  tasks.o
    0x0000c7bc   0x0000c7bc   0x0000002a   Code   RO         1859    i.prvCopyDataFromQueue  queue.o
    0x0000c7e6   0x0000c7e6   0x0000006a   Code   RO         1860    i.prvCopyDataToQueue  queue.o
    0x0000c850   0x0000c850   0x00000012   Code   RO         2026    i.prvDeleteTCB      tasks.o
    0x0000c862   0x0000c862   0x00000002   PAD
    0x0000c864   0x0000c864   0x00000028   Code   RO         2393    i.prvGetNextExpireTime  timers.o
    0x0000c88c   0x0000c88c   0x0000007c   Code   RO         2537    i.prvHeapInit       heap_4.o
    0x0000c908   0x0000c908   0x0000002c   Code   RO         2027    i.prvIdleTask       tasks.o
    0x0000c934   0x0000c934   0x0000002a   Code   RO         1861    i.prvInitialiseNewQueue  queue.o
    0x0000c95e   0x0000c95e   0x00000098   Code   RO         2028    i.prvInitialiseNewTask  tasks.o
    0x0000c9f6   0x0000c9f6   0x00000002   PAD
    0x0000c9f8   0x0000c9f8   0x00000068   Code   RO         2029    i.prvInitialiseTaskLists  tasks.o
    0x0000ca60   0x0000ca60   0x00000068   Code   RO         2538    i.prvInsertBlockIntoFreeList  heap_4.o
    0x0000cac8   0x0000cac8   0x00000058   Code   RO         2395    i.prvInsertTimerInActiveList  timers.o
    0x0000cb20   0x0000cb20   0x0000001a   Code   RO         1862    i.prvIsQueueEmpty   queue.o
    0x0000cb3a   0x0000cb3a   0x0000001e   Code   RO         1863    i.prvIsQueueFull    queue.o
    0x0000cb58   0x0000cb58   0x0000005c   Code   RO         2396    i.prvProcessExpiredTimer  timers.o
    0x0000cbb4   0x0000cbb4   0x000000fc   Code   RO         2397    i.prvProcessReceivedCommands  timers.o
    0x0000ccb0   0x0000ccb0   0x00000074   Code   RO         2398    i.prvProcessTimerOrBlockTask  timers.o
    0x0000cd24   0x0000cd24   0x00000034   Code   RO         2031    i.prvResetNextTaskUnblockTime  tasks.o
    0x0000cd58   0x0000cd58   0x0000002c   Code   RO         2399    i.prvSampleTimeNow  timers.o
    0x0000cd84   0x0000cd84   0x00000088   Code   RO         2400    i.prvSwitchTimerLists  timers.o
    0x0000ce0c   0x0000ce0c   0x00000016   Code   RO         2596    i.prvTaskExitError  port.o
    0x0000ce22   0x0000ce22   0x0000001a   Code   RO         2401    i.prvTimerTask      timers.o
    0x0000ce3c   0x0000ce3c   0x0000007e   Code   RO         1864    i.prvUnlockQueue    queue.o
    0x0000ceba   0x0000ceba   0x00000002   PAD
    0x0000cebc   0x0000cebc   0x000000e0   Code   RO         2539    i.pvPortMalloc      heap_4.o
    0x0000cf9c   0x0000cf9c   0x00000024   Code   RO         2597    i.pxPortInitialiseStack  port.o
    0x0000cfc0   0x0000cfc0   0x00000010   Code   RO          802    i.uart0_handler     uart_drv.o
    0x0000cfd0   0x0000cfd0   0x00000010   Code   RO          803    i.uart1_handler     uart_drv.o
    0x0000cfe0   0x0000cfe0   0x00000010   Code   RO          804    i.uart2_handler     uart_drv.o
    0x0000cff0   0x0000cff0   0x00000130   Code   RO          806    i.uart_init         uart_drv.o
    0x0000d120   0x0000d120   0x000001b0   Code   RO          807    i.uart_irqhandler   uart_drv.o
    0x0000d2d0   0x0000d2d0   0x00000118   Code   RO          809    i.uart_rx           uart_drv.o
    0x0000d3e8   0x0000d3e8   0x00000062   Code   RO          812    i.uart_rx_line_int_handler  uart_drv.o
    0x0000d44a   0x0000d44a   0x00000002   PAD
    0x0000d44c   0x0000d44c   0x00000088   Code   RO          600    i.uart_send         retarget_drv_keil.o
    0x0000d4d4   0x0000d4d4   0x000000c0   Code   RO          818    i.uart_tx           uart_drv.o
    0x0000d594   0x0000d594   0x00000028   Code   RO         1820    i.uxListRemove      list.o
    0x0000d5bc   0x0000d5bc   0x00000024   Code   RO         2598    i.vApplicationIdleHook  port.o
    0x0000d5e0   0x0000d5e0   0x0000001a   Code   RO         1821    i.vListInitialise   list.o
    0x0000d5fa   0x0000d5fa   0x00000006   Code   RO         1822    i.vListInitialiseItem  list.o
    0x0000d600   0x0000d600   0x00000034   Code   RO         1823    i.vListInsert       list.o
    0x0000d634   0x0000d634   0x00000018   Code   RO         1824    i.vListInsertEnd    list.o
    0x0000d64c   0x0000d64c   0x00000024   Code   RO         2600    i.vPortEnterCritical  port.o
    0x0000d670   0x0000d670   0x00000020   Code   RO         2601    i.vPortExitCritical  port.o
    0x0000d690   0x0000d690   0x00000058   Code   RO         2540    i.vPortFree         heap_4.o
    0x0000d6e8   0x0000d6e8   0x00000028   Code   RO         2602    i.vPortSetupTimerInterrupt  port.o
    0x0000d710   0x0000d710   0x0000004a   Code   RO         1872    i.vQueueWaitForMessageRestricted  queue.o
    0x0000d75a   0x0000d75a   0x00000002   PAD
    0x0000d75c   0x0000d75c   0x00000034   Code   RO         2044    i.vTaskDelay        tasks.o
    0x0000d790   0x0000d790   0x00000018   Code   RO         2049    i.vTaskInternalSetTimeOutState  tasks.o
    0x0000d7a8   0x0000d7a8   0x0000000c   Code   RO         2051    i.vTaskMissedYield  tasks.o
    0x0000d7b4   0x0000d7b4   0x00000020   Code   RO         2053    i.vTaskPlaceOnEventList  tasks.o
    0x0000d7d4   0x0000d7d4   0x00000028   Code   RO         2054    i.vTaskPlaceOnEventListRestricted  tasks.o
    0x0000d7fc   0x0000d7fc   0x00000070   Code   RO         2061    i.vTaskStartScheduler  tasks.o
    0x0000d86c   0x0000d86c   0x00000010   Code   RO         2063    i.vTaskSuspendAll   tasks.o
    0x0000d87c   0x0000d87c   0x00000060   Code   RO         2064    i.vTaskSwitchContext  tasks.o
    0x0000d8dc   0x0000d8dc   0x00000034   Code   RO         2603    i.xPortStartScheduler  port.o
    0x0000d910   0x0000d910   0x00000038   Code   RO         2604    i.xPortSysTickHandler  port.o
    0x0000d948   0x0000d948   0x00000034   Code   RO         1873    i.xQueueGenericCreate  queue.o
    0x0000d97c   0x0000d97c   0x00000080   Code   RO         1874    i.xQueueGenericReset  queue.o
    0x0000d9fc   0x0000d9fc   0x00000118   Code   RO         1875    i.xQueueGenericSend  queue.o
    0x0000db14   0x0000db14   0x0000008a   Code   RO         1876    i.xQueueGenericSendFromISR  queue.o
    0x0000db9e   0x0000db9e   0x00000002   PAD
    0x0000dba0   0x0000dba0   0x00000104   Code   RO         1882    i.xQueueReceive     queue.o
    0x0000dca4   0x0000dca4   0x0000005c   Code   RO         2066    i.xTaskCheckForTimeOut  tasks.o
    0x0000dd00   0x0000dd00   0x00000060   Code   RO         2067    i.xTaskCreate       tasks.o
    0x0000dd60   0x0000dd60   0x00000020   Code   RO         2071    i.xTaskGetSchedulerState  tasks.o
    0x0000dd80   0x0000dd80   0x0000000c   Code   RO         2072    i.xTaskGetTickCount  tasks.o
    0x0000dd8c   0x0000dd8c   0x0000011c   Code   RO         2074    i.xTaskIncrementTick  tasks.o
    0x0000dea8   0x0000dea8   0x00000080   Code   RO         2077    i.xTaskRemoveFromEventList  tasks.o
    0x0000df28   0x0000df28   0x000000e8   Code   RO         2078    i.xTaskResumeAll    tasks.o
    0x0000e010   0x0000e010   0x0000003c   Code   RO         2409    i.xTimerCreateTimerTask  timers.o
    0x0000e04c   0x0000e04c   0x0000006c   Code   RO         2410    i.xTimerGenericCommand  timers.o
    0x0000e0b8   0x0000e0b8   0x000000d8   Data   RO          326    .constdata          system_cm3_mcu.o
    0x0000e190   0x0000e190   0x00000030   Data   RO          823    .constdata          uart_drv.o
    0x0000e1c0   0x0000e1c0   0x000001a0   Data   RO          994    .constdata          mp_sector.o
    0x0000e360   0x0000e360   0x00000010   Data   RO         1367    .constdata          dma.o
    0x0000e370   0x0000e370   0x00000020   Data   RO         3055    Region$$Table       anon$$obj.o


    Execution Region RW_IRAM1 (Exec base: 0x20000000, Load base: 0x0000e390, Size: 0x00006420, Max: 0x00020000, ABSOLUTE)

    Exec Addr    Load Addr    Size         Type   Attr      Idx    E Section Name        Object

    0x20000000   0x0000e390   0x00000018   Data   RW           19    .data               main.o
    0x20000018   0x0000e3a8   0x00000008   Data   RW          327    .data               system_cm3_mcu.o
    0x20000020   0x0000e3b0   0x00000008   Data   RW          602    .data               retarget_drv_keil.o
    0x20000028   0x0000e3b8   0x00000021   Data   RW          995    .data               mp_sector.o
    0x20000049   0x0000e3d9   0x00000003   PAD
    0x2000004c   0x0000e3dc   0x00000008   Data   RW         1520    .data               sysctrl.o
    0x20000054   0x0000e3e4   0x00000004   Data   RW         1654    .data               sysfun.o
    0x20000058   0x0000e3e8   0x0000003c   Data   RW         2081    .data               tasks.o
    0x20000094   0x0000e424   0x00000014   Data   RW         2416    .data               timers.o
    0x200000a8   0x0000e438   0x00000020   Data   RW         2546    .data               heap_4.o
    0x200000c8   0x0000e458   0x00000004   Data   RW         2605    .data               port.o
    0x200000cc   0x0000e45c   0x00000004   Data   RW         3029    .data               mc_w.l(stdout.o)
    0x200000d0        -       0x00000438   Zero   RW           18    .bss                main.o
    0x20000508        -       0x00000198   Zero   RW          601    .bss                retarget_drv_keil.o
    0x200006a0        -       0x00000028   Zero   RW          690    .bss                timer.o
    0x200006c8        -       0x000000b4   Zero   RW          822    .bss                uart_drv.o
    0x2000077c        -       0x000002a0   Zero   RW          993    .bss                mp_sector.o
    0x20000a1c        -       0x00000010   Zero   RW         1366    .bss                dma.o
    0x20000a2c        -       0x00000100   Zero   RW         1463    .bss                gpio.o
    0x20000b2c        -       0x000000c8   Zero   RW         2080    .bss                tasks.o
    0x20000bf4        -       0x00000028   Zero   RW         2415    .bss                timers.o
    0x20000c1c        -       0x00005000   Zero   RW         2545    .bss                heap_4.o
    0x20005c1c   0x0000e460   0x00000004   PAD
    0x20005c20        -       0x00000800   Zero   RW          412    STACK               startup_cm3_mcu.o


==============================================================================

Image component sizes


      Code (inc. data)   RO Data    RW Data    ZI Data      Debug   Object Name

       100         10         16          0         16       3172   dma.o
         0          0          0          0          0      10644   event_groups.o
       342         28          0          0          0       6492   flashctl.o
       196         16          0          0        256       1918   gpio.o
       540         74          0         32      20480       3959   heap_4.o
       148          0          0          0          0       3106   list.o
      3370       2104          0         24       1080      45556   main.o
      7722        186        416         33        672      17528   mp_sector.o
       460         54          0          4          0       9851   port.o
      1304         14          0          0          0      13399   queue.o
       498         70          0          8        408       4431   retarget_drv_keil.o
        36          8        196          0       2048        824   startup_cm3_mcu.o
      1988         76          0          8          0      11029   sysctrl.o
        80         18          0          4          0       1198   sysfun.o
      1784        100        216          8          0      27934   system_cm3_mcu.o
      2038        330          0         60        200      26400   tasks.o
       160         40          0          0         40       3133   timer.o
      1038        108          0         20         40      11095   timers.o
      1408         46         48          0        180      36139   uart_drv.o

    ----------------------------------------------------------------------
     23238       3282        924        204      25424     237808   Object Totals
         0          0         32          0          0          0   (incl. Generated)
        26          0          0          3          4          0   (incl. Padding)

    ----------------------------------------------------------------------

      Code (inc. data)   RO Data    RW Data    ZI Data      Debug   Library Member Name

       266         30          0          0          0        448   rf_mcu_ahb.o
         0          0          0          0          0          0   entry.o
         0          0          0          0          0          0   entry10a.o
         0          0          0          0          0          0   entry11a.o
         8          4          0          0          0          0   entry2.o
         4          0          0          0          0          0   entry5.o
         0          0          0          0          0          0   entry7b.o
         0          0          0          0          0          0   entry8b.o
         8          4          0          0          0          0   entry9a.o
        30          0          0          0          0          0   handlers.o
        36          8          0          0          0         68   init.o
        30          0          0          0          0         68   llshl.o
        32          0          0          0          0         68   llushr.o
        36          0          0          0          0         68   memcpya.o
        36          0          0          0          0        108   memseta.o
       736         56          0          0          0        184   printf5.o
         0          0          0          4          0          0   stdout.o
        98          0          0          0          0         92   uldiv.o

    ----------------------------------------------------------------------
      1326        102          0          4          0       1104   Library Totals
         6          0          0          0          0          0   (incl. Padding)

    ----------------------------------------------------------------------

      Code (inc. data)   RO Data    RW Data    ZI Data      Debug   Library Name

       266         30          0          0          0        448   lib_rf_mcu.lib
      1054         72          0          4          0        656   mc_w.l

    ----------------------------------------------------------------------
      1326        102          0          4          0       1104   Library Totals

    ----------------------------------------------------------------------

==============================================================================


      Code (inc. data)   RO Data    RW Data    ZI Data      Debug   

     24564       3384        924        208      25424     230692   Grand Totals
     24564       3384        924        208      25424     230692   ELF Image Totals
     24564       3384        924        208          0          0   ROM Totals

==============================================================================

    Total RO  Size (Code + RO Data)                25488 (  24.89kB)
    Total RW  Size (RW Data + ZI Data)             25632 (  25.03kB)
    Total ROM Size (Code + RO Data + RW Data)      25696 (  25.09kB)

==============================================================================

