Component: ARM Compiler 5.06 update 6 (build 750) Tool: armlink [4d35ed]

==============================================================================

Section Cross References

    main.o(i.Comm_Subsystem_Disable_LDO_Mode) refers to rf_mcu_ahb.o(i.RfMcu_MemoryGetAhb) for RfMcu_MemoryGetAhb
    main.o(i.Comm_Subsystem_Disable_LDO_Mode) refers to rf_mcu_ahb.o(i.RfMcu_MemorySetAhb) for RfMcu_MemorySetAhb
    main.o(i.Init_Default_Pin_Mux) refers to sysctrl.o(i.pin_set_mode) for pin_set_mode
    main.o(i.Key_init) refers to main.o(i.gpio_debounce_enable) for gpio_debounce_enable
    main.o(i.Key_init) refers to sysctrl.o(i.pin_set_pullopt) for pin_set_pullopt
    main.o(i.Key_init) refers to main.o(i.gpio_cfg_input) for gpio_cfg_input
    main.o(i.Key_scan) refers to main.o(i.gpio_pin_get) for gpio_pin_get
    main.o(i.Key_scan) refers to tasks.o(i.xTaskGetTickCount) for xTaskGetTickCount
    main.o(i.Key_scan) refers to main.o(.data) for key1_pressed
    main.o(i.LED_init) refers to main.o(i.gpio_pin_clear) for gpio_pin_clear
    main.o(i.LED_init) refers to main.o(i.gpio_cfg_output) for gpio_cfg_output
    main.o(i.LED_init) refers to sysctrl.o(.data) for Delay_ms
    main.o(i.Timer0_Callback) refers to queue.o(i.xQueueReceiveFromISR) for xQueueReceiveFromISR
    main.o(i.Timer0_Callback) refers to printf1.o(i.__0printf$1) for __2printf
    main.o(i.Timer0_Callback) refers to main.o(.data) for MSG_QUEUE
    main.o(i.Timer_cfg) refers to timer.o(i.Timer_Open) for Timer_Open
    main.o(i.Timer_cfg) refers to timer.o(i.Timer_Start) for Timer_Start
    main.o(i.Timer_cfg) refers to main.o(i.Timer0_Callback) for Timer0_Callback
    main.o(i.gpio_cfg_input) refers to gpio.o(i.gpio_cfg) for gpio_cfg
    main.o(i.gpio_cfg_output) refers to gpio.o(i.gpio_cfg) for gpio_cfg
    main.o(i.keyprocess_task) refers to queue.o(i.xQueueReceive) for xQueueReceive
    main.o(i.keyprocess_task) refers to main.o(i.gpio_pin_toggle) for gpio_pin_toggle
    main.o(i.keyprocess_task) refers to printf1.o(i.__0printf$1) for __2printf
    main.o(i.keyprocess_task) refers to main.o(.data) for KEY_QUEUE
    main.o(i.main) refers to sysctrl.o(i.Change_Ahb_System_Clk) for Change_Ahb_System_Clk
    main.o(i.main) refers to main.o(i.Init_Default_Pin_Mux) for Init_Default_Pin_Mux
    main.o(i.main) refers to retarget_drv_keil.o(i.console_drv_init) for console_drv_init
    main.o(i.main) refers to main.o(i.Comm_Subsystem_Disable_LDO_Mode) for Comm_Subsystem_Disable_LDO_Mode
    main.o(i.main) refers to sysctrl.o(i.Delay_Init) for Delay_Init
    main.o(i.main) refers to main.o(i.Key_init) for Key_init
    main.o(i.main) refers to main.o(i.Timer_cfg) for Timer_cfg
    main.o(i.main) refers to main.o(i.LED_init) for LED_init
    main.o(i.main) refers to uart_drv.o(i.uart_init) for uart_init
    main.o(i.main) refers to uart_drv.o(i.uart_rx) for uart_rx
    main.o(i.main) refers to queue.o(i.xQueueGenericCreate) for xQueueGenericCreate
    main.o(i.main) refers to tasks.o(i.xTaskCreate) for xTaskCreate
    main.o(i.main) refers to tasks.o(i.vTaskStartScheduler) for vTaskStartScheduler
    main.o(i.main) refers to main.o(.data) for handle
    main.o(i.main) refers to main.o(i.uart1_callback) for uart1_callback
    main.o(i.main) refers to main.o(i.rtos_task1) for rtos_task1
    main.o(i.main) refers to main.o(i.keyprocess_task) for keyprocess_task
    main.o(i.rtos_task1) refers to main.o(i.Key_scan) for Key_scan
    main.o(i.rtos_task1) refers to queue.o(i.xQueueGenericSend) for xQueueGenericSend
    main.o(i.rtos_task1) refers to printf1.o(i.__0printf$1) for __2printf
    main.o(i.rtos_task1) refers to tasks.o(i.vTaskDelay) for vTaskDelay
    main.o(i.rtos_task1) refers to main.o(.data) for KEY_QUEUE
    main.o(i.uart1_callback) refers to uart_drv.o(i.uart_rx) for uart_rx
    main.o(i.uart1_callback) refers to queue.o(i.xQueueGenericSendFromISR) for xQueueGenericSendFromISR
    main.o(i.uart1_callback) refers to printf1.o(i.__0printf$1) for __2printf
    main.o(i.uart1_callback) refers to main.o(.data) for rec_com_data
    system_cm3_mcu.o(i.Rco40k_Analog_Calibration) refers to sysctrl.o(.data) for Delay_ms
    system_cm3_mcu.o(i.SystemCoreClockUpdate) refers to system_cm3_mcu.o(.data) for SystemCoreClock
    system_cm3_mcu.o(i.SystemFrequencyUpdate) refers to sysctrl.o(i.Get_Ahb_System_Clk) for Get_Ahb_System_Clk
    system_cm3_mcu.o(i.SystemFrequencyUpdate) refers to system_cm3_mcu.o(.data) for SystemFrequency
    system_cm3_mcu.o(i.SystemInit) refers to system_cm3_mcu.o(i.SystemPmuUpdateDig) for SystemPmuUpdateDig
    system_cm3_mcu.o(i.SystemInit) refers to system_cm3_mcu.o(i.SystemPmuUpdateDcdc) for SystemPmuUpdateDcdc
    system_cm3_mcu.o(i.SystemInit) refers to mp_sector.o(i.MpSectorInit) for MpSectorInit
    system_cm3_mcu.o(i.SystemInit) refers to sysctrl.o(i.Change_Ahb_System_Clk) for Change_Ahb_System_Clk
    system_cm3_mcu.o(i.SystemInit) refers to system_cm3_mcu.o(i.SystemCoreClockUpdate) for SystemCoreClockUpdate
[...]
    ../clib/microlib/printf/printf.c         0x00000000   Number         0  printf5.o ABSOLUTE
    ../clib/microlib/printf/stubs.s          0x00000000   Number         0  stubs.o ABSOLUTE
    ../clib/microlib/stdio/streams.c         0x00000000   Number         0  stdout.o ABSOLUTE
    ../clib/microlib/string/memcpy.c         0x00000000   Number         0  memcpyb.o ABSOLUTE
    ../clib/microlib/string/memcpy.c         0x00000000   Number         0  memcpya.o ABSOLUTE
    ../clib/microlib/string/memset.c         0x00000000   Number         0  memseta.o ABSOLUTE
    ../clib/microlib/stubs.s                 0x00000000   Number         0  iusefp.o ABSOLUTE
    ../fplib/microlib/fpadd.c                0x00000000   Number         0  dadd.o ABSOLUTE
    ../fplib/microlib/fpdiv.c                0x00000000   Number         0  ddiv.o ABSOLUTE
    ../fplib/microlib/fpepilogue.c           0x00000000   Number         0  depilogue.o ABSOLUTE
    ../fplib/microlib/fpfix.c                0x00000000   Number         0  dfixul.o ABSOLUTE
    ../fplib/microlib/fpmul.c                0x00000000   Number         0  dmul.o ABSOLUTE
    ..\..\..\..\Library\RT58x\PHY\rf_mcu_ahb.c 0x00000000   Number         0  rf_mcu_ahb.o ABSOLUTE
    ..\\..\\..\\..\\Library\\RT58x\\PHY\\rf_mcu_ahb.c 0x00000000   Number         0  rf_mcu_ahb.o ABSOLUTE
    FreeRTOS\Source\croutine.c               0x00000000   Number         0  croutine.o ABSOLUTE
    FreeRTOS\Source\event_groups.c           0x00000000   Number         0  event_groups.o ABSOLUTE
    FreeRTOS\Source\list.c                   0x00000000   Number         0  list.o ABSOLUTE
    FreeRTOS\Source\portable\MemMang\heap_4.c 0x00000000   Number         0  heap_4.o ABSOLUTE
    FreeRTOS\Source\portable\RVDS\ARM_CM3\port.c 0x00000000   Number         0  port.o ABSOLUTE
    FreeRTOS\Source\queue.c                  0x00000000   Number         0  queue.o ABSOLUTE
    FreeRTOS\Source\tasks.c                  0x00000000   Number         0  tasks.o ABSOLUTE
    FreeRTOS\Source\timers.c                 0x00000000   Number         0  timers.o ABSOLUTE
    FreeRTOS\\Source\\portable\\RVDS\\ARM_CM3\\port.c 0x00000000   Number         0  port.o ABSOLUTE
    Library\RT58x\Device\ARM\startup_cm3_mcu.s 0x00000000   Number         0  startup_cm3_mcu.o ABSOLUTE
    Library\RT58x\Device\system_cm3_mcu.c    0x00000000   Number         0  system_cm3_mcu.o ABSOLUTE
    Library\RT58x\Peripheral\dma.c           0x00000000   Number         0  dma.o ABSOLUTE
    Library\RT58x\Peripheral\flashctl.c      0x00000000   Number         0  flashctl.o ABSOLUTE
    Library\RT58x\Peripheral\gpio.c          0x00000000   Number         0  gpio.o ABSOLUTE
    Library\RT58x\Peripheral\lpm.c           0x00000000   Number         0  lpm.o ABSOLUTE
    Library\RT58x\Peripheral\mp_sector.c     0x00000000   Number         0  mp_sector.o ABSOLUTE
    Library\RT58x\Peripheral\retarget_drv_keil.c 0x00000000   Number         0  retarget_drv_keil.o ABSOLUTE
    Library\RT58x\Peripheral\sysctrl.c       0x00000000   Number         0  sysctrl.o ABSOLUTE
    Library\RT58x\Peripheral\sysfun.c        0x00000000   Number         0  sysfun.o ABSOLUTE
    Library\RT58x\Peripheral\timer.c         0x00000000   Number         0  timer.o ABSOLUTE
    Library\RT58x\Peripheral\uart_drv.c      0x00000000   Number         0  uart_drv.o ABSOLUTE
    Library\\RT58x\\Device\\system_cm3_mcu.c 0x00000000   Number         0  system_cm3_mcu.o ABSOLUTE
    Library\\RT58x\\Peripheral\\dma.c        0x00000000   Number         0  dma.o ABSOLUTE
    Library\\RT58x\\Peripheral\\flashctl.c   0x00000000   Number         0  flashctl.o ABSOLUTE
    Library\\RT58x\\Peripheral\\gpio.c       0x00000000   Number         0  gpio.o ABSOLUTE
    Library\\RT58x\\Peripheral\\lpm.c        0x00000000   Number         0  lpm.o ABSOLUTE
    Library\\RT58x\\Peripheral\\mp_sector.c  0x00000000   Number         0  mp_sector.o ABSOLUTE
    Library\\RT58x\\Peripheral\\retarget_drv_keil.c 0x00000000   Number         0  retarget_drv_keil.o ABSOLUTE
    Library\\RT58x\\Peripheral\\sysctrl.c    0x00000000   Number         0  sysctrl.o ABSOLUTE
    Library\\RT58x\\Peripheral\\sysfun.c     0x00000000   Number         0  sysfun.o ABSOLUTE
    Library\\RT58x\\Peripheral\\timer.c      0x00000000   Number         0  timer.o ABSOLUTE
    Library\\RT58x\\Peripheral\\uart_drv.c   0x00000000   Number         0  uart_drv.o ABSOLUTE
    cdrcmple.s                               0x00000000   Number         0  cdrcmple.o ABSOLUTE
    dc.s                                     0x00000000   Number         0  dc.o ABSOLUTE
    handlers.s                               0x00000000   Number         0  handlers.o ABSOLUTE
    init.s                                   0x00000000   Number         0  init.o ABSOLUTE
    main.c                                   0x00000000   Number         0  main.o ABSOLUTE
    main.c                                   0x00000000   Number         0  main.o ABSOLUTE
    RESET                                    0x00008000   Section      196  startup_cm3_mcu.o(RESET)
    .ARM.Collect$$$$00000000                 0x000080c4   Section        0  entry.o(.ARM.Collect$$$$00000000)
    .ARM.Collect$$$$00000001                 0x000080c4   Section        4  entry2.o(.ARM.Collect$$$$00000001)
    .ARM.Collect$$$$00000004                 0x000080c8   Section        4  entry5.o(.ARM.Collect$$$$00000004)
    .ARM.Collect$$$$00000008                 0x000080cc   Section        0  entry7b.o(.ARM.Collect$$$$00000008)
    .ARM.Collect$$$$0000000A                 0x000080cc   Section        0  entry8b.o(.ARM.Collect$$$$0000000A)
    .ARM.Collect$$$$0000000B                 0x000080cc   Section        8  entry9a.o(.ARM.Collect$$$$0000000B)
    .ARM.Collect$$$$0000000D                 0x000080d4   Section        0  entry10a.o(.ARM.Collect$$$$0000000D)
    .ARM.Collect$$$$0000000F                 0x000080d4   Section        0  entry11a.o(.ARM.Collect$$$$0000000F)
    .ARM.Collect$$$$00002712                 0x000080d4   Section        4  entry2.o(.ARM.Collect$$$$00002712)
    __lit__00000000                          0x000080d4   Data           4  entry2.o(.ARM.Collect$$$$00002712)
    .emb_text                                0x000080d8   Section      150  port.o(.emb_text)
    .text                                    0x00008170   Section       36  startup_cm3_mcu.o(.text)
    .text                                    0x00008194   Section        0  memcpya.o(.text)
    .text                                    0x000081b8   Section        0  memseta.o(.text)
    .text                                    0x000081dc   Section        0  uidiv.o(.text)
    .text                                    0x00008208   Section       36  init.o(.text)
    i.Change_Ahb_System_Clk                  0x0000822c   Section        0  sysctrl.o(i.Change_Ahb_System_Clk)
    i.Comm_Subsystem_Disable_LDO_Mode        0x0000850c   Section        0  main.o(i.Comm_Subsystem_Disable_LDO_Mode)
    i.Delay_Init                             0x00008534   Section        0  sysctrl.o(i.Delay_Init)
    i.Delay_ms_32MHz                         0x00008598   Section        0  sysctrl.o(i.Delay_ms_32MHz)
    Delay_ms_32MHz                           0x00008599   Thumb Code    86  sysctrl.o(i.Delay_ms_32MHz)
    i.Delay_ms_48MHz                         0x000085f4   Section        0  sysctrl.o(i.Delay_ms_48MHz)
    Delay_ms_48MHz                           0x000085f5   Thumb Code   116  sysctrl.o(i.Delay_ms_48MHz)
    i.Delay_ms_64MHz                         0x0000866c   Section        0  sysctrl.o(i.Delay_ms_64MHz)
    Delay_ms_64MHz                           0x0000866d   Thumb Code   144  sysctrl.o(i.Delay_ms_64MHz)
    i.Delay_us_32MHz                         0x00008700   Section        0  sysctrl.o(i.Delay_us_32MHz)
    Delay_us_32MHz                           0x00008701   Thumb Code    68  sysctrl.o(i.Delay_us_32MHz)
    i.Delay_us_48MHz                         0x00008744   Section        0  sysctrl.o(i.Delay_us_48MHz)
    Delay_us_48MHz                           0x00008745   Thumb Code   100  sysctrl.o(i.Delay_us_48MHz)
    i.Delay_us_64MHz                         0x000087a8   Section        0  sysctrl.o(i.Delay_us_64MHz)
    Delay_us_64MHz                           0x000087a9   Thumb Code   132  sysctrl.o(i.Delay_us_64MHz)
    i.GetFirstValidMpId                      0x0000882c   Section        0  mp_sector.o(i.GetFirstValidMpId)
    i.GetMpSectorInfo                        0x00008858   Section        0  mp_sector.o(i.GetMpSectorInfo)
    i.GetNextMpId                            0x000088fc   Section        0  mp_sector.o(i.GetNextMpId)
    i.GetNextValidMpId                       0x0000891a   Section        0  mp_sector.o(i.GetNextValidMpId)
    i.Get_Ahb_System_Clk                     0x00008934   Section        0  sysctrl.o(i.Get_Ahb_System_Clk)
    i.Init_Default_Pin_Mux                   0x00008994   Section        0  main.o(i.Init_Default_Pin_Mux)
    i.Key_init                               0x000089da   Section        0  main.o(i.Key_init)
    i.Key_scan                               0x00008a30   Section        0  main.o(i.Key_scan)
    i.LED_init                               0x00008ae8   Section        0  main.o(i.LED_init)
    i.MpCalCrystaltrimInit                   0x00008b24   Section        0  mp_sector.o(i.MpCalCrystaltrimInit)
    i.MpCalDcdcInit                          0x00008b54   Section        0  mp_sector.o(i.MpCalDcdcInit)
    i.MpCalIoldoInit                         0x00008bb8   Section        0  mp_sector.o(i.MpCalIoldoInit)
    i.MpCalLldoInit                          0x00008c1c   Section        0  mp_sector.o(i.MpCalLldoInit)
    i.MpCalPowerfailInit                     0x00008c80   Section        0  mp_sector.o(i.MpCalPowerfailInit)
    i.MpCalSioldoInit                        0x00008cc4   Section        0  mp_sector.o(i.MpCalSioldoInit)
    i.MpCalSldoInit                          0x00008d28   Section        0  mp_sector.o(i.MpCalSldoInit)
    i.MpCalibrationInit                      0x00008d8c   Section        0  mp_sector.o(i.MpCalibrationInit)
    i.MpSectorInit                           0x00008e10   Section        0  mp_sector.o(i.MpSectorInit)
    i.OtpAdcRangeCheck                       0x00008ee4   Section        0  mp_sector.o(i.OtpAdcRangeCheck)
    i.OtpLoadAdcValue                        0x00008f5e   Section        0  mp_sector.o(i.OtpLoadAdcValue)
    i.OtpLoadPmuValue                        0x00008f74   Section        0  mp_sector.o(i.OtpLoadPmuValue)
    i.OtpPmuRangeCheck                       0x00008f8c   Section        0  mp_sector.o(i.OtpPmuRangeCheck)
    i.OtpToMpAdcCal                          0x00009024   Section        0  mp_sector.o(i.OtpToMpAdcCal)
    i.OtpToMpCalibration                     0x00009080   Section        0  mp_sector.o(i.OtpToMpCalibration)
    i.OtpToMpPmuMaxCheck                     0x0000a710   Section        0  mp_sector.o(i.OtpToMpPmuMaxCheck)
    i.OtpToMpVoselCal                        0x0000a748   Section        0  mp_sector.o(i.OtpToMpVoselCal)
    i.OtpVcmTempAdcRangeCheck                0x0000a808   Section        0  mp_sector.o(i.OtpVcmTempAdcRangeCheck)
    i.Pll_Status_Check                       0x0000a84c   Section        0  sysctrl.o(i.Pll_Status_Check)
    i.Pll_Unlock_Check                       0x0000a8c8   Section        0  sysctrl.o(i.Pll_Unlock_Check)
    i.Rco40k_Analog_Calibration              0x0000a950   Section        0  system_cm3_mcu.o(i.Rco40k_Analog_Calibration)
    i.Reg_Bit_Write                          0x0000aaa4   Section        0  system_cm3_mcu.o(i.Reg_Bit_Write)
    i.RfMcu_DmaBusyCheck                     0x0000aad0   Section        0  rf_mcu_ahb.o(i.RfMcu_DmaBusyCheck)
    i.RfMcu_HostCtrlAhb                      0x0000aaec   Section        0  rf_mcu_ahb.o(i.RfMcu_HostCtrlAhb)
    i.RfMcu_HostWakeUpMcuAhb                 0x0000aafc   Section        0  rf_mcu_ahb.o(i.RfMcu_HostWakeUpMcuAhb)
    i.RfMcu_MemoryGetAhb                     0x0000ab14   Section        0  rf_mcu_ahb.o(i.RfMcu_MemoryGetAhb)
    i.RfMcu_MemorySetAhb                     0x0000ab70   Section        0  rf_mcu_ahb.o(i.RfMcu_MemorySetAhb)
    i.RfMcu_PowerStateGetAhb                 0x0000abcc   Section        0  rf_mcu_ahb.o(i.RfMcu_PowerStateGetAhb)
    i.SystemCoreClockUpdate                  0x0000abdc   Section        0  system_cm3_mcu.o(i.SystemCoreClockUpdate)
    i.SystemFrequencyUpdate                  0x0000abf4   Section        0  system_cm3_mcu.o(i.SystemFrequencyUpdate)
    i.SystemInit                             0x0000ac4c   Section        0  system_cm3_mcu.o(i.SystemInit)
    i.SystemPmuSetMode                       0x0000acf4   Section        0  system_cm3_mcu.o(i.SystemPmuSetMode)
    i.SystemPmuUpdateDcdc                    0x0000ad90   Section        0  system_cm3_mcu.o(i.SystemPmuUpdateDcdc)
    i.SystemPmuUpdateDig                     0x0000b0e0   Section        0  system_cm3_mcu.o(i.SystemPmuUpdateDig)
    i.Timer0_Callback                        0x0000b154   Section        0  main.o(i.Timer0_Callback)
    i.Timer0_Handler                         0x0000b1b0   Section        0  timer.o(i.Timer0_Handler)
    i.Timer1_Handler                         0x0000b1d0   Section        0  timer.o(i.Timer1_Handler)
    i.Timer2_Handler                         0x0000b1f0   Section        0  timer.o(i.Timer2_Handler)
    i.Timer3_Handler                         0x0000b210   Section        0  timer.o(i.Timer3_Handler)
    i.Timer4_Handler                         0x0000b230   Section        0  timer.o(i.Timer4_Handler)
    i.Timer_Int_Callback_Register            0x0000b250   Section        0  timer.o(i.Timer_Int_Callback_Register)
    i.Timer_Load                             0x0000b25c   Section        0  timer.o(i.Timer_Load)
    i.Timer_Open                             0x0000b28c   Section        0  timer.o(i.Timer_Open)
    i.Timer_Start                            0x0000b30c   Section        0  timer.o(i.Timer_Start)
    i.Timer_cfg                              0x0000b3b4   Section        0  main.o(i.Timer_cfg)
    i.__0printf$1                            0x0000b3f8   Section        0  printf1.o(i.__0printf$1)
    i.__NVIC_ClearPendingIRQ                 0x0000b418   Section        0  uart_drv.o(i.__NVIC_ClearPendingIRQ)
    __NVIC_ClearPendingIRQ                   0x0000b419   Thumb Code    22  uart_drv.o(i.__NVIC_ClearPendingIRQ)
    i.__NVIC_EnableIRQ                       0x0000b434   Section        0  timer.o(i.__NVIC_EnableIRQ)
    __NVIC_EnableIRQ                         0x0000b435   Thumb Code    26  timer.o(i.__NVIC_EnableIRQ)
    i.__NVIC_EnableIRQ                       0x0000b44e   Section        0  uart_drv.o(i.__NVIC_EnableIRQ)
    __NVIC_EnableIRQ                         0x0000b44f   Thumb Code    26  uart_drv.o(i.__NVIC_EnableIRQ)
    i.__scatterload_copy                     0x0000b468   Section       14  handlers.o(i.__scatterload_copy)
    i.__scatterload_null                     0x0000b476   Section        2  handlers.o(i.__scatterload_null)
    i.__scatterload_zeroinit                 0x0000b478   Section       14  handlers.o(i.__scatterload_zeroinit)
    i._printf_core                           0x0000b488   Section        0  printf1.o(i._printf_core)
    _printf_core                             0x0000b489   Thumb Code   336  printf1.o(i._printf_core)
    i.console_drv_init                       0x0000b5dc   Section        0  retarget_drv_keil.o(i.console_drv_init)
    i.dma0_c0_handler                        0x0000b668   Section        0  dma.o(i.dma0_c0_handler)
    i.dma0_c1_handler                        0x0000b672   Section        0  dma.o(i.dma0_c1_handler)
    i.dma0_c2_handler                        0x0000b67c   Section        0  dma.o(i.dma0_c2_handler)
    i.dma0_c3_handler                        0x0000b686   Section        0  dma.o(i.dma0_c3_handler)
    i.dma_isr_handle                         0x0000b690   Section        0  dma.o(i.dma_isr_handle)
    dma_isr_handle                           0x0000b691   Thumb Code    50  dma.o(i.dma_isr_handle)
    i.enable_perclk                          0x0000b6cc   Section        0  sysctrl.o(i.enable_perclk)
    i.enter_critical_section                 0x0000b6ec   Section        0  sysfun.o(i.enter_critical_section)
    i.flash_check_busy                       0x0000b710   Section        0  flashctl.o(i.flash_check_busy)
    flash_check_busy                         0x0000b711   Thumb Code    10  flashctl.o(i.flash_check_busy)
    i.flash_get_deviceinfo                   0x0000b720   Section        0  flashctl.o(i.flash_get_deviceinfo)
    i.flash_read_otp_sec_page                0x0000b72c   Section        0  flashctl.o(i.flash_read_otp_sec_page)
    i.flash_read_otp_sec_register            0x0000b780   Section        0  flashctl.o(i.flash_read_otp_sec_register)
    flash_read_otp_sec_register              0x0000b781   Thumb Code    60  flashctl.o(i.flash_read_otp_sec_register)
    i.flash_set_timing                       0x0000b7c4   Section        0  flashctl.o(i.flash_set_timing)
    i.flash_timing_init                      0x0000b7dc   Section        0  flashctl.o(i.flash_timing_init)
    i.fputc                                  0x0000b866   Section        0  retarget_drv_keil.o(i.fputc)
    i.gpio_cfg                               0x0000b880   Section        0  gpio.o(i.gpio_cfg)
    i.gpio_cfg_input                         0x0000b904   Section        0  main.o(i.gpio_cfg_input)
    gpio_cfg_input                           0x0000b905   Thumb Code    18  main.o(i.gpio_cfg_input)
    i.gpio_cfg_output                        0x0000b916   Section        0  main.o(i.gpio_cfg_output)
    gpio_cfg_output                          0x0000b917   Thumb Code    16  main.o(i.gpio_cfg_output)
    i.gpio_debounce_enable                   0x0000b926   Section        0  main.o(i.gpio_debounce_enable)
    gpio_debounce_enable                     0x0000b927   Thumb Code    12  main.o(i.gpio_debounce_enable)
    i.gpio_handler                           0x0000b934   Section        0  gpio.o(i.gpio_handler)
    i.gpio_pin_clear                         0x0000b974   Section        0  main.o(i.gpio_pin_clear)
    gpio_pin_clear                           0x0000b975   Thumb Code    12  main.o(i.gpio_pin_clear)
    i.gpio_pin_get                           0x0000b980   Section        0  main.o(i.gpio_pin_get)
    gpio_pin_get                             0x0000b981   Thumb Code    24  main.o(i.gpio_pin_get)
    i.gpio_pin_toggle                        0x0000b998   Section        0  main.o(i.gpio_pin_toggle)
    gpio_pin_toggle                          0x0000b999   Thumb Code    34  main.o(i.gpio_pin_toggle)
    i.keyprocess_task                        0x0000b9bc   Section        0  main.o(i.keyprocess_task)
    keyprocess_task                          0x0000b9bd   Thumb Code    94  main.o(i.keyprocess_task)
    i.leave_critical_section                 0x0000ba50   Section        0  sysfun.o(i.leave_critical_section)
    i.main                                   0x0000ba7c   Section        0  main.o(i.main)
    i.pin_set_mode                           0x0000bb64   Section        0  sysctrl.o(i.pin_set_mode)
    i.pin_set_pullopt                        0x0000bb98   Section        0  sysctrl.o(i.pin_set_pullopt)
    i.printf_callback                        0x0000bbcc   Section        0  retarget_drv_keil.o(i.printf_callback)
    printf_callback                          0x0000bbcd   Thumb Code   174  retarget_drv_keil.o(i.printf_callback)
    i.prvAddCurrentTaskToDelayedList         0x0000bc90   Section        0  tasks.o(i.prvAddCurrentTaskToDelayedList)
    prvAddCurrentTaskToDelayedList           0x0000bc91   Thumb Code   124  tasks.o(i.prvAddCurrentTaskToDelayedList)
    i.prvAddNewTaskToReadyList               0x0000bd28   Section        0  tasks.o(i.prvAddNewTaskToReadyList)
    prvAddNewTaskToReadyList                 0x0000bd29   Thumb Code   156  tasks.o(i.prvAddNewTaskToReadyList)
    i.prvCheckForValidListAndQueue           0x0000bde0   Section        0  timers.o(i.prvCheckForValidListAndQueue)
    prvCheckForValidListAndQueue             0x0000bde1   Thumb Code    56  timers.o(i.prvCheckForValidListAndQueue)
    i.prvCheckTasksWaitingTermination        0x0000be2c   Section        0  tasks.o(i.prvCheckTasksWaitingTermination)
    prvCheckTasksWaitingTermination          0x0000be2d   Thumb Code    60  tasks.o(i.prvCheckTasksWaitingTermination)
    i.prvCopyDataFromQueue                   0x0000be74   Section        0  queue.o(i.prvCopyDataFromQueue)
    prvCopyDataFromQueue                     0x0000be75   Thumb Code    42  queue.o(i.prvCopyDataFromQueue)
    i.prvCopyDataToQueue                     0x0000be9e   Section        0  queue.o(i.prvCopyDataToQueue)
    prvCopyDataToQueue                       0x0000be9f   Thumb Code   106  queue.o(i.prvCopyDataToQueue)
    i.prvDeleteTCB                           0x0000bf08   Section        0  tasks.o(i.prvDeleteTCB)
    prvDeleteTCB                             0x0000bf09   Thumb Code    18  tasks.o(i.prvDeleteTCB)
    i.prvGetNextExpireTime                   0x0000bf1c   Section        0  timers.o(i.prvGetNextExpireTime)
    prvGetNextExpireTime                     0x0000bf1d   Thumb Code    36  timers.o(i.prvGetNextExpireTime)
    i.prvHeapInit                            0x0000bf44   Section        0  heap_4.o(i.prvHeapInit)
    prvHeapInit                              0x0000bf45   Thumb Code    98  heap_4.o(i.prvHeapInit)
    i.prvIdleTask                            0x0000bfc0   Section        0  tasks.o(i.prvIdleTask)
    prvIdleTask                              0x0000bfc1   Thumb Code    36  tasks.o(i.prvIdleTask)
    i.prvInitialiseNewQueue                  0x0000bfec   Section        0  queue.o(i.prvInitialiseNewQueue)
    prvInitialiseNewQueue                    0x0000bfed   Thumb Code    42  queue.o(i.prvInitialiseNewQueue)
    i.prvInitialiseNewTask                   0x0000c016   Section        0  tasks.o(i.prvInitialiseNewTask)
    prvInitialiseNewTask                     0x0000c017   Thumb Code   152  tasks.o(i.prvInitialiseNewTask)
    i.prvInitialiseTaskLists                 0x0000c0b0   Section        0  tasks.o(i.prvInitialiseTaskLists)
    prvInitialiseTaskLists                   0x0000c0b1   Thumb Code    70  tasks.o(i.prvInitialiseTaskLists)
    i.prvInsertBlockIntoFreeList             0x0000c118   Section        0  heap_4.o(i.prvInsertBlockIntoFreeList)
    prvInsertBlockIntoFreeList               0x0000c119   Thumb Code    96  heap_4.o(i.prvInsertBlockIntoFreeList)
    i.prvInsertTimerInActiveList             0x0000c180   Section        0  timers.o(i.prvInsertTimerInActiveList)
    prvInsertTimerInActiveList               0x0000c181   Thumb Code    80  timers.o(i.prvInsertTimerInActiveList)
    i.prvIsQueueEmpty                        0x0000c1d8   Section        0  queue.o(i.prvIsQueueEmpty)
    prvIsQueueEmpty                          0x0000c1d9   Thumb Code    26  queue.o(i.prvIsQueueEmpty)
    i.prvIsQueueFull                         0x0000c1f2   Section        0  queue.o(i.prvIsQueueFull)
    prvIsQueueFull                           0x0000c1f3   Thumb Code    30  queue.o(i.prvIsQueueFull)
    i.prvProcessExpiredTimer                 0x0000c210   Section        0  timers.o(i.prvProcessExpiredTimer)
    prvProcessExpiredTimer                   0x0000c211   Thumb Code    86  timers.o(i.prvProcessExpiredTimer)
    i.prvProcessReceivedCommands             0x0000c26c   Section        0  timers.o(i.prvProcessReceivedCommands)
    prvProcessReceivedCommands               0x0000c26d   Thumb Code   246  timers.o(i.prvProcessReceivedCommands)
    i.prvProcessTimerOrBlockTask             0x0000c368   Section        0  timers.o(i.prvProcessTimerOrBlockTask)
    prvProcessTimerOrBlockTask               0x0000c369   Thumb Code   102  timers.o(i.prvProcessTimerOrBlockTask)
    i.prvResetNextTaskUnblockTime            0x0000c3dc   Section        0  tasks.o(i.prvResetNextTaskUnblockTime)
    prvResetNextTaskUnblockTime              0x0000c3dd   Thumb Code    42  tasks.o(i.prvResetNextTaskUnblockTime)
    i.prvSampleTimeNow                       0x0000c410   Section        0  timers.o(i.prvSampleTimeNow)
    prvSampleTimeNow                         0x0000c411   Thumb Code    40  timers.o(i.prvSampleTimeNow)
    i.prvSwitchTimerLists                    0x0000c43c   Section        0  timers.o(i.prvSwitchTimerLists)
    prvSwitchTimerLists                      0x0000c43d   Thumb Code   126  timers.o(i.prvSwitchTimerLists)
    i.prvTaskExitError                       0x0000c4c4   Section        0  port.o(i.prvTaskExitError)
    prvTaskExitError                         0x0000c4c5   Thumb Code    22  port.o(i.prvTaskExitError)
    i.prvTimerTask                           0x0000c4da   Section        0  timers.o(i.prvTimerTask)
    prvTimerTask                             0x0000c4db   Thumb Code    26  timers.o(i.prvTimerTask)
    i.prvUnlockQueue                         0x0000c4f4   Section        0  queue.o(i.prvUnlockQueue)
    prvUnlockQueue                           0x0000c4f5   Thumb Code   126  queue.o(i.prvUnlockQueue)
    i.pvPortMalloc                           0x0000c574   Section        0  heap_4.o(i.pvPortMalloc)
    i.pxPortInitialiseStack                  0x0000c654   Section        0  port.o(i.pxPortInitialiseStack)
    i.rtos_task1                             0x0000c678   Section        0  main.o(i.rtos_task1)
    rtos_task1                               0x0000c679   Thumb Code    60  main.o(i.rtos_task1)
    i.uart0_handler                          0x0000c6e0   Section        0  uart_drv.o(i.uart0_handler)
    i.uart1_callback                         0x0000c6f0   Section        0  main.o(i.uart1_callback)
    i.uart1_handler                          0x0000c7cc   Section        0  uart_drv.o(i.uart1_handler)
    i.uart2_handler                          0x0000c7dc   Section        0  uart_drv.o(i.uart2_handler)
    i.uart_init                              0x0000c7ec   Section        0  uart_drv.o(i.uart_init)
    i.uart_irqhandler                        0x0000c91c   Section        0  uart_drv.o(i.uart_irqhandler)
    uart_irqhandler                          0x0000c91d   Thumb Code   432  uart_drv.o(i.uart_irqhandler)
    i.uart_rx                                0x0000cacc   Section        0  uart_drv.o(i.uart_rx)
    i.uart_rx_line_int_handler               0x0000cbe4   Section        0  uart_drv.o(i.uart_rx_line_int_handler)
    uart_rx_line_int_handler                 0x0000cbe5   Thumb Code    98  uart_drv.o(i.uart_rx_line_int_handler)
    i.uart_send                              0x0000cc48   Section        0  retarget_drv_keil.o(i.uart_send)
    uart_send                                0x0000cc49   Thumb Code   120  retarget_drv_keil.o(i.uart_send)
    i.uart_tx                                0x0000ccd0   Section        0  uart_drv.o(i.uart_tx)
    i.uxListRemove                           0x0000cd90   Section        0  list.o(i.uxListRemove)
    i.vApplicationIdleHook                   0x0000cdb8   Section        0  port.o(i.vApplicationIdleHook)
    i.vListInitialise                        0x0000cddc   Section        0  list.o(i.vListInitialise)
    i.vListInitialiseItem                    0x0000cdf6   Section        0  list.o(i.vListInitialiseItem)
    i.vListInsert                            0x0000cdfc   Section        0  list.o(i.vListInsert)
    i.vListInsertEnd                         0x0000ce30   Section        0  list.o(i.vListInsertEnd)
    i.vPortEnterCritical                     0x0000ce48   Section        0  port.o(i.vPortEnterCritical)
    i.vPortExitCritical                      0x0000ce6c   Section        0  port.o(i.vPortExitCritical)
    i.vPortFree                              0x0000ce8c   Section        0  heap_4.o(i.vPortFree)
    i.vPortSetupTimerInterrupt               0x0000cee4   Section        0  port.o(i.vPortSetupTimerInterrupt)
    i.vQueueWaitForMessageRestricted         0x0000cf0c   Section        0  queue.o(i.vQueueWaitForMessageRestricted)
    i.vTaskDelay                             0x0000cf58   Section        0  tasks.o(i.vTaskDelay)
    i.vTaskInternalSetTimeOutState           0x0000cf8c   Section        0  tasks.o(i.vTaskInternalSetTimeOutState)
    i.vTaskMissedYield                       0x0000cfa4   Section        0  tasks.o(i.vTaskMissedYield)
    i.vTaskPlaceOnEventList                  0x0000cfb0   Section        0  tasks.o(i.vTaskPlaceOnEventList)
    i.vTaskPlaceOnEventListRestricted        0x0000cfd0   Section        0  tasks.o(i.vTaskPlaceOnEventListRestricted)
    i.vTaskStartScheduler                    0x0000cff8   Section        0  tasks.o(i.vTaskStartScheduler)
    i.vTaskSuspendAll                        0x0000d068   Section        0  tasks.o(i.vTaskSuspendAll)
    i.vTaskSwitchContext                     0x0000d078   Section        0  tasks.o(i.vTaskSwitchContext)
    i.xPortStartScheduler                    0x0000d0d8   Section        0  port.o(i.xPortStartScheduler)
    i.xPortSysTickHandler                    0x0000d10c   Section        0  port.o(i.xPortSysTickHandler)
    i.xQueueGenericCreate                    0x0000d144   Section        0  queue.o(i.xQueueGenericCreate)
    i.xQueueGenericReset                     0x0000d178   Section        0  queue.o(i.xQueueGenericReset)
    i.xQueueGenericSend                      0x0000d1f8   Section        0  queue.o(i.xQueueGenericSend)
    i.xQueueGenericSendFromISR               0x0000d310   Section        0  queue.o(i.xQueueGenericSendFromISR)
    i.xQueueReceive                          0x0000d39c   Section        0  queue.o(i.xQueueReceive)
    i.xQueueReceiveFromISR                   0x0000d4a0   Section        0  queue.o(i.xQueueReceiveFromISR)
    i.xTaskCheckForTimeOut                   0x0000d524   Section        0  tasks.o(i.xTaskCheckForTimeOut)
    i.xTaskCreate                            0x0000d580   Section        0  tasks.o(i.xTaskCreate)
    i.xTaskGetSchedulerState                 0x0000d5e0   Section        0  tasks.o(i.xTaskGetSchedulerState)
    i.xTaskGetTickCount                      0x0000d600   Section        0  tasks.o(i.xTaskGetTickCount)
    i.xTaskIncrementTick                     0x0000d60c   Section        0  tasks.o(i.xTaskIncrementTick)
    i.xTaskRemoveFromEventList               0x0000d728   Section        0  tasks.o(i.xTaskRemoveFromEventList)
    i.xTaskResumeAll                         0x0000d7a8   Section        0  tasks.o(i.xTaskResumeAll)
    i.xTimerCreateTimerTask                  0x0000d890   Section        0  timers.o(i.xTimerCreateTimerTask)
    i.xTimerGenericCommand                   0x0000d8cc   Section        0  timers.o(i.xTimerGenericCommand)
    .constdata                               0x0000d938   Section      216  system_cm3_mcu.o(.constdata)
    .constdata                               0x0000da10   Section      120  timer.o(.constdata)
    .constdata                               0x0000da88   Section       48  uart_drv.o(.constdata)
    m_uart_handle                            0x0000da88   Data          48  uart_drv.o(.constdata)
    .constdata                               0x0000dab8   Section      416  mp_sector.o(.constdata)
    .constdata                               0x0000dc58   Section       16  dma.o(.constdata)
    dma_addr                                 0x0000dc58   Data          16  dma.o(.constdata)
    .data                                    0x20000000   Section       36  main.o(.data)
    key1_pressed                             0x20000011   Data           1  main.o(.data)
    key2_pressed                             0x20000012   Data           1  main.o(.data)
    key3_pressed                             0x20000013   Data           1  main.o(.data)
    key1_tick                                0x20000014   Data           4  main.o(.data)
    key2_tick                                0x20000018   Data           4  main.o(.data)
    key3_tick                                0x2000001c   Data           4  main.o(.data)
    handle                                   0x20000020   Data           4  main.o(.data)
    .data                                    0x20000024   Section        8  system_cm3_mcu.o(.data)
    .data                                    0x2000002c   Section        8  retarget_drv_keil.o(.data)
    send_state                               0x2000002c   Data           1  retarget_drv_keil.o(.data)
    send_num                                 0x2000002e   Data           2  retarget_drv_keil.o(.data)
    tempbuffer                               0x20000030   Data           4  retarget_drv_keil.o(.data)
    .data                                    0x20000034   Section       33  mp_sector.o(.data)
    .data                                    0x20000058   Section        8  sysctrl.o(.data)
    .data                                    0x20000060   Section        4  sysfun.o(.data)
    critical_counter                         0x20000060   Data           4  sysfun.o(.data)
    .data                                    0x20000064   Section       60  tasks.o(.data)
    pxDelayedTaskList                        0x20000068   Data           4  tasks.o(.data)
    pxOverflowDelayedTaskList                0x2000006c   Data           4  tasks.o(.data)
    uxDeletedTasksWaitingCleanUp             0x20000070   Data           4  tasks.o(.data)
    uxCurrentNumberOfTasks                   0x20000074   Data           4  tasks.o(.data)
    xTickCount                               0x20000078   Data           4  tasks.o(.data)
    uxTopReadyPriority                       0x2000007c   Data           4  tasks.o(.data)
    xSchedulerRunning                        0x20000080   Data           4  tasks.o(.data)
    xPendedTicks                             0x20000084   Data           4  tasks.o(.data)
    xYieldPending                            0x20000088   Data           4  tasks.o(.data)
    xNumOfOverflows                          0x2000008c   Data           4  tasks.o(.data)
    uxTaskNumber                             0x20000090   Data           4  tasks.o(.data)
    xNextTaskUnblockTime                     0x20000094   Data           4  tasks.o(.data)
    xIdleTaskHandle                          0x20000098   Data           4  tasks.o(.data)
    uxSchedulerSuspended                     0x2000009c   Data           4  tasks.o(.data)
    .data                                    0x200000a0   Section       20  timers.o(.data)
    pxCurrentTimerList                       0x200000a0   Data           4  timers.o(.data)
    pxOverflowTimerList                      0x200000a4   Data           4  timers.o(.data)
    xTimerQueue                              0x200000a8   Data           4  timers.o(.data)
    xTimerTaskHandle                         0x200000ac   Data           4  timers.o(.data)
    xLastTime                                0x200000b0   Data           4  timers.o(.data)
    .data                                    0x200000b4   Section       32  heap_4.o(.data)
    xStart                                   0x200000b4   Data           8  heap_4.o(.data)
    pxEnd                                    0x200000bc   Data           4  heap_4.o(.data)
    xFreeBytesRemaining                      0x200000c0   Data           4  heap_4.o(.data)
    xMinimumEverFreeBytesRemaining           0x200000c4   Data           4  heap_4.o(.data)
    xNumberOfSuccessfulAllocations           0x200000c8   Data           4  heap_4.o(.data)
    xNumberOfSuccessfulFrees                 0x200000cc   Data           4  heap_4.o(.data)
    xBlockAllocatedBit                       0x200000d0   Data           4  heap_4.o(.data)
    .data                                    0x200000d4   Section        4  port.o(.data)
    uxCriticalNesting                        0x200000d4   Data           4  port.o(.data)
    .data                                    0x200000d8   Section        4  stdout.o(.data)
    .bss                                     0x200000dc   Section      408  retarget_drv_keil.o(.bss)
    sendbuf                                  0x200000dc   Data          12  retarget_drv_keil.o(.bss)
    recvbuf                                  0x200000e8   Data          12  retarget_drv_keil.o(.bss)
    send_buf                                 0x200000f4   Data         256  retarget_drv_keil.o(.bss)
    recv_buf                                 0x200001f4   Data         128  retarget_drv_keil.o(.bss)
    .bss                                     0x20000274   Section       40  timer.o(.bss)
    timer_cfg                                0x20000274   Data          40  timer.o(.bss)
    .bss                                     0x2000029c   Section      180  uart_drv.o(.bss)
    uart0_info                               0x2000029c   Data          60  uart_drv.o(.bss)
    uart1_info                               0x200002d8   Data          60  uart_drv.o(.bss)
    uart2_info                               0x20000314   Data          60  uart_drv.o(.bss)
    .bss                                     0x20000350   Section      672  mp_sector.o(.bss)
    otp_cal                                  0x20000350   Data         416  mp_sector.o(.bss)
    otp_rd_buf_addr                          0x200004f0   Data         256  mp_sector.o(.bss)
    .bss                                     0x200005f0   Section       16  dma.o(.bss)
    dma_usr_isr_cb                           0x200005f0   Data          16  dma.o(.bss)
    .bss                                     0x20000600   Section      256  gpio.o(.bss)
    user_isr                                 0x20000600   Data         256  gpio.o(.bss)
    .bss                                     0x20000700   Section      200  tasks.o(.bss)
    pxReadyTasksLists                        0x20000700   Data         100  tasks.o(.bss)
    xDelayedTaskList1                        0x20000764   Data          20  tasks.o(.bss)
    xDelayedTaskList2                        0x20000778   Data          20  tasks.o(.bss)
    xPendingReadyList                        0x2000078c   Data          20  tasks.o(.bss)
    xTasksWaitingTermination                 0x200007a0   Data          20  tasks.o(.bss)
    xSuspendedTaskList                       0x200007b4   Data          20  tasks.o(.bss)
    .bss                                     0x200007c8   Section       40  timers.o(.bss)
    xActiveTimerList1                        0x200007c8   Data          20  timers.o(.bss)
    xActiveTimerList2                        0x200007dc   Data          20  timers.o(.bss)
    .bss                                     0x200007f0   Section    20480  heap_4.o(.bss)
    ucHeap                                   0x200007f0   Data       20480  heap_4.o(.bss)
    STACK                                    0x200057f0   Section     2048  startup_cm3_mcu.o(STACK)

    Global Symbols

    Symbol Name                              Value     Ov Type        Size  Object(Section)

    BuildAttributes$$THM_ISAv4$P$D$K$B$S$PE$A:L22UL41UL21$X:L11$S22US41US21$IEEE1$IW$USESV6$~STKCKD$USESV7$~SHL$OSPACE$ROPI$EBA8$MICROLIB$REQ8$PRES8$EABIv2 0x00000000   Number         0  anon$$obj.o ABSOLUTE
    __ARM_use_no_argv                        0x00000000   Number         0  main.o ABSOLUTE
    _printf_a                                0x00000000   Number         0  stubs.o ABSOLUTE
    _printf_c                                0x00000000   Number         0  stubs.o ABSOLUTE
    _printf_charcount                        0x00000000   Number         0  stubs.o ABSOLUTE
    _printf_d                                0x00000000   Number         0  stubs.o ABSOLUTE
    _printf_e                                0x00000000   Number         0  stubs.o ABSOLUTE
    _printf_f                                0x00000000   Number         0  stubs.o ABSOLUTE
    _printf_flags                            0x00000000   Number         0  stubs.o ABSOLUTE
    _printf_fp_dec                           0x00000000   Number         0  stubs.o ABSOLUTE
    _printf_fp_hex                           0x00000000   Number         0  stubs.o ABSOLUTE
    _printf_g                                0x00000000   Number         0  stubs.o ABSOLUTE
    _printf_i                                0x00000000   Number         0  stubs.o ABSOLUTE
    _printf_int_dec                          0x00000000   Number         0  stubs.o ABSOLUTE
    _printf_l                                0x00000000   Number         0  stubs.o ABSOLUTE
    _printf_lc                               0x00000000   Number         0  stubs.o ABSOLUTE
    _printf_ll                               0x00000000   Number         0  stubs.o ABSOLUTE
    _printf_lld                              0x00000000   Number         0  stubs.o ABSOLUTE
    _printf_lli                              0x00000000   Number         0  stubs.o ABSOLUTE
    _printf_llo                              0x00000000   Number         0  stubs.o ABSOLUTE
    _printf_llu                              0x00000000   Number         0  stubs.o ABSOLUTE
    _printf_llx                              0x00000000   Number         0  stubs.o ABSOLUTE
    _printf_longlong_dec                     0x00000000   Number         0  stubs.o ABSOLUTE
    _printf_longlong_hex                     0x00000000   Number         0  stubs.o ABSOLUTE
    _printf_longlong_oct                     0x00000000   Number         0  stubs.o ABSOLUTE
    _printf_ls                               0x00000000   Number         0  stubs.o ABSOLUTE
    _printf_mbtowc                           0x00000000   Number         0  stubs.o ABSOLUTE
    _printf_n                                0x00000000   Number         0  stubs.o ABSOLUTE
    _printf_o                                0x00000000   Number         0  stubs.o ABSOLUTE
    _printf_p                                0x00000000   Number         0  stubs.o ABSOLUTE
    _printf_percent                          0x00000000   Number         0  stubs.o ABSOLUTE
    _printf_pre_padding                      0x00000000   Number         0  stubs.o ABSOLUTE
    _printf_return_value                     0x00000000   Number         0  stubs.o ABSOLUTE
    _printf_s                                0x00000000   Number         0  stubs.o ABSOLUTE
    _printf_sizespec                         0x00000000   Number         0  stubs.o ABSOLUTE
    _printf_str                              0x00000000   Number         0  stubs.o ABSOLUTE
    _printf_truncate_signed                  0x00000000   Number         0  stubs.o ABSOLUTE
    _printf_truncate_unsigned                0x00000000   Number         0  stubs.o ABSOLUTE
    _printf_u                                0x00000000   Number         0  stubs.o ABSOLUTE
    _printf_wc                               0x00000000   Number         0  stubs.o ABSOLUTE
    _printf_wctomb                           0x00000000   Number         0  stubs.o ABSOLUTE
    _printf_widthprec                        0x00000000   Number         0  stubs.o ABSOLUTE
    _printf_x                                0x00000000   Number         0  stubs.o ABSOLUTE
    __cpp_initialize__aeabi_                  - Undefined Weak Reference
    __cxa_finalize                            - Undefined Weak Reference
    __decompress                              - Undefined Weak Reference
    _clock_init                               - Undefined Weak Reference
    _microlib_exit                            - Undefined Weak Reference
    __Vectors_Size                           0x000000c4   Number         0  startup_cm3_mcu.o ABSOLUTE
    __Vectors                                0x00008000   Data           4  startup_cm3_mcu.o(RESET)
    __Vectors_End                            0x000080c4   Data           0  startup_cm3_mcu.o(RESET)
    __main                                   0x000080c5   Thumb Code     0  entry.o(.ARM.Collect$$$$00000000)
    _main_stk                                0x000080c5   Thumb Code     0  entry2.o(.ARM.Collect$$$$00000001)
    _main_scatterload                        0x000080c9   Thumb Code     0  entry5.o(.ARM.Collect$$$$00000004)
    __main_after_scatterload                 0x000080cd   Thumb Code     0  entry5.o(.ARM.Collect$$$$00000004)
    _main_clock                              0x000080cd   Thumb Code     0  entry7b.o(.ARM.Collect$$$$00000008)
    _main_cpp_init                           0x000080cd   Thumb Code     0  entry8b.o(.ARM.Collect$$$$0000000A)
    _main_init                               0x000080cd   Thumb Code     0  entry9a.o(.ARM.Collect$$$$0000000B)
    __rt_final_cpp                           0x000080d5   Thumb Code     0  entry10a.o(.ARM.Collect$$$$0000000D)
    __rt_final_exit                          0x000080d5   Thumb Code     0  entry11a.o(.ARM.Collect$$$$0000000F)
    vPortSVCHandler                          0x000080d9   Thumb Code    32  port.o(.emb_text)
    __asm___6_port_c_39a90d8d__prvStartFirstTask 0x000080fd   Thumb Code    28  port.o(.emb_text)
    xPortPendSVHandler                       0x0000811d   Thumb Code    72  port.o(.emb_text)
    vPortGetIPSR                             0x00008169   Thumb Code     6  port.o(.emb_text)
    Reset_Handler                            0x00008171   Thumb Code     8  startup_cm3_mcu.o(.text)
    NMI_Handler                              0x00008179   Thumb Code     2  startup_cm3_mcu.o(.text)
    HardFault_Handler                        0x0000817b   Thumb Code     2  startup_cm3_mcu.o(.text)
    MemManage_Handler                        0x0000817d   Thumb Code     2  startup_cm3_mcu.o(.text)
    BusFault_Handler                         0x0000817f   Thumb Code     2  startup_cm3_mcu.o(.text)
    UsageFault_Handler                       0x00008181   Thumb Code     2  startup_cm3_mcu.o(.text)
    SVC_Handler                              0x00008183   Thumb Code     2  startup_cm3_mcu.o(.text)
    DebugMon_Handler                         0x00008185   Thumb Code     2  startup_cm3_mcu.o(.text)
    PendSV_Handler                           0x00008187   Thumb Code     2  startup_cm3_mcu.o(.text)
    SysTick_Handler                          0x00008189   Thumb Code     2  startup_cm3_mcu.o(.text)
    Comp_Handler                             0x0000818b   Thumb Code     0  startup_cm3_mcu.o(.text)
    I2s_Handler                              0x0000818b   Thumb Code     0  startup_cm3_mcu.o(.text)
    Pwm0_Handler                             0x0000818b   Thumb Code     0  startup_cm3_mcu.o(.text)
    Pwm1_Handler                             0x0000818b   Thumb Code     0  startup_cm3_mcu.o(.text)
    Pwm2_Handler                             0x0000818b   Thumb Code     0  startup_cm3_mcu.o(.text)
    Pwm3_Handler                             0x0000818b   Thumb Code     0  startup_cm3_mcu.o(.text)
    Pwm4_Handler                             0x0000818b   Thumb Code     0  startup_cm3_mcu.o(.text)
    Sadc_Handler                             0x0000818b   Thumb Code     0  startup_cm3_mcu.o(.text)
    Sw_Handler                               0x0000818b   Thumb Code     0  startup_cm3_mcu.o(.text)
    Wdt_Handler                              0x0000818b   Thumb Code     0  startup_cm3_mcu.o(.text)
    bod_handler                              0x0000818b   Thumb Code     0  startup_cm3_mcu.o(.text)
    commsubsystem_handler                    0x0000818b   Thumb Code     0  startup_cm3_mcu.o(.text)
    crypto_handler                           0x0000818b   Thumb Code     0  startup_cm3_mcu.o(.text)
    dma1_c2_handler                          0x0000818b   Thumb Code     0  startup_cm3_mcu.o(.text)
    flashctl_handler                         0x0000818b   Thumb Code     0  startup_cm3_mcu.o(.text)
    i2cm_handler                             0x0000818b   Thumb Code     0  startup_cm3_mcu.o(.text)
    qspi0_handler                            0x0000818b   Thumb Code     0  startup_cm3_mcu.o(.text)
    qspi1_handler                            0x0000818b   Thumb Code     0  startup_cm3_mcu.o(.text)
    rtc_handler                              0x0000818b   Thumb Code     0  startup_cm3_mcu.o(.text)
    trng_handler                             0x0000818b   Thumb Code     0  startup_cm3_mcu.o(.text)
    __aeabi_memcpy                           0x00008195   Thumb Code    36  memcpya.o(.text)
    __aeabi_memcpy4                          0x00008195   Thumb Code     0  memcpya.o(.text)
    __aeabi_memcpy8                          0x00008195   Thumb Code     0  memcpya.o(.text)
    __aeabi_memset                           0x000081b9   Thumb Code    14  memseta.o(.text)
    __aeabi_memset4                          0x000081b9   Thumb Code     0  memseta.o(.text)
    __aeabi_memset8                          0x000081b9   Thumb Code     0  memseta.o(.text)
    __aeabi_memclr                           0x000081c7   Thumb Code     4  memseta.o(.text)
    __aeabi_memclr4                          0x000081c7   Thumb Code     0  memseta.o(.text)
    __aeabi_memclr8                          0x000081c7   Thumb Code     0  memseta.o(.text)
    _memset$wrapper                          0x000081cb   Thumb Code    18  memseta.o(.text)
    __aeabi_uidiv                            0x000081dd   Thumb Code     0  uidiv.o(.text)
    __aeabi_uidivmod                         0x000081dd   Thumb Code    44  uidiv.o(.text)
    __scatterload                            0x00008209   Thumb Code    28  init.o(.text)
    __scatterload_rt2                        0x00008209   Thumb Code     0  init.o(.text)
    Change_Ahb_System_Clk                    0x0000822d   Thumb Code   730  sysctrl.o(i.Change_Ahb_System_Clk)
    Comm_Subsystem_Disable_LDO_Mode          0x0000850d   Thumb Code    40  main.o(i.Comm_Subsystem_Disable_LDO_Mode)
    Delay_Init                               0x00008535   Thumb Code    66  sysctrl.o(i.Delay_Init)
    GetFirstValidMpId                        0x0000882d   Thumb Code    42  mp_sector.o(i.GetFirstValidMpId)
    GetMpSectorInfo                          0x00008859   Thumb Code   146  mp_sector.o(i.GetMpSectorInfo)
    GetNextMpId                              0x000088fd   Thumb Code    30  mp_sector.o(i.GetNextMpId)
    GetNextValidMpId                         0x0000891b   Thumb Code    26  mp_sector.o(i.GetNextValidMpId)
    Get_Ahb_System_Clk                       0x00008935   Thumb Code    96  sysctrl.o(i.Get_Ahb_System_Clk)
    Init_Default_Pin_Mux                     0x00008995   Thumb Code    70  main.o(i.Init_Default_Pin_Mux)
    Key_init                                 0x000089db   Thumb Code    86  main.o(i.Key_init)
    Key_scan                                 0x00008a31   Thumb Code   160  main.o(i.Key_scan)
    LED_init                                 0x00008ae9   Thumb Code    56  main.o(i.LED_init)
    MpCalCrystaltrimInit                     0x00008b25   Thumb Code    42  mp_sector.o(i.MpCalCrystaltrimInit)
    MpCalDcdcInit                            0x00008b55   Thumb Code    94  mp_sector.o(i.MpCalDcdcInit)
    MpCalIoldoInit                           0x00008bb9   Thumb Code    94  mp_sector.o(i.MpCalIoldoInit)
    MpCalLldoInit                            0x00008c1d   Thumb Code    94  mp_sector.o(i.MpCalLldoInit)
    MpCalPowerfailInit                       0x00008c81   Thumb Code    62  mp_sector.o(i.MpCalPowerfailInit)
    MpCalSioldoInit                          0x00008cc5   Thumb Code    94  mp_sector.o(i.MpCalSioldoInit)
    MpCalSldoInit                            0x00008d29   Thumb Code    94  mp_sector.o(i.MpCalSldoInit)
    MpCalibrationInit                        0x00008d8d   Thumb Code   126  mp_sector.o(i.MpCalibrationInit)
    MpSectorInit                             0x00008e11   Thumb Code   194  mp_sector.o(i.MpSectorInit)
    OtpAdcRangeCheck                         0x00008ee5   Thumb Code   122  mp_sector.o(i.OtpAdcRangeCheck)
    OtpLoadAdcValue                          0x00008f5f   Thumb Code    22  mp_sector.o(i.OtpLoadAdcValue)
    OtpLoadPmuValue                          0x00008f75   Thumb Code    22  mp_sector.o(i.OtpLoadPmuValue)
    OtpPmuRangeCheck                         0x00008f8d   Thumb Code   148  mp_sector.o(i.OtpPmuRangeCheck)
    OtpToMpAdcCal                            0x00009025   Thumb Code    92  mp_sector.o(i.OtpToMpAdcCal)
    OtpToMpCalibration                       0x00009081   Thumb Code  5764  mp_sector.o(i.OtpToMpCalibration)
    OtpToMpPmuMaxCheck                       0x0000a711   Thumb Code    52  mp_sector.o(i.OtpToMpPmuMaxCheck)
    OtpToMpVoselCal                          0x0000a749   Thumb Code   190  mp_sector.o(i.OtpToMpVoselCal)
    OtpVcmTempAdcRangeCheck                  0x0000a809   Thumb Code    62  mp_sector.o(i.OtpVcmTempAdcRangeCheck)
    Pll_Status_Check                         0x0000a84d   Thumb Code   120  sysctrl.o(i.Pll_Status_Check)
    Pll_Unlock_Check                         0x0000a8c9   Thumb Code   130  sysctrl.o(i.Pll_Unlock_Check)
    Rco40k_Analog_Calibration                0x0000a951   Thumb Code   326  system_cm3_mcu.o(i.Rco40k_Analog_Calibration)
    Reg_Bit_Write                            0x0000aaa5   Thumb Code    44  system_cm3_mcu.o(i.Reg_Bit_Write)
    RfMcu_DmaBusyCheck                       0x0000aad1   Thumb Code    22  rf_mcu_ahb.o(i.RfMcu_DmaBusyCheck)
    RfMcu_HostCtrlAhb                        0x0000aaed   Thumb Code    10  rf_mcu_ahb.o(i.RfMcu_HostCtrlAhb)
    RfMcu_HostWakeUpMcuAhb                   0x0000aafd   Thumb Code    22  rf_mcu_ahb.o(i.RfMcu_HostWakeUpMcuAhb)
    RfMcu_MemoryGetAhb                       0x0000ab15   Thumb Code    86  rf_mcu_ahb.o(i.RfMcu_MemoryGetAhb)
    RfMcu_MemorySetAhb                       0x0000ab71   Thumb Code    86  rf_mcu_ahb.o(i.RfMcu_MemorySetAhb)
    RfMcu_PowerStateGetAhb                   0x0000abcd   Thumb Code    10  rf_mcu_ahb.o(i.RfMcu_PowerStateGetAhb)
    SystemCoreClockUpdate                    0x0000abdd   Thumb Code    12  system_cm3_mcu.o(i.SystemCoreClockUpdate)
    SystemFrequencyUpdate                    0x0000abf5   Thumb Code    66  system_cm3_mcu.o(i.SystemFrequencyUpdate)
    SystemInit                               0x0000ac4d   Thumb Code   148  system_cm3_mcu.o(i.SystemInit)
    SystemPmuSetMode                         0x0000acf5   Thumb Code   150  system_cm3_mcu.o(i.SystemPmuSetMode)
    SystemPmuUpdateDcdc                      0x0000ad91   Thumb Code   826  system_cm3_mcu.o(i.SystemPmuUpdateDcdc)
    SystemPmuUpdateDig                       0x0000b0e1   Thumb Code   112  system_cm3_mcu.o(i.SystemPmuUpdateDig)
    Timer0_Callback                          0x0000b155   Thumb Code    54  main.o(i.Timer0_Callback)
    Timer0_Handler                           0x0000b1b1   Thumb Code    24  timer.o(i.Timer0_Handler)
    Timer1_Handler                           0x0000b1d1   Thumb Code    24  timer.o(i.Timer1_Handler)
    Timer2_Handler                           0x0000b1f1   Thumb Code    24  timer.o(i.Timer2_Handler)
    Timer3_Handler                           0x0000b211   Thumb Code    24  timer.o(i.Timer3_Handler)
    Timer4_Handler                           0x0000b231   Thumb Code    24  timer.o(i.Timer4_Handler)
    Timer_Int_Callback_Register              0x0000b251   Thumb Code     8  timer.o(i.Timer_Int_Callback_Register)
    Timer_Load                               0x0000b25d   Thumb Code    42  timer.o(i.Timer_Load)
    Timer_Open                               0x0000b28d   Thumb Code   122  timer.o(i.Timer_Open)
    Timer_Start                              0x0000b30d   Thumb Code   154  timer.o(i.Timer_Start)
    Timer_cfg                                0x0000b3b5   Thumb Code    58  main.o(i.Timer_cfg)
    __0printf$1                              0x0000b3f9   Thumb Code    22  printf1.o(i.__0printf$1)
    __1printf$1                              0x0000b3f9   Thumb Code     0  printf1.o(i.__0printf$1)
    __2printf                                0x0000b3f9   Thumb Code     0  printf1.o(i.__0printf$1)
    __scatterload_copy                       0x0000b469   Thumb Code    14  handlers.o(i.__scatterload_copy)
    __scatterload_null                       0x0000b477   Thumb Code     2  handlers.o(i.__scatterload_null)
    __scatterload_zeroinit                   0x0000b479   Thumb Code    14  handlers.o(i.__scatterload_zeroinit)
    console_drv_init                         0x0000b5dd   Thumb Code   108  retarget_drv_keil.o(i.console_drv_init)
    dma0_c0_handler                          0x0000b669   Thumb Code    10  dma.o(i.dma0_c0_handler)
    dma0_c1_handler                          0x0000b673   Thumb Code    10  dma.o(i.dma0_c1_handler)
    dma0_c2_handler                          0x0000b67d   Thumb Code    10  dma.o(i.dma0_c2_handler)
    dma0_c3_handler                          0x0000b687   Thumb Code    10  dma.o(i.dma0_c3_handler)
    enable_perclk                            0x0000b6cd   Thumb Code    32  sysctrl.o(i.enable_perclk)
    enter_critical_section                   0x0000b6ed   Thumb Code    28  sysfun.o(i.enter_critical_section)
    flash_get_deviceinfo                     0x0000b721   Thumb Code     6  flashctl.o(i.flash_get_deviceinfo)
    flash_read_otp_sec_page                  0x0000b72d   Thumb Code    80  flashctl.o(i.flash_read_otp_sec_page)
    flash_set_timing                         0x0000b7c5   Thumb Code    20  flashctl.o(i.flash_set_timing)
    flash_timing_init                        0x0000b7dd   Thumb Code   138  flashctl.o(i.flash_timing_init)
    fputc                                    0x0000b867   Thumb Code    26  retarget_drv_keil.o(i.fputc)
    gpio_cfg                                 0x0000b881   Thumb Code   126  gpio.o(i.gpio_cfg)
    gpio_handler                             0x0000b935   Thumb Code    60  gpio.o(i.gpio_handler)
    leave_critical_section                   0x0000ba51   Thumb Code    34  sysfun.o(i.leave_critical_section)
    main                                     0x0000ba7d   Thumb Code   178  main.o(i.main)
    pin_set_mode                             0x0000bb65   Thumb Code    46  sysctrl.o(i.pin_set_mode)
    pin_set_pullopt                          0x0000bb99   Thumb Code    46  sysctrl.o(i.pin_set_pullopt)
    pvPortMalloc                             0x0000c575   Thumb Code   198  heap_4.o(i.pvPortMalloc)
    pxPortInitialiseStack                    0x0000c655   Thumb Code    30  port.o(i.pxPortInitialiseStack)
    uart0_handler                            0x0000c6e1   Thumb Code    10  uart_drv.o(i.uart0_handler)
    uart1_callback                           0x0000c6f1   Thumb Code   102  main.o(i.uart1_callback)
    uart1_handler                            0x0000c7cd   Thumb Code    10  uart_drv.o(i.uart1_handler)
    uart2_handler                            0x0000c7dd   Thumb Code    10  uart_drv.o(i.uart2_handler)
    uart_init                                0x0000c7ed   Thumb Code   290  uart_drv.o(i.uart_init)
    uart_rx                                  0x0000cacd   Thumb Code   276  uart_drv.o(i.uart_rx)
    uart_tx                                  0x0000ccd1   Thumb Code   188  uart_drv.o(i.uart_tx)
    uxListRemove                             0x0000cd91   Thumb Code    40  list.o(i.uxListRemove)
    vApplicationIdleHook                     0x0000cdb9   Thumb Code    28  port.o(i.vApplicationIdleHook)
    vListInitialise                          0x0000cddd   Thumb Code    26  list.o(i.vListInitialise)
    vListInitialiseItem                      0x0000cdf7   Thumb Code     6  list.o(i.vListInitialiseItem)
    vListInsert                              0x0000cdfd   Thumb Code    52  list.o(i.vListInsert)
    vListInsertEnd                           0x0000ce31   Thumb Code    24  list.o(i.vListInsertEnd)
    vPortEnterCritical                       0x0000ce49   Thumb Code    30  port.o(i.vPortEnterCritical)
    vPortExitCritical                        0x0000ce6d   Thumb Code    28  port.o(i.vPortExitCritical)
    vPortFree                                0x0000ce8d   Thumb Code    74  heap_4.o(i.vPortFree)
    vPortSetupTimerInterrupt                 0x0000cee5   Thumb Code    36  port.o(i.vPortSetupTimerInterrupt)
    vQueueWaitForMessageRestricted           0x0000cf0d   Thumb Code    74  queue.o(i.vQueueWaitForMessageRestricted)
    vTaskDelay                               0x0000cf59   Thumb Code    46  tasks.o(i.vTaskDelay)
    vTaskInternalSetTimeOutState             0x0000cf8d   Thumb Code    14  tasks.o(i.vTaskInternalSetTimeOutState)
    vTaskMissedYield                         0x0000cfa5   Thumb Code     8  tasks.o(i.vTaskMissedYield)
    vTaskPlaceOnEventList                    0x0000cfb1   Thumb Code    28  tasks.o(i.vTaskPlaceOnEventList)
    vTaskPlaceOnEventListRestricted          0x0000cfd1   Thumb Code    36  tasks.o(i.vTaskPlaceOnEventListRestricted)
    vTaskStartScheduler                      0x0000cff9   Thumb Code    82  tasks.o(i.vTaskStartScheduler)
    vTaskSuspendAll                          0x0000d069   Thumb Code    12  tasks.o(i.vTaskSuspendAll)
    vTaskSwitchContext                       0x0000d079   Thumb Code    76  tasks.o(i.vTaskSwitchContext)
    xPortStartScheduler                      0x0000d0d9   Thumb Code    44  port.o(i.xPortStartScheduler)
    xPortSysTickHandler                      0x0000d10d   Thumb Code    50  port.o(i.xPortSysTickHandler)
    xQueueGenericCreate                      0x0000d145   Thumb Code    52  queue.o(i.xQueueGenericCreate)
    xQueueGenericReset                       0x0000d179   Thumb Code   122  queue.o(i.xQueueGenericReset)
    xQueueGenericSend                        0x0000d1f9   Thumb Code   276  queue.o(i.xQueueGenericSend)
    xQueueGenericSendFromISR                 0x0000d311   Thumb Code   138  queue.o(i.xQueueGenericSendFromISR)
    xQueueReceive                            0x0000d39d   Thumb Code   256  queue.o(i.xQueueReceive)
    xQueueReceiveFromISR                     0x0000d4a1   Thumb Code   130  queue.o(i.xQueueReceiveFromISR)
    xTaskCheckForTimeOut                     0x0000d525   Thumb Code    84  tasks.o(i.xTaskCheckForTimeOut)
    xTaskCreate                              0x0000d581   Thumb Code    96  tasks.o(i.xTaskCreate)
    xTaskGetSchedulerState                   0x0000d5e1   Thumb Code    24  tasks.o(i.xTaskGetSchedulerState)
    xTaskGetTickCount                        0x0000d601   Thumb Code     6  tasks.o(i.xTaskGetTickCount)
    xTaskIncrementTick                       0x0000d60d   Thumb Code   238  tasks.o(i.xTaskIncrementTick)
    xTaskRemoveFromEventList                 0x0000d729   Thumb Code   104  tasks.o(i.xTaskRemoveFromEventList)
    xTaskResumeAll                           0x0000d7a9   Thumb Code   196  tasks.o(i.xTaskResumeAll)
    xTimerCreateTimerTask                    0x0000d891   Thumb Code    40  timers.o(i.xTimerCreateTimerTask)
    xTimerGenericCommand                     0x0000d8cd   Thumb Code   102  timers.o(i.xTimerGenericCommand)
    pmu_ap_init_table_dcdc                   0x0000d938   Data          36  system_cm3_mcu.o(.constdata)
    pmu_mp_init_table_dcdc                   0x0000d95c   Data         180  system_cm3_mcu.o(.constdata)
    otp_cal_t                                0x0000dab8   Data         416  mp_sector.o(.constdata)
    Region$$Table$$Base                      0x0000dc68   Number         0  anon$$obj.o(Region$$Table)
    Region$$Table$$Limit                     0x0000dc88   Number         0  anon$$obj.o(Region$$Table)
    rtos_task1_handele                       0x20000000   Data           4  main.o(.data)
    keyprocess_task_handele                  0x20000004   Data           4  main.o(.data)
    KEY_QUEUE                                0x20000008   Data           4  main.o(.data)
    MSG_QUEUE                                0x2000000c   Data           4  main.o(.data)
    rec_com_data                             0x20000010   Data           1  main.o(.data)
    SystemFrequency                          0x20000024   Data           4  system_cm3_mcu.o(.data)
    SystemCoreClock                          0x20000028   Data           4  system_cm3_mcu.o(.data)
    mp_cal_vbatadc_flag                      0x20000034   Data           1  mp_sector.o(.data)
    mp_cal_vbatadc_v1                        0x20000036   Data           2  mp_sector.o(.data)
    mp_cal_vbatadc_adc1                      0x20000038   Data           2  mp_sector.o(.data)
    mp_cal_vbatadc_v2                        0x2000003a   Data           2  mp_sector.o(.data)
    mp_cal_vbatadc_adc2                      0x2000003c   Data           2  mp_sector.o(.data)
    mp_cal_aioadc_flag                       0x2000003e   Data           1  mp_sector.o(.data)
    mp_cal_aioadc_v1                         0x20000040   Data           2  mp_sector.o(.data)
    mp_cal_aioadc_adc1                       0x20000042   Data           2  mp_sector.o(.data)
    mp_cal_aioadc_v2                         0x20000044   Data           2  mp_sector.o(.data)
    mp_cal_aioadc_adc2                       0x20000046   Data           2  mp_sector.o(.data)
    mp_cal_vcmadc_flag                       0x20000048   Data           1  mp_sector.o(.data)
    mp_cal_vcmadc_enable                     0x20000049   Data           1  mp_sector.o(.data)
    mp_cal_vcmadc_adc1                       0x2000004a   Data           2  mp_sector.o(.data)
    mp_cal_tempadc_flag                      0x2000004c   Data           1  mp_sector.o(.data)
    mp_cal_tempadc_adc1                      0x2000004e   Data           2  mp_sector.o(.data)
    mp_cal_tempk_flag                        0x20000050   Data           1  mp_sector.o(.data)
    mp_cal_tempk_value                       0x20000052   Data           2  mp_sector.o(.data)
    mp_sector_valid                          0x20000054   Data           1  mp_sector.o(.data)
    Delay_us                                 0x20000058   Data           4  sysctrl.o(.data)
    Delay_ms                                 0x2000005c   Data           4  sysctrl.o(.data)
    pxCurrentTCB                             0x20000064   Data           4  tasks.o(.data)
    __stdout                                 0x200000d8   Data           4  stdout.o(.data)
    __initial_sp                             0x20005ff0   Data           0  startup_cm3_mcu.o(STACK)



==============================================================================

Memory Map of the image

  Image Entry point : 0x000080c5

  Load Region LR_IROM1 (Base: 0x00008000, Size: 0x00005d64, Max: 0x00074000, ABSOLUTE)

    Execution Region ER_IROM1 (Exec base: 0x00008000, Load base: 0x00008000, Size: 0x00005c88, Max: 0x00074000, ABSOLUTE)

    Exec Addr    Load Addr    Size         Type   Attr      Idx    E Section Name        Object

    0x00008000   0x00008000   0x000000c4   Data   RO          431    RESET               startup_cm3_mcu.o
    0x000080c4   0x000080c4   0x00000000   Code   RO         2732  * .ARM.Collect$$$$00000000  mc_w.l(entry.o)
    0x000080c4   0x000080c4   0x00000004   Code   RO         3002    .ARM.Collect$$$$00000001  mc_w.l(entry2.o)
    0x000080c8   0x000080c8   0x00000004   Code   RO         3005    .ARM.Collect$$$$00000004  mc_w.l(entry5.o)
    0x000080cc   0x000080cc   0x00000000   Code   RO         3007    .ARM.Collect$$$$00000008  mc_w.l(entry7b.o)
    0x000080cc   0x000080cc   0x00000000   Code   RO         3009    .ARM.Collect$$$$0000000A  mc_w.l(entry8b.o)
    0x000080cc   0x000080cc   0x00000008   Code   RO         3010    .ARM.Collect$$$$0000000B  mc_w.l(entry9a.o)
    0x000080d4   0x000080d4   0x00000000   Code   RO         3012    .ARM.Collect$$$$0000000D  mc_w.l(entry10a.o)
    0x000080d4   0x000080d4   0x00000000   Code   RO         3014    .ARM.Collect$$$$0000000F  mc_w.l(entry11a.o)
    0x000080d4   0x000080d4   0x00000004   Code   RO         3003    .ARM.Collect$$$$00002712  mc_w.l(entry2.o)
    0x000080d8   0x000080d8   0x00000096   Code   RO         2586    .emb_text           port.o
    0x0000816e   0x0000816e   0x00000002   PAD
    0x00008170   0x00008170   0x00000024   Code   RO          432    .text               startup_cm3_mcu.o
    0x00008194   0x00008194   0x00000024   Code   RO         2735    .text               mc_w.l(memcpya.o)
    0x000081b8   0x000081b8   0x00000024   Code   RO         2737    .text               mc_w.l(memseta.o)
    0x000081dc   0x000081dc   0x0000002c   Code   RO         3017    .text               mc_w.l(uidiv.o)
    0x00008208   0x00008208   0x00000024   Code   RO         3032    .text               mc_w.l(init.o)
    0x0000822c   0x0000822c   0x000002e0   Code   RO         1515    i.Change_Ahb_System_Clk  sysctrl.o
    0x0000850c   0x0000850c   0x00000028   Code   RO            4    i.Comm_Subsystem_Disable_LDO_Mode  main.o
    0x00008534   0x00008534   0x00000064   Code   RO         1516    i.Delay_Init        sysctrl.o
    0x00008598   0x00008598   0x0000005c   Code   RO         1517    i.Delay_ms_32MHz    sysctrl.o
    0x000085f4   0x000085f4   0x00000078   Code   RO         1518    i.Delay_ms_48MHz    sysctrl.o
    0x0000866c   0x0000866c   0x00000094   Code   RO         1519    i.Delay_ms_64MHz    sysctrl.o
    0x00008700   0x00008700   0x00000044   Code   RO         1520    i.Delay_us_32MHz    sysctrl.o
    0x00008744   0x00008744   0x00000064   Code   RO         1521    i.Delay_us_48MHz    sysctrl.o
    0x000087a8   0x000087a8   0x00000084   Code   RO         1522    i.Delay_us_64MHz    sysctrl.o
    0x0000882c   0x0000882c   0x0000002a   Code   RO          969    i.GetFirstValidMpId  mp_sector.o
    0x00008856   0x00008856   0x00000002   PAD
    0x00008858   0x00008858   0x000000a4   Code   RO          970    i.GetMpSectorInfo   mp_sector.o
    0x000088fc   0x000088fc   0x0000001e   Code   RO          971    i.GetNextMpId       mp_sector.o
    0x0000891a   0x0000891a   0x0000001a   Code   RO          972    i.GetNextValidMpId  mp_sector.o
    0x00008934   0x00008934   0x00000060   Code   RO         1523    i.Get_Ahb_System_Clk  sysctrl.o
    0x00008994   0x00008994   0x00000046   Code   RO            5    i.Init_Default_Pin_Mux  main.o
    0x000089da   0x000089da   0x00000056   Code   RO            6    i.Key_init          main.o
    0x00008a30   0x00008a30   0x000000b8   Code   RO            7    i.Key_scan          main.o
    0x00008ae8   0x00008ae8   0x0000003c   Code   RO            8    i.LED_init          main.o
    0x00008b24   0x00008b24   0x00000030   Code   RO          978    i.MpCalCrystaltrimInit  mp_sector.o
    0x00008b54   0x00008b54   0x00000064   Code   RO          979    i.MpCalDcdcInit     mp_sector.o
    0x00008bb8   0x00008bb8   0x00000064   Code   RO          980    i.MpCalIoldoInit    mp_sector.o
    0x00008c1c   0x00008c1c   0x00000064   Code   RO          983    i.MpCalLldoInit     mp_sector.o
    0x00008c80   0x00008c80   0x00000044   Code   RO          984    i.MpCalPowerfailInit  mp_sector.o
    0x00008cc4   0x00008cc4   0x00000064   Code   RO          987    i.MpCalSioldoInit   mp_sector.o
    0x00008d28   0x00008d28   0x00000064   Code   RO          988    i.MpCalSldoInit     mp_sector.o
    0x00008d8c   0x00008d8c   0x00000084   Code   RO          996    i.MpCalibrationInit  mp_sector.o
    0x00008e10   0x00008e10   0x000000d4   Code   RO          997    i.MpSectorInit      mp_sector.o
    0x00008ee4   0x00008ee4   0x0000007a   Code   RO          999    i.OtpAdcRangeCheck  mp_sector.o
    0x00008f5e   0x00008f5e   0x00000016   Code   RO         1000    i.OtpLoadAdcValue   mp_sector.o
    0x00008f74   0x00008f74   0x00000016   Code   RO         1001    i.OtpLoadPmuValue   mp_sector.o
    0x00008f8a   0x00008f8a   0x00000002   PAD
    0x00008f8c   0x00008f8c   0x00000098   Code   RO         1003    i.OtpPmuRangeCheck  mp_sector.o
    0x00009024   0x00009024   0x0000005c   Code   RO         1004    i.OtpToMpAdcCal     mp_sector.o
    0x00009080   0x00009080   0x00001690   Code   RO         1005    i.OtpToMpCalibration  mp_sector.o
    0x0000a710   0x0000a710   0x00000038   Code   RO         1006    i.OtpToMpPmuMaxCheck  mp_sector.o
    0x0000a748   0x0000a748   0x000000be   Code   RO         1007    i.OtpToMpVoselCal   mp_sector.o
    0x0000a806   0x0000a806   0x00000002   PAD
    0x0000a808   0x0000a808   0x00000044   Code   RO         1008    i.OtpVcmTempAdcRangeCheck  mp_sector.o
    0x0000a84c   0x0000a84c   0x0000007c   Code   RO         1524    i.Pll_Status_Check  sysctrl.o
    0x0000a8c8   0x0000a8c8   0x00000088   Code   RO         1525    i.Pll_Unlock_Check  sysctrl.o
    0x0000a950   0x0000a950   0x00000154   Code   RO          335    i.Rco40k_Analog_Calibration  system_cm3_mcu.o
    0x0000aaa4   0x0000aaa4   0x0000002c   Code   RO          336    i.Reg_Bit_Write     system_cm3_mcu.o
    0x0000aad0   0x0000aad0   0x0000001c   Code   RO         2678    i.RfMcu_DmaBusyCheck  lib_rf_mcu.lib(rf_mcu_ahb.o)
    0x0000aaec   0x0000aaec   0x00000010   Code   RO         2682    i.RfMcu_HostCtrlAhb  lib_rf_mcu.lib(rf_mcu_ahb.o)
    0x0000aafc   0x0000aafc   0x00000016   Code   RO         2683    i.RfMcu_HostWakeUpMcuAhb  lib_rf_mcu.lib(rf_mcu_ahb.o)
    0x0000ab12   0x0000ab12   0x00000002   PAD
    0x0000ab14   0x0000ab14   0x0000005c   Code   RO         2692    i.RfMcu_MemoryGetAhb  lib_rf_mcu.lib(rf_mcu_ahb.o)
    0x0000ab70   0x0000ab70   0x0000005c   Code   RO         2693    i.RfMcu_MemorySetAhb  lib_rf_mcu.lib(rf_mcu_ahb.o)
    0x0000abcc   0x0000abcc   0x00000010   Code   RO         2694    i.RfMcu_PowerStateGetAhb  lib_rf_mcu.lib(rf_mcu_ahb.o)
    0x0000abdc   0x0000abdc   0x00000018   Code   RO          337    i.SystemCoreClockUpdate  system_cm3_mcu.o
    0x0000abf4   0x0000abf4   0x00000058   Code   RO          338    i.SystemFrequencyUpdate  system_cm3_mcu.o
    0x0000ac4c   0x0000ac4c   0x000000a8   Code   RO          339    i.SystemInit        system_cm3_mcu.o
    0x0000acf4   0x0000acf4   0x0000009c   Code   RO          340    i.SystemPmuSetMode  system_cm3_mcu.o
    0x0000ad90   0x0000ad90   0x00000350   Code   RO          341    i.SystemPmuUpdateDcdc  system_cm3_mcu.o
    0x0000b0e0   0x0000b0e0   0x00000074   Code   RO          342    i.SystemPmuUpdateDig  system_cm3_mcu.o
    0x0000b154   0x0000b154   0x0000005c   Code   RO            9    i.Timer0_Callback   main.o
    0x0000b1b0   0x0000b1b0   0x00000020   Code   RO          690    i.Timer0_Handler    timer.o
    0x0000b1d0   0x0000b1d0   0x00000020   Code   RO          691    i.Timer1_Handler    timer.o
    0x0000b1f0   0x0000b1f0   0x00000020   Code   RO          692    i.Timer2_Handler    timer.o
    0x0000b210   0x0000b210   0x00000020   Code   RO          693    i.Timer3_Handler    timer.o
    0x0000b230   0x0000b230   0x00000020   Code   RO          694    i.Timer4_Handler    timer.o
    0x0000b250   0x0000b250   0x0000000c   Code   RO          697    i.Timer_Int_Callback_Register  timer.o
    0x0000b25c   0x0000b25c   0x00000030   Code   RO          699    i.Timer_Load        timer.o
    0x0000b28c   0x0000b28c   0x00000080   Code   RO          700    i.Timer_Open        timer.o
    0x0000b30c   0x0000b30c   0x000000a8   Code   RO          701    i.Timer_Start       timer.o
    0x0000b3b4   0x0000b3b4   0x00000044   Code   RO           10    i.Timer_cfg         main.o
    0x0000b3f8   0x0000b3f8   0x00000020   Code   RO         2786    i.__0printf$1       mc_w.l(printf1.o)
    0x0000b418   0x0000b418   0x0000001c   Code   RO          817    i.__NVIC_ClearPendingIRQ  uart_drv.o
    0x0000b434   0x0000b434   0x0000001a   Code   RO          705    i.__NVIC_EnableIRQ  timer.o
    0x0000b44e   0x0000b44e   0x0000001a   Code   RO          818    i.__NVIC_EnableIRQ  uart_drv.o
    0x0000b468   0x0000b468   0x0000000e   Code   RO         3044    i.__scatterload_copy  mc_w.l(handlers.o)
    0x0000b476   0x0000b476   0x00000002   Code   RO         3045    i.__scatterload_null  mc_w.l(handlers.o)
    0x0000b478   0x0000b478   0x0000000e   Code   RO         3046    i.__scatterload_zeroinit  mc_w.l(handlers.o)
    0x0000b486   0x0000b486   0x00000002   PAD
    0x0000b488   0x0000b488   0x00000154   Code   RO         2793    i._printf_core      mc_w.l(printf1.o)
    0x0000b5dc   0x0000b5dc   0x0000008c   Code   RO          609    i.console_drv_init  retarget_drv_keil.o
    0x0000b668   0x0000b668   0x0000000a   Code   RO         1370    i.dma0_c0_handler   dma.o
    0x0000b672   0x0000b672   0x0000000a   Code   RO         1371    i.dma0_c1_handler   dma.o
    0x0000b67c   0x0000b67c   0x0000000a   Code   RO         1372    i.dma0_c2_handler   dma.o
    0x0000b686   0x0000b686   0x0000000a   Code   RO         1373    i.dma0_c3_handler   dma.o
    0x0000b690   0x0000b690   0x0000003c   Code   RO         1380    i.dma_isr_handle    dma.o
    0x0000b6cc   0x0000b6cc   0x00000020   Code   RO         1528    i.enable_perclk     sysctrl.o
    0x0000b6ec   0x0000b6ec   0x00000024   Code   RO         1668    i.enter_critical_section  sysfun.o
    0x0000b710   0x0000b710   0x00000010   Code   RO          440    i.flash_check_busy  flashctl.o
    0x0000b720   0x0000b720   0x0000000c   Code   RO          445    i.flash_get_deviceinfo  flashctl.o
    0x0000b72c   0x0000b72c   0x00000054   Code   RO          450    i.flash_read_otp_sec_page  flashctl.o
    0x0000b780   0x0000b780   0x00000044   Code   RO          451    i.flash_read_otp_sec_register  flashctl.o
    0x0000b7c4   0x0000b7c4   0x00000018   Code   RO          456    i.flash_set_timing  flashctl.o
    0x0000b7dc   0x0000b7dc   0x0000008a   Code   RO          459    i.flash_timing_init  flashctl.o
    0x0000b866   0x0000b866   0x0000001a   Code   RO          612    i.fputc             retarget_drv_keil.o
    0x0000b880   0x0000b880   0x00000084   Code   RO         1477    i.gpio_cfg          gpio.o
    0x0000b904   0x0000b904   0x00000012   Code   RO           11    i.gpio_cfg_input    main.o
    0x0000b916   0x0000b916   0x00000010   Code   RO           12    i.gpio_cfg_output   main.o
    0x0000b926   0x0000b926   0x0000000c   Code   RO           13    i.gpio_debounce_enable  main.o
    0x0000b932   0x0000b932   0x00000002   PAD
    0x0000b934   0x0000b934   0x00000040   Code   RO         1478    i.gpio_handler      gpio.o
    0x0000b974   0x0000b974   0x0000000c   Code   RO           14    i.gpio_pin_clear    main.o
    0x0000b980   0x0000b980   0x00000018   Code   RO           15    i.gpio_pin_get      main.o
    0x0000b998   0x0000b998   0x00000022   Code   RO           16    i.gpio_pin_toggle   main.o
    0x0000b9ba   0x0000b9ba   0x00000002   PAD
    0x0000b9bc   0x0000b9bc   0x00000094   Code   RO           17    i.keyprocess_task   main.o
    0x0000ba50   0x0000ba50   0x0000002c   Code   RO         1669    i.leave_critical_section  sysfun.o
    0x0000ba7c   0x0000ba7c   0x000000e8   Code   RO           18    i.main              main.o
    0x0000bb64   0x0000bb64   0x00000034   Code   RO         1533    i.pin_set_mode      sysctrl.o
    0x0000bb98   0x0000bb98   0x00000034   Code   RO         1534    i.pin_set_pullopt   sysctrl.o
    0x0000bbcc   0x0000bbcc   0x000000c4   Code   RO          613    i.printf_callback   retarget_drv_keil.o
    0x0000bc90   0x0000bc90   0x00000098   Code   RO         2040    i.prvAddCurrentTaskToDelayedList  tasks.o
    0x0000bd28   0x0000bd28   0x000000b8   Code   RO         2041    i.prvAddNewTaskToReadyList  tasks.o
    0x0000bde0   0x0000bde0   0x0000004c   Code   RO         2383    i.prvCheckForValidListAndQueue  timers.o
    0x0000be2c   0x0000be2c   0x00000048   Code   RO         2042    i.prvCheckTasksWaitingTermination  tasks.o
    0x0000be74   0x0000be74   0x0000002a   Code   RO         1876    i.prvCopyDataFromQueue  queue.o
    0x0000be9e   0x0000be9e   0x0000006a   Code   RO         1877    i.prvCopyDataToQueue  queue.o
    0x0000bf08   0x0000bf08   0x00000012   Code   RO         2043    i.prvDeleteTCB      tasks.o
    0x0000bf1a   0x0000bf1a   0x00000002   PAD
    0x0000bf1c   0x0000bf1c   0x00000028   Code   RO         2384    i.prvGetNextExpireTime  timers.o
    0x0000bf44   0x0000bf44   0x0000007c   Code   RO         2528    i.prvHeapInit       heap_4.o
    0x0000bfc0   0x0000bfc0   0x0000002c   Code   RO         2044    i.prvIdleTask       tasks.o
    0x0000bfec   0x0000bfec   0x0000002a   Code   RO         1878    i.prvInitialiseNewQueue  queue.o
    0x0000c016   0x0000c016   0x00000098   Code   RO         2045    i.prvInitialiseNewTask  tasks.o
    0x0000c0ae   0x0000c0ae   0x00000002   PAD
    0x0000c0b0   0x0000c0b0   0x00000068   Code   RO         2046    i.prvInitialiseTaskLists  tasks.o
    0x0000c118   0x0000c118   0x00000068   Code   RO         2529    i.prvInsertBlockIntoFreeList  heap_4.o
    0x0000c180   0x0000c180   0x00000058   Code   RO         2386    i.prvInsertTimerInActiveList  timers.o
    0x0000c1d8   0x0000c1d8   0x0000001a   Code   RO         1879    i.prvIsQueueEmpty   queue.o
    0x0000c1f2   0x0000c1f2   0x0000001e   Code   RO         1880    i.prvIsQueueFull    queue.o
    0x0000c210   0x0000c210   0x0000005c   Code   RO         2387    i.prvProcessExpiredTimer  timers.o
    0x0000c26c   0x0000c26c   0x000000fc   Code   RO         2388    i.prvProcessReceivedCommands  timers.o
    0x0000c368   0x0000c368   0x00000074   Code   RO         2389    i.prvProcessTimerOrBlockTask  timers.o
    0x0000c3dc   0x0000c3dc   0x00000034   Code   RO         2048    i.prvResetNextTaskUnblockTime  tasks.o
    0x0000c410   0x0000c410   0x0000002c   Code   RO         2390    i.prvSampleTimeNow  timers.o
    0x0000c43c   0x0000c43c   0x00000088   Code   RO         2391    i.prvSwitchTimerLists  timers.o
    0x0000c4c4   0x0000c4c4   0x00000016   Code   RO         2587    i.prvTaskExitError  port.o
    0x0000c4da   0x0000c4da   0x0000001a   Code   RO         2392    i.prvTimerTask      timers.o
    0x0000c4f4   0x0000c4f4   0x0000007e   Code   RO         1881    i.prvUnlockQueue    queue.o
    0x0000c572   0x0000c572   0x00000002   PAD
    0x0000c574   0x0000c574   0x000000e0   Code   RO         2530    i.pvPortMalloc      heap_4.o
    0x0000c654   0x0000c654   0x00000024   Code   RO         2588    i.pxPortInitialiseStack  port.o
    0x0000c678   0x0000c678   0x00000068   Code   RO           19    i.rtos_task1        main.o
    0x0000c6e0   0x0000c6e0   0x00000010   Code   RO          819    i.uart0_handler     uart_drv.o
    0x0000c6f0   0x0000c6f0   0x000000dc   Code   RO           20    i.uart1_callback    main.o
    0x0000c7cc   0x0000c7cc   0x00000010   Code   RO          820    i.uart1_handler     uart_drv.o
    0x0000c7dc   0x0000c7dc   0x00000010   Code   RO          821    i.uart2_handler     uart_drv.o
    0x0000c7ec   0x0000c7ec   0x00000130   Code   RO          823    i.uart_init         uart_drv.o
    0x0000c91c   0x0000c91c   0x000001b0   Code   RO          824    i.uart_irqhandler   uart_drv.o
    0x0000cacc   0x0000cacc   0x00000118   Code   RO          826    i.uart_rx           uart_drv.o
    0x0000cbe4   0x0000cbe4   0x00000062   Code   RO          829    i.uart_rx_line_int_handler  uart_drv.o
    0x0000cc46   0x0000cc46   0x00000002   PAD
    0x0000cc48   0x0000cc48   0x00000088   Code   RO          617    i.uart_send         retarget_drv_keil.o
    0x0000ccd0   0x0000ccd0   0x000000c0   Code   RO          835    i.uart_tx           uart_drv.o
    0x0000cd90   0x0000cd90   0x00000028   Code   RO         1837    i.uxListRemove      list.o
    0x0000cdb8   0x0000cdb8   0x00000024   Code   RO         2589    i.vApplicationIdleHook  port.o
    0x0000cddc   0x0000cddc   0x0000001a   Code   RO         1838    i.vListInitialise   list.o
    0x0000cdf6   0x0000cdf6   0x00000006   Code   RO         1839    i.vListInitialiseItem  list.o
    0x0000cdfc   0x0000cdfc   0x00000034   Code   RO         1840    i.vListInsert       list.o
    0x0000ce30   0x0000ce30   0x00000018   Code   RO         1841    i.vListInsertEnd    list.o
    0x0000ce48   0x0000ce48   0x00000024   Code   RO         2591    i.vPortEnterCritical  port.o
    0x0000ce6c   0x0000ce6c   0x00000020   Code   RO         2592    i.vPortExitCritical  port.o
    0x0000ce8c   0x0000ce8c   0x00000058   Code   RO         2531    i.vPortFree         heap_4.o
    0x0000cee4   0x0000cee4   0x00000028   Code   RO         2593    i.vPortSetupTimerInterrupt  port.o
    0x0000cf0c   0x0000cf0c   0x0000004a   Code   RO         1889    i.vQueueWaitForMessageRestricted  queue.o
    0x0000cf56   0x0000cf56   0x00000002   PAD
    0x0000cf58   0x0000cf58   0x00000034   Code   RO         2059    i.vTaskDelay        tasks.o
    0x0000cf8c   0x0000cf8c   0x00000018   Code   RO         2064    i.vTaskInternalSetTimeOutState  tasks.o
    0x0000cfa4   0x0000cfa4   0x0000000c   Code   RO         2065    i.vTaskMissedYield  tasks.o
    0x0000cfb0   0x0000cfb0   0x00000020   Code   RO         2067    i.vTaskPlaceOnEventList  tasks.o
    0x0000cfd0   0x0000cfd0   0x00000028   Code   RO         2068    i.vTaskPlaceOnEventListRestricted  tasks.o
    0x0000cff8   0x0000cff8   0x00000070   Code   RO         2075    i.vTaskStartScheduler  tasks.o
    0x0000d068   0x0000d068   0x00000010   Code   RO         2077    i.vTaskSuspendAll   tasks.o
    0x0000d078   0x0000d078   0x00000060   Code   RO         2078    i.vTaskSwitchContext  tasks.o
    0x0000d0d8   0x0000d0d8   0x00000034   Code   RO         2594    i.xPortStartScheduler  port.o
    0x0000d10c   0x0000d10c   0x00000038   Code   RO         2595    i.xPortSysTickHandler  port.o
    0x0000d144   0x0000d144   0x00000034   Code   RO         1890    i.xQueueGenericCreate  queue.o
    0x0000d178   0x0000d178   0x00000080   Code   RO         1891    i.xQueueGenericReset  queue.o
    0x0000d1f8   0x0000d1f8   0x00000118   Code   RO         1892    i.xQueueGenericSend  queue.o
    0x0000d310   0x0000d310   0x0000008a   Code   RO         1893    i.xQueueGenericSendFromISR  queue.o
    0x0000d39a   0x0000d39a   0x00000002   PAD
    0x0000d39c   0x0000d39c   0x00000104   Code   RO         1899    i.xQueueReceive     queue.o
    0x0000d4a0   0x0000d4a0   0x00000082   Code   RO         1900    i.xQueueReceiveFromISR  queue.o
    0x0000d522   0x0000d522   0x00000002   PAD
    0x0000d524   0x0000d524   0x0000005c   Code   RO         2080    i.xTaskCheckForTimeOut  tasks.o
    0x0000d580   0x0000d580   0x00000060   Code   RO         2081    i.xTaskCreate       tasks.o
    0x0000d5e0   0x0000d5e0   0x00000020   Code   RO         2084    i.xTaskGetSchedulerState  tasks.o
    0x0000d600   0x0000d600   0x0000000c   Code   RO         2085    i.xTaskGetTickCount  tasks.o
    0x0000d60c   0x0000d60c   0x0000011c   Code   RO         2087    i.xTaskIncrementTick  tasks.o
    0x0000d728   0x0000d728   0x00000080   Code   RO         2090    i.xTaskRemoveFromEventList  tasks.o
    0x0000d7a8   0x0000d7a8   0x000000e8   Code   RO         2091    i.xTaskResumeAll    tasks.o
    0x0000d890   0x0000d890   0x0000003c   Code   RO         2400    i.xTimerCreateTimerTask  timers.o
    0x0000d8cc   0x0000d8cc   0x0000006c   Code   RO         2401    i.xTimerGenericCommand  timers.o
    0x0000d938   0x0000d938   0x000000d8   Data   RO          343    .constdata          system_cm3_mcu.o
    0x0000da10   0x0000da10   0x00000078   Data   RO          708    .constdata          timer.o
    0x0000da88   0x0000da88   0x00000030   Data   RO          840    .constdata          uart_drv.o
    0x0000dab8   0x0000dab8   0x000001a0   Data   RO         1011    .constdata          mp_sector.o
    0x0000dc58   0x0000dc58   0x00000010   Data   RO         1384    .constdata          dma.o
    0x0000dc68   0x0000dc68   0x00000020   Data   RO         3042    Region$$Table       anon$$obj.o


    Execution Region RW_IRAM1 (Exec base: 0x20000000, Load base: 0x0000dc88, Size: 0x00005ff0, Max: 0x00020000, ABSOLUTE)

    Exec Addr    Load Addr    Size         Type   Attr      Idx    E Section Name        Object

    0x20000000   0x0000dc88   0x00000024   Data   RW           21    .data               main.o
    0x20000024   0x0000dcac   0x00000008   Data   RW          344    .data               system_cm3_mcu.o
    0x2000002c   0x0000dcb4   0x00000008   Data   RW          619    .data               retarget_drv_keil.o
    0x20000034   0x0000dcbc   0x00000021   Data   RW         1012    .data               mp_sector.o
    0x20000055   0x0000dcdd   0x00000003   PAD
    0x20000058   0x0000dce0   0x00000008   Data   RW         1537    .data               sysctrl.o
    0x20000060   0x0000dce8   0x00000004   Data   RW         1671    .data               sysfun.o
    0x20000064   0x0000dcec   0x0000003c   Data   RW         2094    .data               tasks.o
    0x200000a0   0x0000dd28   0x00000014   Data   RW         2407    .data               timers.o
    0x200000b4   0x0000dd3c   0x00000020   Data   RW         2537    .data               heap_4.o
    0x200000d4   0x0000dd5c   0x00000004   Data   RW         2596    .data               port.o
    0x200000d8   0x0000dd60   0x00000004   Data   RW         3016    .data               mc_w.l(stdout.o)
    0x200000dc        -       0x00000198   Zero   RW          618    .bss                retarget_drv_keil.o
    0x20000274        -       0x00000028   Zero   RW          707    .bss                timer.o
    0x2000029c        -       0x000000b4   Zero   RW          839    .bss                uart_drv.o
    0x20000350        -       0x000002a0   Zero   RW         1010    .bss                mp_sector.o
    0x200005f0        -       0x00000010   Zero   RW         1383    .bss                dma.o
    0x20000600        -       0x00000100   Zero   RW         1480    .bss                gpio.o
    0x20000700        -       0x000000c8   Zero   RW         2093    .bss                tasks.o
    0x200007c8        -       0x00000028   Zero   RW         2406    .bss                timers.o
    0x200007f0        -       0x00005000   Zero   RW         2536    .bss                heap_4.o
    0x200057f0        -       0x00000800   Zero   RW          429    STACK               startup_cm3_mcu.o


==============================================================================

Image component sizes


      Code (inc. data)   RO Data    RW Data    ZI Data      Debug   Object Name

       100         10         16          0         16       3252   dma.o
         0          0          0          0          0      10684   event_groups.o
       342         28          0          0          0       6584   flashctl.o
       196         16          0          0        256       1962   gpio.o
       540         74          0         32      20480       4027   heap_4.o
       148          0          0          0          0       3174   list.o
      1420        346          0         36          0      48082   main.o
      7722        186        416         33        672      17788   mp_sector.o
       460         54          0          4          0       9987   port.o
      1434         14          0          0          0      14762   queue.o
       498         70          0          8        408       4507   retarget_drv_keil.o
        36          8        196          0       2048        836   startup_cm3_mcu.o
      1988         76          0          8          0      11209   sysctrl.o
        80         18          0          4          0       1234   sysfun.o
      1784        100        216          8          0      28114   system_cm3_mcu.o
      2038        330          0         60        200      26688   tasks.o
       542         70        120          0         40      33394   timer.o
      1038        108          0         20         40      11247   timers.o
      1408         46         48          0        180      36287   uart_drv.o

    ----------------------------------------------------------------------
     21800       1554       1044        216      24340     273818   Object Totals
         0          0         32          0          0          0   (incl. Generated)
        26          0          0          3          0          0   (incl. Padding)

    ----------------------------------------------------------------------

      Code (inc. data)   RO Data    RW Data    ZI Data      Debug   Library Member Name

       266         30          0          0          0        448   rf_mcu_ahb.o
         0          0          0          0          0          0   entry.o
         0          0          0          0          0          0   entry10a.o
         0          0          0          0          0          0   entry11a.o
         8          4          0          0          0          0   entry2.o
         4          0          0          0          0          0   entry5.o
         0          0          0          0          0          0   entry7b.o
         0          0          0          0          0          0   entry8b.o
         8          4          0          0          0          0   entry9a.o
        30          0          0          0          0          0   handlers.o
        36          8          0          0          0         68   init.o
        36          0          0          0          0         68   memcpya.o
        36          0          0          0          0        108   memseta.o
       372         14          0          0          0        184   printf1.o
         0          0          0          4          0          0   stdout.o
        44          0          0          0          0         80   uidiv.o

    ----------------------------------------------------------------------
       844         60          0          4          0        956   Library Totals
         4          0          0          0          0          0   (incl. Padding)

    ----------------------------------------------------------------------

      Code (inc. data)   RO Data    RW Data    ZI Data      Debug   Library Name

       266         30          0          0          0        448   lib_rf_mcu.lib
       574         30          0          4          0        508   mc_w.l

    ----------------------------------------------------------------------
       844         60          0          4          0        956   Library Totals

    ----------------------------------------------------------------------

==============================================================================


      Code (inc. data)   RO Data    RW Data    ZI Data      Debug   

     22644       1614       1044        220      24340     266034   Grand Totals
     22644       1614       1044        220      24340     266034   ELF Image Totals
     22644       1614       1044        220          0          0   ROM Totals

==============================================================================

    Total RO  Size (Code + RO Data)                23688 (  23.13kB)
    Total RW  Size (RW Data + ZI Data)             24560 (  23.98kB)
    Total ROM Size (Code + RO Data + RW Data)      23908 (  23.35kB)

==============================================================================

