<!doctype html public "-//w3c//dtd html 4.0 transitional//en">
<html><head>
<title>Static Call Graph - [.\Objects\rt582_text.axf]</title></head>
<body><HR>
<H1>Static Call Graph for image .\Objects\rt582_text.axf</H1><HR>
<BR><P>#&#060CALLGRAPH&#062# ARM Linker, 5060750: Last Updated: Mon Dec 22 17:30:23 2025
<BR><P>
<H3>Maximum Stack Usage =        240 bytes + Unknown(Cycles, Untraceable Function Pointers)</H3><H3>
Call chain for Maximum Stack Depth:</H3>
prvTimerTask &rArr; prvProcessReceivedCommands &rArr; prvSampleTimeNow &rArr; prvSwitchTimerLists &rArr; xTimerGenericCommand &rArr; xQueueGenericSend &rArr; vTaskPlaceOnEventList &rArr; prvAddCurrentTaskToDelayedList &rArr; vListInsert
<P>
<H3>
Mutually Recursive functions
</H3> <LI><a href="#[1]">NMI_Handler</a>&nbsp;&nbsp;&nbsp;&rArr;&nbsp;&nbsp;&nbsp;<a href="#[1]">NMI_Handler</a><BR>
 <LI><a href="#[2]">HardFault_Handler</a>&nbsp;&nbsp;&nbsp;&rArr;&nbsp;&nbsp;&nbsp;<a href="#[2]">HardFault_Handler</a><BR>
 <LI><a href="#[3]">MemManage_Handler</a>&nbsp;&nbsp;&nbsp;&rArr;&nbsp;&nbsp;&nbsp;<a href="#[3]">MemManage_Handler</a><BR>
 <LI><a href="#[4]">BusFault_Handler</a>&nbsp;&nbsp;&nbsp;&rArr;&nbsp;&nbsp;&nbsp;<a href="#[4]">BusFault_Handler</a><BR>
 <LI><a href="#[5]">UsageFault_Handler</a>&nbsp;&nbsp;&nbsp;&rArr;&nbsp;&nbsp;&nbsp;<a href="#[5]">UsageFault_Handler</a><BR>
 <LI><a href="#[7]">DebugMon_Handler</a>&nbsp;&nbsp;&nbsp;&rArr;&nbsp;&nbsp;&nbsp;<a href="#[7]">DebugMon_Handler</a><BR>
 <LI><a href="#[2a]">Comp_Handler</a>&nbsp;&nbsp;&nbsp;&rArr;&nbsp;&nbsp;&nbsp;<a href="#[2a]">Comp_Handler</a><BR>
</UL>
<P>
<H3>
Function Pointers
</H3><UL>
 <LI><a href="#[4]">BusFault_Handler</a> from startup_cm3_mcu.o(.text) referenced from startup_cm3_mcu.o(RESET)
 <LI><a href="#[2a]">Comp_Handler</a> from startup_cm3_mcu.o(.text) referenced from startup_cm3_mcu.o(RESET)
 <LI><a href="#[7]">DebugMon_Handler</a> from startup_cm3_mcu.o(.text) referenced from startup_cm3_mcu.o(RESET)
 <LI><a href="#[2f]">Delay_ms_32MHz</a> from sysctrl.o(i.Delay_ms_32MHz) referenced from sysctrl.o(i.Delay_Init)
 <LI><a href="#[31]">Delay_ms_48MHz</a> from sysctrl.o(i.Delay_ms_48MHz) referenced from sysctrl.o(i.Delay_Init)
 <LI><a href="#[33]">Delay_ms_64MHz</a> from sysctrl.o(i.Delay_ms_64MHz) referenced from sysctrl.o(.data)
 <LI><a href="#[33]">Delay_ms_64MHz</a> from sysctrl.o(i.Delay_ms_64MHz) referenced from sysctrl.o(i.Delay_Init)
 <LI><a href="#[2e]">Delay_us_32MHz</a> from sysctrl.o(i.Delay_us_32MHz) referenced from sysctrl.o(i.Delay_Init)
 <LI><a href="#[30]">Delay_us_48MHz</a> from sysctrl.o(i.Delay_us_48MHz) referenced from sysctrl.o(i.Delay_Init)
 <LI><a href="#[32]">Delay_us_64MHz</a> from sysctrl.o(i.Delay_us_64MHz) referenced from sysctrl.o(.data)
 <LI><a href="#[32]">Delay_us_64MHz</a> from sysctrl.o(i.Delay_us_64MHz) referenced from sysctrl.o(i.Delay_Init)
 <LI><a href="#[2]">HardFault_Handler</a> from startup_cm3_mcu.o(.text) referenced from startup_cm3_mcu.o(RESET)
 <LI><a href="#[18]">I2s_Handler</a> from startup_cm3_mcu.o(.text) referenced from startup_cm3_mcu.o(RESET)
 <LI><a href="#[3]">MemManage_Handler</a> from startup_cm3_mcu.o(.text) referenced from startup_cm3_mcu.o(RESET)
 <LI><a href="#[1]">NMI_Handler</a> from startup_cm3_mcu.o(.text) referenced from startup_cm3_mcu.o(RESET)
 <LI><a href="#[1f]">Pwm0_Handler</a> from startup_cm3_mcu.o(.text) referenced from startup_cm3_mcu.o(RESET)
 <LI><a href="#[20]">Pwm1_Handler</a> from startup_cm3_mcu.o(.text) referenced from startup_cm3_mcu.o(RESET)
 <LI><a href="#[21]">Pwm2_Handler</a> from startup_cm3_mcu.o(.text) referenced from startup_cm3_mcu.o(RESET)
 <LI><a href="#[22]">Pwm3_Handler</a> from startup_cm3_mcu.o(.text) referenced from startup_cm3_mcu.o(RESET)
 <LI><a href="#[23]">Pwm4_Handler</a> from startup_cm3_mcu.o(.text) referenced from startup_cm3_mcu.o(RESET)
 <LI><a href="#[0]">Reset_Handler</a> from startup_cm3_mcu.o(.text) referenced from startup_cm3_mcu.o(RESET)
 <LI><a href="#[24]">Sadc_Handler</a> from startup_cm3_mcu.o(.text) referenced from startup_cm3_mcu.o(RESET)
 <LI><a href="#[28]">Sw_Handler</a> from startup_cm3_mcu.o(.text) referenced from startup_cm3_mcu.o(RESET)
 <LI><a href="#[2c]">SystemInit</a> from system_cm3_mcu.o(i.SystemInit) referenced from startup_cm3_mcu.o(.text)
 <LI><a href="#[34]">Timer0_Callback</a> from main.o(i.Timer0_Callback) referenced from main.o(i.Timer_cfg)
 <LI><a href="#[b]">Timer0_Handler</a> from timer.o(i.Timer0_Handler) referenced from startup_cm3_mcu.o(RESET)
 <LI><a href="#[c]">Timer1_Handler</a> from timer.o(i.Timer1_Handler) referenced from startup_cm3_mcu.o(RESET)
 <LI><a href="#[26]">Timer2_Handler</a> from timer.o(i.Timer2_Handler) referenced from startup_cm3_mcu.o(RESET)
 <LI><a href="#[19]">Timer3_Handler</a> from timer.o(i.Timer3_Handler) referenced from startup_cm3_mcu.o(RESET)
 <LI><a href="#[1a]">Timer4_Handler</a> from timer.o(i.Timer4_Handler) referenced from startup_cm3_mcu.o(RESET)
 <LI><a href="#[5]">UsageFault_Handler</a> from startup_cm3_mcu.o(.text) referenced from startup_cm3_mcu.o(RESET)
 <LI><a href="#[d]">Wdt_Handler</a> from startup_cm3_mcu.o(.text) referenced from startup_cm3_mcu.o(RESET)
 <LI><a href="#[2d]">__main</a> from entry.o(.ARM.Collect$$$$00000000) referenced from startup_cm3_mcu.o(.text)
 <LI><a href="#[1c]">bod_handler</a> from startup_cm3_mcu.o(.text) referenced from startup_cm3_mcu.o(RESET)
 <LI><a href="#[1e]">commsubsystem_handler</a> from startup_cm3_mcu.o(.text) referenced from startup_cm3_mcu.o(RESET)
 <LI><a href="#[25]">crypto_handler</a> from startup_cm3_mcu.o(.text) referenced from startup_cm3_mcu.o(RESET)
 <LI><a href="#[13]">dma0_c0_handler</a> from dma.o(i.dma0_c0_handler) referenced from startup_cm3_mcu.o(RESET)
 <LI><a href="#[14]">dma0_c1_handler</a> from dma.o(i.dma0_c1_handler) referenced from startup_cm3_mcu.o(RESET)
 <LI><a href="#[15]">dma0_c2_handler</a> from dma.o(i.dma0_c2_handler) referenced from startup_cm3_mcu.o(RESET)
 <LI><a href="#[16]">dma0_c3_handler</a> from dma.o(i.dma0_c3_handler) referenced from startup_cm3_mcu.o(RESET)
 <LI><a href="#[1b]">dma1_c2_handler</a> from startup_cm3_mcu.o(.text) referenced from startup_cm3_mcu.o(RESET)
 <LI><a href="#[10]">flashctl_handler</a> from startup_cm3_mcu.o(.text) referenced from startup_cm3_mcu.o(RESET)
 <LI><a href="#[35]">fputc</a> from retarget_drv_keil.o(i.fputc) referenced from printf1.o(i.__0printf$1)
 <LI><a href="#[a]">gpio_handler</a> from gpio.o(i.gpio_handler) referenced from startup_cm3_mcu.o(RESET)
 <LI><a href="#[f]">i2cm_handler</a> from startup_cm3_mcu.o(.text) referenced from startup_cm3_mcu.o(RESET)
 <LI><a href="#[39]">keyprocess_task</a> from main.o(i.keyprocess_task) referenced from main.o(i.main)
 <LI><a href="#[2b]">main</a> from main.o(i.main) referenced from entry9a.o(.ARM.Collect$$$$0000000B)
 <LI><a href="#[36]">printf_callback</a> from retarget_drv_keil.o(i.printf_callback) referenced from retarget_drv_keil.o(i.console_drv_init)
 <LI><a href="#[3b]">prvIdleTask</a> from tasks.o(i.prvIdleTask) referenced from tasks.o(i.vTaskStartScheduler)
 <LI><a href="#[3a]">prvTaskExitError</a> from port.o(i.prvTaskExitError) referenced from port.o(i.pxPortInitialiseStack)
 <LI><a href="#[3c]">prvTimerTask</a> from timers.o(i.prvTimerTask) referenced from timers.o(i.xTimerCreateTimerTask)
 <LI><a href="#[17]">qspi0_handler</a> from startup_cm3_mcu.o(.text) referenced from startup_cm3_mcu.o(RESET)
 <LI><a href="#[27]">qspi1_handler</a> from startup_cm3_mcu.o(.text) referenced from startup_cm3_mcu.o(RESET)
 <LI><a href="#[12]">rtc_handler</a> from startup_cm3_mcu.o(.text) referenced from startup_cm3_mcu.o(RESET)
 <LI><a href="#[38]">rtos_task1</a> from main.o(i.rtos_task1) referenced from main.o(i.main)
 <LI><a href="#[29]">trng_handler</a> from startup_cm3_mcu.o(.text) referenced from startup_cm3_mcu.o(RESET)
 <LI><a href="#[e]">uart0_handler</a> from uart_drv.o(i.uart0_handler) referenced from startup_cm3_mcu.o(RESET)
 <LI><a href="#[37]">uart1_callback</a> from main.o(i.uart1_callback) referenced from main.o(i.main)
 <LI><a href="#[11]">uart1_handler</a> from uart_drv.o(i.uart1_handler) referenced from startup_cm3_mcu.o(RESET)
 <LI><a href="#[1d]">uart2_handler</a> from uart_drv.o(i.uart2_handler) referenced from startup_cm3_mcu.o(RESET)
 <LI><a href="#[6]">vPortSVCHandler</a> from port.o(.emb_text) referenced from startup_cm3_mcu.o(RESET)
 <LI><a href="#[8]">xPortPendSVHandler</a> from port.o(.emb_text) referenced from startup_cm3_mcu.o(RESET)
 <LI><a href="#[9]">xPortSysTickHandler</a> from port.o(i.xPortSysTickHandler) referenced from startup_cm3_mcu.o(RESET)
</UL>
<P>
<H3>
Global Symbols
</H3>
<P><STRONG><a name="[2d]"></a>__main</STRONG> (Thumb, 0 bytes, Stack size unknown bytes, entry.o(.ARM.Collect$$$$00000000))
<BR>[Address Reference Count : 1]<UL><LI> startup_cm3_mcu.o(.text)
</UL>
<P><STRONG><a name="[d9]"></a>_main_stk</STRONG> (Thumb, 0 bytes, Stack size unknown bytes, entry2.o(.ARM.Collect$$$$00000001))

<P><STRONG><a name="[3d]"></a>_main_scatterload</STRONG> (Thumb, 0 bytes, Stack size unknown bytes, entry5.o(.ARM.Collect$$$$00000004))
<BR><BR>[Calls]<UL><LI><a href="#[3e]">&gt;&gt;</a>&nbsp;&nbsp;&nbsp;__scatterload
</UL>

<P><STRONG><a name="[46]"></a>__main_after_scatterload</STRONG> (Thumb, 0 bytes, Stack size unknown bytes, entry5.o(.ARM.Collect$$$$00000004))
<BR><BR>[Called By]<UL><LI><a href="#[3e]">&gt;&gt;</a>&nbsp;&nbsp;&nbsp;__scatterload
</UL>

<P><STRONG><a name="[da]"></a>_main_clock</STRONG> (Thumb, 0 bytes, Stack size unknown bytes, entry7b.o(.ARM.Collect$$$$00000008))

<P><STRONG><a name="[db]"></a>_main_cpp_init</STRONG> (Thumb, 0 bytes, Stack size unknown bytes, entry8b.o(.ARM.Collect$$$$0000000A))

<P><STRONG><a name="[dc]"></a>_main_init</STRONG> (Thumb, 0 bytes, Stack size unknown bytes, entry9a.o(.ARM.Collect$$$$0000000B))

<P><STRONG><a name="[dd]"></a>__rt_final_cpp</STRONG> (Thumb, 0 bytes, Stack size unknown bytes, entry10a.o(.ARM.Collect$$$$0000000D))

<P><STRONG><a name="[de]"></a>__rt_final_exit</STRONG> (Thumb, 0 bytes, Stack size unknown bytes, entry11a.o(.ARM.Collect$$$$0000000F))

<P><STRONG><a name="[6]"></a>vPortSVCHandler</STRONG> (Thumb, 32 bytes, Stack size 0 bytes, port.o(.emb_text))
<BR>[Address Reference Count : 1]<UL><LI> startup_cm3_mcu.o(RESET)
</UL>
<P><STRONG><a name="[d3]"></a>__asm___6_port_c_39a90d8d__prvStartFirstTask</STRONG> (Thumb, 28 bytes, Stack size 0 bytes, port.o(.emb_text))
<BR><BR>[Called By]<UL><LI><a href="#[d2]">&gt;&gt;</a>&nbsp;&nbsp;&nbsp;xPortStartScheduler
</UL>

<P><STRONG><a name="[8]"></a>xPortPendSVHandler</STRONG> (Thumb, 72 bytes, Stack size 0 bytes, port.o(.emb_text))
<BR><BR>[Calls]<UL><LI><a href="#[3f]">&gt;&gt;</a>&nbsp;&nbsp;&nbsp;vTaskSwitchContext
</UL>
<BR>[Address Reference Count : 1]<UL><LI> startup_cm3_mcu.o(RESET)
</UL>
<P><STRONG><a name="[df]"></a>vPortGetIPSR</STRONG> (Thumb, 6 bytes, Stack size 0 bytes, port.o(.emb_text), UNUSED)

<P><STRONG><a name="[0]"></a>Reset_Handler</STRONG> (Thumb, 8 bytes, Stack size 0 bytes, startup_cm3_mcu.o(.text))
<BR>[Address Reference Count : 1]<UL><LI> startup_cm3_mcu.o(RESET)
</UL>
<P><STRONG><a name="[1]"></a>NMI_Handler</STRONG> (Thumb, 2 bytes, Stack size 0 bytes, startup_cm3_mcu.o(.text))
<BR><BR>[Calls]<UL><LI><a href="#[1]">&gt;&gt;</a>&nbsp;&nbsp;&nbsp;NMI_Handler
</UL>
<BR>[Called By]<UL><LI><a href="#[1]">&gt;&gt;</a>&nbsp;&nbsp;&nbsp;NMI_Handler
</UL>
<BR>[Address Reference Count : 1]<UL><LI> startup_cm3_mcu.o(RESET)
</UL>
<P><STRONG><a name="[2]"></a>HardFault_Handler</STRONG> (Thumb, 2 bytes, Stack size 0 bytes, startup_cm3_mcu.o(.text))
<BR><BR>[Calls]<UL><LI><a href="#[2]">&gt;&gt;</a>&nbsp;&nbsp;&nbsp;HardFault_Handler
</UL>
<BR>[Called By]<UL><LI><a href="#[2]">&gt;&gt;</a>&nbsp;&nbsp;&nbsp;HardFault_Handler
</UL>
<BR>[Address Reference Count : 1]<UL><LI> startup_cm3_mcu.o(RESET)
</UL>
<P><STRONG><a name="[3]"></a>MemManage_Handler</STRONG> (Thumb, 2 bytes, Stack size 0 bytes, startup_cm3_mcu.o(.text))
<BR><BR>[Calls]<UL><LI><a href="#[3]">&gt;&gt;</a>&nbsp;&nbsp;&nbsp;MemManage_Handler
</UL>
<BR>[Called By]<UL><LI><a href="#[3]">&gt;&gt;</a>&nbsp;&nbsp;&nbsp;MemManage_Handler
</UL>
<BR>[Address Reference Count : 1]<UL><LI> startup_cm3_mcu.o(RESET)
</UL>
<P><STRONG><a name="[4]"></a>BusFault_Handler</STRONG> (Thumb, 2 bytes, Stack size 0 bytes, startup_cm3_mcu.o(.text))
<BR><BR>[Calls]<UL><LI><a href="#[4]">&gt;&gt;</a>&nbsp;&nbsp;&nbsp;BusFault_Handler
</UL>
<BR>[Called By]<UL><LI><a href="#[4]">&gt;&gt;</a>&nbsp;&nbsp;&nbsp;BusFault_Handler
</UL>
<BR>[Address Reference Count : 1]<UL><LI> startup_cm3_mcu.o(RESET)
</UL>
<P><STRONG><a name="[5]"></a>UsageFault_Handler</STRONG> (Thumb, 2 bytes, Stack size 0 bytes, startup_cm3_mcu.o(.text))
<BR><BR>[Calls]<UL><LI><a href="#[5]">&gt;&gt;</a>&nbsp;&nbsp;&nbsp;UsageFault_Handler
</UL>
<BR>[Called By]<UL><LI><a href="#[5]">&gt;&gt;</a>&nbsp;&nbsp;&nbsp;UsageFault_Handler
</UL>
<BR>[Address Reference Count : 1]<UL><LI> startup_cm3_mcu.o(RESET)
</UL>
<P><STRONG><a name="[40]"></a>SVC_Handler</STRONG> (Thumb, 2 bytes, Stack size 0 bytes, startup_cm3_mcu.o(.text), UNUSED)
<BR><BR>[Calls]<UL><LI><a href="#[40]">&gt;&gt;</a>&nbsp;&nbsp;&nbsp;SVC_Handler
</UL>
<BR>[Called By]<UL><LI><a href="#[40]">&gt;&gt;</a>&nbsp;&nbsp;&nbsp;SVC_Handler
</UL>

<P><STRONG><a name="[7]"></a>DebugMon_Handler</STRONG> (Thumb, 2 bytes, Stack size 0 bytes, startup_cm3_mcu.o(.text))
<BR><BR>[Calls]<UL><LI><a href="#[7]">&gt;&gt;</a>&nbsp;&nbsp;&nbsp;DebugMon_Handler
</UL>
<BR>[Called By]<UL><LI><a href="#[7]">&gt;&gt;</a>&nbsp;&nbsp;&nbsp;DebugMon_Handler
</UL>
<BR>[Address Reference Count : 1]<UL><LI> startup_cm3_mcu.o(RESET)
</UL>
<P><STRONG><a name="[41]"></a>PendSV_Handler</STRONG> (Thumb, 2 bytes, Stack size 0 bytes, startup_cm3_mcu.o(.text), UNUSED)
<BR><BR>[Calls]<UL><LI><a href="#[41]">&gt;&gt;</a>&nbsp;&nbsp;&nbsp;PendSV_Handler
</UL>
<BR>[Called By]<UL><LI><a href="#[41]">&gt;&gt;</a>&nbsp;&nbsp;&nbsp;PendSV_Handler
</UL>

<P><STRONG><a name="[42]"></a>SysTick_Handler</STRONG> (Thumb, 2 bytes, Stack size 0 bytes, startup_cm3_mcu.o(.text), UNUSED)
<BR><BR>[Calls]<UL><LI><a href="#[42]">&gt;&gt;</a>&nbsp;&nbsp;&nbsp;SysTick_Handler
</UL>
<BR>[Called By]<UL><LI><a href="#[42]">&gt;&gt;</a>&nbsp;&nbsp;&nbsp;SysTick_Handler
</UL>

<P><STRONG><a name="[2a]"></a>Comp_Handler</STRONG> (Thumb, 0 bytes, Stack size 0 bytes, startup_cm3_mcu.o(.text))
<BR><BR>[Calls]<UL><LI><a href="#[2a]">&gt;&gt;</a>&nbsp;&nbsp;&nbsp;Comp_Handler
</UL>
<BR>[Called By]<UL><LI><a href="#[2a]">&gt;&gt;</a>&nbsp;&nbsp;&nbsp;Comp_Handler
</UL>
<BR>[Address Reference Count : 1]<UL><LI> startup_cm3_mcu.o(RESET)
</UL>
<P><STRONG><a name="[18]"></a>I2s_Handler</STRONG> (Thumb, 0 bytes, Stack size 0 bytes, startup_cm3_mcu.o(.text))
<BR>[Address Reference Count : 1]<UL><LI> startup_cm3_mcu.o(RESET)
</UL>
<P><STRONG><a name="[1f]"></a>Pwm0_Handler</STRONG> (Thumb, 0 bytes, Stack size 0 bytes, startup_cm3_mcu.o(.text))
<BR>[Address Reference Count : 1]<UL><LI> startup_cm3_mcu.o(RESET)
</UL>
<P><STRONG><a name="[20]"></a>Pwm1_Handler</STRONG> (Thumb, 0 bytes, Stack size 0 bytes, startup_cm3_mcu.o(.text))
<BR>[Address Reference Count : 1]<UL><LI> startup_cm3_mcu.o(RESET)
</UL>
<P><STRONG><a name="[21]"></a>Pwm2_Handler</STRONG> (Thumb, 0 bytes, Stack size 0 bytes, startup_cm3_mcu.o(.text))
<BR>[Address Reference Count : 1]<UL><LI> startup_cm3_mcu.o(RESET)
</UL>
<P><STRONG><a name="[22]"></a>Pwm3_Handler</STRONG> (Thumb, 0 bytes, Stack size 0 bytes, startup_cm3_mcu.o(.text))
<BR>[Address Reference Count : 1]<UL><LI> startup_cm3_mcu.o(RESET)
</UL>
<P><STRONG><a name="[23]"></a>Pwm4_Handler</STRONG> (Thumb, 0 bytes, Stack size 0 bytes, startup_cm3_mcu.o(.text))
<BR>[Address Reference Count : 1]<UL><LI> startup_cm3_mcu.o(RESET)
</UL>
<P><STRONG><a name="[24]"></a>Sadc_Handler</STRONG> (Thumb, 0 bytes, Stack size 0 bytes, startup_cm3_mcu.o(.text))
<BR>[Address Reference Count : 1]<UL><LI> startup_cm3_mcu.o(RESET)
</UL>
<P><STRONG><a name="[28]"></a>Sw_Handler</STRONG> (Thumb, 0 bytes, Stack size 0 bytes, startup_cm3_mcu.o(.text))
<BR>[Address Reference Count : 1]<UL><LI> startup_cm3_mcu.o(RESET)
</UL>
<P><STRONG><a name="[d]"></a>Wdt_Handler</STRONG> (Thumb, 0 bytes, Stack size 0 bytes, startup_cm3_mcu.o(.text))
<BR>[Address Reference Count : 1]<UL><LI> startup_cm3_mcu.o(RESET)
</UL>
<P><STRONG><a name="[1c]"></a>bod_handler</STRONG> (Thumb, 0 bytes, Stack size 0 bytes, startup_cm3_mcu.o(.text))
<BR>[Address Reference Count : 1]<UL><LI> startup_cm3_mcu.o(RESET)
</UL>
<P><STRONG><a name="[1e]"></a>commsubsystem_handler</STRONG> (Thumb, 0 bytes, Stack size 0 bytes, startup_cm3_mcu.o(.text))
<BR>[Address Reference Count : 1]<UL><LI> startup_cm3_mcu.o(RESET)
</UL>
<P><STRONG><a name="[25]"></a>crypto_handler</STRONG> (Thumb, 0 bytes, Stack size 0 bytes, startup_cm3_mcu.o(.text))
<BR>[Address Reference Count : 1]<UL><LI> startup_cm3_mcu.o(RESET)
</UL>
<P><STRONG><a name="[1b]"></a>dma1_c2_handler</STRONG> (Thumb, 0 bytes, Stack size 0 bytes, startup_cm3_mcu.o(.text))
<BR>[Address Reference Count : 1]<UL><LI> startup_cm3_mcu.o(RESET)
</UL>
<P><STRONG><a name="[10]"></a>flashctl_handler</STRONG> (Thumb, 0 bytes, Stack size 0 bytes, startup_cm3_mcu.o(.text))
<BR>[Address Reference Count : 1]<UL><LI> startup_cm3_mcu.o(RESET)
</UL>
<P><STRONG><a name="[f]"></a>i2cm_handler</STRONG> (Thumb, 0 bytes, Stack size 0 bytes, startup_cm3_mcu.o(.text))
<BR>[Address Reference Count : 1]<UL><LI> startup_cm3_mcu.o(RESET)
</UL>
<P><STRONG><a name="[17]"></a>qspi0_handler</STRONG> (Thumb, 0 bytes, Stack size 0 bytes, startup_cm3_mcu.o(.text))
<BR>[Address Reference Count : 1]<UL><LI> startup_cm3_mcu.o(RESET)
</UL>
<P><STRONG><a name="[27]"></a>qspi1_handler</STRONG> (Thumb, 0 bytes, Stack size 0 bytes, startup_cm3_mcu.o(.text))
<BR>[Address Reference Count : 1]<UL><LI> startup_cm3_mcu.o(RESET)
</UL>
<P><STRONG><a name="[12]"></a>rtc_handler</STRONG> (Thumb, 0 bytes, Stack size 0 bytes, startup_cm3_mcu.o(.text))
<BR>[Address Reference Count : 1]<UL><LI> startup_cm3_mcu.o(RESET)
</UL>
<P><STRONG><a name="[29]"></a>trng_handler</STRONG> (Thumb, 0 bytes, Stack size 0 bytes, startup_cm3_mcu.o(.text))
<BR>[Address Reference Count : 1]<UL><LI> startup_cm3_mcu.o(RESET)
</UL>
<P><STRONG><a name="[aa]"></a>__aeabi_memcpy</STRONG> (Thumb, 36 bytes, Stack size 0 bytes, memcpya.o(.text))
<BR><BR>[Called By]<UL><LI><a href="#[ab]">&gt;&gt;</a>&nbsp;&nbsp;&nbsp;prvCopyDataToQueue
<LI><a href="#[a9]">&gt;&gt;</a>&nbsp;&nbsp;&nbsp;prvCopyDataFromQueue
</UL>

<P><STRONG><a name="[85]"></a>__aeabi_memcpy4</STRONG> (Thumb, 0 bytes, Stack size 0 bytes, memcpya.o(.text))
<BR><BR>[Called By]<UL><LI><a href="#[89]">&gt;&gt;</a>&nbsp;&nbsp;&nbsp;Timer_Start
<LI><a href="#[84]">&gt;&gt;</a>&nbsp;&nbsp;&nbsp;Timer_Load
</UL>

<P><STRONG><a name="[e0]"></a>__aeabi_memcpy8</STRONG> (Thumb, 0 bytes, Stack size 0 bytes, memcpya.o(.text), UNUSED)

<P><STRONG><a name="[44]"></a>__aeabi_memset</STRONG> (Thumb, 14 bytes, Stack size 0 bytes, memseta.o(.text))
<BR><BR>[Called By]<UL><LI><a href="#[b0]">&gt;&gt;</a>&nbsp;&nbsp;&nbsp;prvInitialiseNewTask
<LI><a href="#[45]">&gt;&gt;</a>&nbsp;&nbsp;&nbsp;_memset$wrapper
<LI><a href="#[43]">&gt;&gt;</a>&nbsp;&nbsp;&nbsp;__aeabi_memclr
</UL>

<P><STRONG><a name="[e1]"></a>__aeabi_memset4</STRONG> (Thumb, 0 bytes, Stack size 0 bytes, memseta.o(.text), UNUSED)

<P><STRONG><a name="[e2]"></a>__aeabi_memset8</STRONG> (Thumb, 0 bytes, Stack size 0 bytes, memseta.o(.text), UNUSED)

<P><STRONG><a name="[43]"></a>__aeabi_memclr</STRONG> (Thumb, 4 bytes, Stack size 0 bytes, memseta.o(.text), UNUSED)
<BR><BR>[Calls]<UL><LI><a href="#[44]">&gt;&gt;</a>&nbsp;&nbsp;&nbsp;__aeabi_memset
</UL>

<P><STRONG><a name="[6a]"></a>__aeabi_memclr4</STRONG> (Thumb, 0 bytes, Stack size 0 bytes, memseta.o(.text))
<BR><BR>[Called By]<UL><LI><a href="#[69]">&gt;&gt;</a>&nbsp;&nbsp;&nbsp;MpSectorInit
</UL>

<P><STRONG><a name="[e3]"></a>__aeabi_memclr8</STRONG> (Thumb, 0 bytes, Stack size 0 bytes, memseta.o(.text), UNUSED)

<P><STRONG><a name="[45]"></a>_memset$wrapper</STRONG> (Thumb, 18 bytes, Stack size 8 bytes, memseta.o(.text), UNUSED)
<BR><BR>[Calls]<UL><LI><a href="#[44]">&gt;&gt;</a>&nbsp;&nbsp;&nbsp;__aeabi_memset
</UL>

<P><STRONG><a name="[e4]"></a>__aeabi_uidiv</STRONG> (Thumb, 0 bytes, Stack size 12 bytes, uidiv.o(.text), UNUSED)

<P><STRONG><a name="[8d]"></a>__aeabi_uidivmod</STRONG> (Thumb, 44 bytes, Stack size 12 bytes, uidiv.o(.text), UNUSED)
<BR><BR>[Called By]<UL><LI><a href="#[8c]">&gt;&gt;</a>&nbsp;&nbsp;&nbsp;_printf_core
</UL>

<P><STRONG><a name="[3e]"></a>__scatterload</STRONG> (Thumb, 28 bytes, Stack size 0 bytes, init.o(.text))
<BR><BR>[Calls]<UL><LI><a href="#[46]">&gt;&gt;</a>&nbsp;&nbsp;&nbsp;__main_after_scatterload
</UL>
<BR>[Called By]<UL><LI><a href="#[3d]">&gt;&gt;</a>&nbsp;&nbsp;&nbsp;_main_scatterload
</UL>

<P><STRONG><a name="[e5]"></a>__scatterload_rt2</STRONG> (Thumb, 0 bytes, Stack size 0 bytes, init.o(.text), UNUSED)

<P><STRONG><a name="[47]"></a>Change_Ahb_System_Clk</STRONG> (Thumb, 730 bytes, Stack size 24 bytes, sysctrl.o(i.Change_Ahb_System_Clk))
<BR><BR>[Stack]<UL><LI>Max Depth = 64<LI>Call Chain = Change_Ahb_System_Clk &rArr; flash_timing_init
</UL>
<BR>[Calls]<UL><LI><a href="#[49]">&gt;&gt;</a>&nbsp;&nbsp;&nbsp;flash_timing_init
<LI><a href="#[4a]">&gt;&gt;</a>&nbsp;&nbsp;&nbsp;SystemFrequencyUpdate
<LI><a href="#[4b]">&gt;&gt;</a>&nbsp;&nbsp;&nbsp;Delay_Init
<LI><a href="#[48]">&gt;&gt;</a>&nbsp;&nbsp;&nbsp;Pll_Status_Check
</UL>
<BR>[Called By]<UL><LI><a href="#[2c]">&gt;&gt;</a>&nbsp;&nbsp;&nbsp;SystemInit
<LI><a href="#[2b]">&gt;&gt;</a>&nbsp;&nbsp;&nbsp;main
<LI><a href="#[75]">&gt;&gt;</a>&nbsp;&nbsp;&nbsp;Pll_Unlock_Check
</UL>

<P><STRONG><a name="[4c]"></a>Comm_Subsystem_Disable_LDO_Mode</STRONG> (Thumb, 40 bytes, Stack size 8 bytes, main.o(i.Comm_Subsystem_Disable_LDO_Mode))
<BR><BR>[Stack]<UL><LI>Max Depth = 32<LI>Call Chain = Comm_Subsystem_Disable_LDO_Mode &rArr; RfMcu_MemorySetAhb &rArr; RfMcu_DmaBusyCheck &rArr; RfMcu_HostWakeUpMcuAhb
</UL>
<BR>[Calls]<UL><LI><a href="#[4e]">&gt;&gt;</a>&nbsp;&nbsp;&nbsp;RfMcu_MemorySetAhb
<LI><a href="#[4d]">&gt;&gt;</a>&nbsp;&nbsp;&nbsp;RfMcu_MemoryGetAhb
</UL>
<BR>[Called By]<UL><LI><a href="#[2b]">&gt;&gt;</a>&nbsp;&nbsp;&nbsp;main
</UL>

<P><STRONG><a name="[4b]"></a>Delay_Init</STRONG> (Thumb, 66 bytes, Stack size 4 bytes, sysctrl.o(i.Delay_Init))
<BR><BR>[Stack]<UL><LI>Max Depth = 4<LI>Call Chain = Delay_Init
</UL>
<BR>[Calls]<UL><LI><a href="#[4f]">&gt;&gt;</a>&nbsp;&nbsp;&nbsp;Get_Ahb_System_Clk
</UL>
<BR>[Called By]<UL><LI><a href="#[47]">&gt;&gt;</a>&nbsp;&nbsp;&nbsp;Change_Ahb_System_Clk
<LI><a href="#[2b]">&gt;&gt;</a>&nbsp;&nbsp;&nbsp;main
</UL>

<P><STRONG><a name="[50]"></a>GetFirstValidMpId</STRONG> (Thumb, 42 bytes, Stack size 12 bytes, mp_sector.o(i.GetFirstValidMpId))
<BR><BR>[Stack]<UL><LI>Max Depth = 12<LI>Call Chain = GetFirstValidMpId
</UL>
<BR>[Calls]<UL><LI><a href="#[51]">&gt;&gt;</a>&nbsp;&nbsp;&nbsp;GetNextMpId
</UL>
<BR>[Called By]<UL><LI><a href="#[61]">&gt;&gt;</a>&nbsp;&nbsp;&nbsp;MpCalibrationInit
<LI><a href="#[54]">&gt;&gt;</a>&nbsp;&nbsp;&nbsp;GetNextValidMpId
</UL>

<P><STRONG><a name="[52]"></a>GetMpSectorInfo</STRONG> (Thumb, 146 bytes, Stack size 16 bytes, mp_sector.o(i.GetMpSectorInfo))
<BR><BR>[Stack]<UL><LI>Max Depth = 16<LI>Call Chain = GetMpSectorInfo
</UL>
<BR>[Calls]<UL><LI><a href="#[53]">&gt;&gt;</a>&nbsp;&nbsp;&nbsp;flash_get_deviceinfo
</UL>
<BR>[Called By]<UL><LI><a href="#[69]">&gt;&gt;</a>&nbsp;&nbsp;&nbsp;MpSectorInit
</UL>

<P><STRONG><a name="[51]"></a>GetNextMpId</STRONG> (Thumb, 30 bytes, Stack size 0 bytes, mp_sector.o(i.GetNextMpId))
<BR><BR>[Called By]<UL><LI><a href="#[54]">&gt;&gt;</a>&nbsp;&nbsp;&nbsp;GetNextValidMpId
<LI><a href="#[50]">&gt;&gt;</a>&nbsp;&nbsp;&nbsp;GetFirstValidMpId
</UL>

<P><STRONG><a name="[54]"></a>GetNextValidMpId</STRONG> (Thumb, 26 bytes, Stack size 16 bytes, mp_sector.o(i.GetNextValidMpId))
<BR><BR>[Stack]<UL><LI>Max Depth = 28<LI>Call Chain = GetNextValidMpId &rArr; GetFirstValidMpId
</UL>
<BR>[Calls]<UL><LI><a href="#[51]">&gt;&gt;</a>&nbsp;&nbsp;&nbsp;GetNextMpId
<LI><a href="#[50]">&gt;&gt;</a>&nbsp;&nbsp;&nbsp;GetFirstValidMpId
</UL>
<BR>[Called By]<UL><LI><a href="#[61]">&gt;&gt;</a>&nbsp;&nbsp;&nbsp;MpCalibrationInit
</UL>

<P><STRONG><a name="[4f]"></a>Get_Ahb_System_Clk</STRONG> (Thumb, 96 bytes, Stack size 0 bytes, sysctrl.o(i.Get_Ahb_System_Clk))
<BR><BR>[Called By]<UL><LI><a href="#[49]">&gt;&gt;</a>&nbsp;&nbsp;&nbsp;flash_timing_init
<LI><a href="#[4a]">&gt;&gt;</a>&nbsp;&nbsp;&nbsp;SystemFrequencyUpdate
<LI><a href="#[4b]">&gt;&gt;</a>&nbsp;&nbsp;&nbsp;Delay_Init
<LI><a href="#[75]">&gt;&gt;</a>&nbsp;&nbsp;&nbsp;Pll_Unlock_Check
</UL>

<P><STRONG><a name="[55]"></a>Init_Default_Pin_Mux</STRONG> (Thumb, 70 bytes, Stack size 8 bytes, main.o(i.Init_Default_Pin_Mux))
<BR><BR>[Stack]<UL><LI>Max Depth = 28<LI>Call Chain = Init_Default_Pin_Mux &rArr; pin_set_mode
</UL>
<BR>[Calls]<UL><LI><a href="#[56]">&gt;&gt;</a>&nbsp;&nbsp;&nbsp;pin_set_mode
</UL>
<BR>[Called By]<UL><LI><a href="#[2b]">&gt;&gt;</a>&nbsp;&nbsp;&nbsp;main
</UL>

<P><STRONG><a name="[57]"></a>Key_init</STRONG> (Thumb, 86 bytes, Stack size 8 bytes, main.o(i.Key_init))
<BR><BR>[Stack]<UL><LI>Max Depth = 68<LI>Call Chain = Key_init &rArr; gpio_cfg_input &rArr; gpio_cfg &rArr; pin_set_pullopt
</UL>
<BR>[Calls]<UL><LI><a href="#[59]">&gt;&gt;</a>&nbsp;&nbsp;&nbsp;pin_set_pullopt
<LI><a href="#[58]">&gt;&gt;</a>&nbsp;&nbsp;&nbsp;gpio_debounce_enable
<LI><a href="#[5a]">&gt;&gt;</a>&nbsp;&nbsp;&nbsp;gpio_cfg_input
</UL>
<BR>[Called By]<UL><LI><a href="#[2b]">&gt;&gt;</a>&nbsp;&nbsp;&nbsp;main
</UL>

<P><STRONG><a name="[5b]"></a>Key_scan</STRONG> (Thumb, 160 bytes, Stack size 8 bytes, main.o(i.Key_scan))
<BR><BR>[Stack]<UL><LI>Max Depth = 8<LI>Call Chain = Key_scan
</UL>
<BR>[Calls]<UL><LI><a href="#[5d]">&gt;&gt;</a>&nbsp;&nbsp;&nbsp;xTaskGetTickCount
<LI><a href="#[5c]">&gt;&gt;</a>&nbsp;&nbsp;&nbsp;gpio_pin_get
</UL>
<BR>[Called By]<UL><LI><a href="#[38]">&gt;&gt;</a>&nbsp;&nbsp;&nbsp;rtos_task1
</UL>

<P><STRONG><a name="[5e]"></a>LED_init</STRONG> (Thumb, 56 bytes, Stack size 8 bytes, main.o(i.LED_init))
<BR><BR>[Stack]<UL><LI>Max Depth = 60<LI>Call Chain = LED_init &rArr; gpio_cfg_output &rArr; gpio_cfg &rArr; pin_set_pullopt
</UL>
<BR>[Calls]<UL><LI><a href="#[5f]">&gt;&gt;</a>&nbsp;&nbsp;&nbsp;gpio_pin_clear
<LI><a href="#[60]">&gt;&gt;</a>&nbsp;&nbsp;&nbsp;gpio_cfg_output
</UL>
<BR>[Called By]<UL><LI><a href="#[2b]">&gt;&gt;</a>&nbsp;&nbsp;&nbsp;main
</UL>

<P><STRONG><a name="[68]"></a>MpCalCrystaltrimInit</STRONG> (Thumb, 42 bytes, Stack size 8 bytes, mp_sector.o(i.MpCalCrystaltrimInit))
<BR><BR>[Stack]<UL><LI>Max Depth = 8<LI>Call Chain = MpCalCrystaltrimInit
</UL>
<BR>[Called By]<UL><LI><a href="#[61]">&gt;&gt;</a>&nbsp;&nbsp;&nbsp;MpCalibrationInit
</UL>

<P><STRONG><a name="[62]"></a>MpCalDcdcInit</STRONG> (Thumb, 94 bytes, Stack size 12 bytes, mp_sector.o(i.MpCalDcdcInit))
<BR><BR>[Stack]<UL><LI>Max Depth = 12<LI>Call Chain = MpCalDcdcInit
</UL>
<BR>[Called By]<UL><LI><a href="#[61]">&gt;&gt;</a>&nbsp;&nbsp;&nbsp;MpCalibrationInit
</UL>

<P><STRONG><a name="[64]"></a>MpCalIoldoInit</STRONG> (Thumb, 94 bytes, Stack size 12 bytes, mp_sector.o(i.MpCalIoldoInit))
<BR><BR>[Stack]<UL><LI>Max Depth = 12<LI>Call Chain = MpCalIoldoInit
</UL>
<BR>[Called By]<UL><LI><a href="#[61]">&gt;&gt;</a>&nbsp;&nbsp;&nbsp;MpCalibrationInit
</UL>

<P><STRONG><a name="[63]"></a>MpCalLldoInit</STRONG> (Thumb, 94 bytes, Stack size 12 bytes, mp_sector.o(i.MpCalLldoInit))
<BR><BR>[Stack]<UL><LI>Max Depth = 12<LI>Call Chain = MpCalLldoInit
</UL>
<BR>[Called By]<UL><LI><a href="#[61]">&gt;&gt;</a>&nbsp;&nbsp;&nbsp;MpCalibrationInit
</UL>

<P><STRONG><a name="[67]"></a>MpCalPowerfailInit</STRONG> (Thumb, 62 bytes, Stack size 12 bytes, mp_sector.o(i.MpCalPowerfailInit))
<BR><BR>[Stack]<UL><LI>Max Depth = 12<LI>Call Chain = MpCalPowerfailInit
</UL>
<BR>[Called By]<UL><LI><a href="#[61]">&gt;&gt;</a>&nbsp;&nbsp;&nbsp;MpCalibrationInit
</UL>

<P><STRONG><a name="[66]"></a>MpCalSioldoInit</STRONG> (Thumb, 94 bytes, Stack size 12 bytes, mp_sector.o(i.MpCalSioldoInit))
<BR><BR>[Stack]<UL><LI>Max Depth = 12<LI>Call Chain = MpCalSioldoInit
</UL>
<BR>[Called By]<UL><LI><a href="#[61]">&gt;&gt;</a>&nbsp;&nbsp;&nbsp;MpCalibrationInit
</UL>

<P><STRONG><a name="[65]"></a>MpCalSldoInit</STRONG> (Thumb, 94 bytes, Stack size 12 bytes, mp_sector.o(i.MpCalSldoInit))
<BR><BR>[Stack]<UL><LI>Max Depth = 12<LI>Call Chain = MpCalSldoInit
</UL>
<BR>[Called By]<UL><LI><a href="#[61]">&gt;&gt;</a>&nbsp;&nbsp;&nbsp;MpCalibrationInit
</UL>

<P><STRONG><a name="[61]"></a>MpCalibrationInit</STRONG> (Thumb, 126 bytes, Stack size 12 bytes, mp_sector.o(i.MpCalibrationInit))
<BR><BR>[Stack]<UL><LI>Max Depth = 40<LI>Call Chain = MpCalibrationInit &rArr; GetNextValidMpId &rArr; GetFirstValidMpId
</UL>
<BR>[Calls]<UL><LI><a href="#[65]">&gt;&gt;</a>&nbsp;&nbsp;&nbsp;MpCalSldoInit
<LI><a href="#[66]">&gt;&gt;</a>&nbsp;&nbsp;&nbsp;MpCalSioldoInit
<LI><a href="#[67]">&gt;&gt;</a>&nbsp;&nbsp;&nbsp;MpCalPowerfailInit
<LI><a href="#[63]">&gt;&gt;</a>&nbsp;&nbsp;&nbsp;MpCalLldoInit
<LI><a href="#[64]">&gt;&gt;</a>&nbsp;&nbsp;&nbsp;MpCalIoldoInit
<LI><a href="#[62]">&gt;&gt;</a>&nbsp;&nbsp;&nbsp;MpCalDcdcInit
<LI><a href="#[68]">&gt;&gt;</a>&nbsp;&nbsp;&nbsp;MpCalCrystaltrimInit
<LI><a href="#[54]">&gt;&gt;</a>&nbsp;&nbsp;&nbsp;GetNextValidMpId
<LI><a href="#[50]">&gt;&gt;</a>&nbsp;&nbsp;&nbsp;GetFirstValidMpId
</UL>
<BR>[Called By]<UL><LI><a href="#[69]">&gt;&gt;</a>&nbsp;&nbsp;&nbsp;MpSectorInit
</UL>

<P><STRONG><a name="[69]"></a>MpSectorInit</STRONG> (Thumb, 194 bytes, Stack size 32 bytes, mp_sector.o(i.MpSectorInit))
<BR><BR>[Stack]<UL><LI>Max Depth = 192<LI>Call Chain = MpSectorInit &rArr; OtpToMpCalibration &rArr; OtpToMpVoselCal &rArr; OtpToMpPmuMaxCheck
</UL>
<BR>[Calls]<UL><LI><a href="#[6b]">&gt;&gt;</a>&nbsp;&nbsp;&nbsp;OtpToMpCalibration
<LI><a href="#[61]">&gt;&gt;</a>&nbsp;&nbsp;&nbsp;MpCalibrationInit
<LI><a href="#[52]">&gt;&gt;</a>&nbsp;&nbsp;&nbsp;GetMpSectorInfo
<LI><a href="#[6a]">&gt;&gt;</a>&nbsp;&nbsp;&nbsp;__aeabi_memclr4
</UL>
<BR>[Called By]<UL><LI><a href="#[2c]">&gt;&gt;</a>&nbsp;&nbsp;&nbsp;SystemInit
</UL>

<P><STRONG><a name="[72]"></a>OtpAdcRangeCheck</STRONG> (Thumb, 122 bytes, Stack size 8 bytes, mp_sector.o(i.OtpAdcRangeCheck))
<BR><BR>[Stack]<UL><LI>Max Depth = 8<LI>Call Chain = OtpAdcRangeCheck
</UL>
<BR>[Called By]<UL><LI><a href="#[6b]">&gt;&gt;</a>&nbsp;&nbsp;&nbsp;OtpToMpCalibration
</UL>

<P><STRONG><a name="[70]"></a>OtpLoadAdcValue</STRONG> (Thumb, 22 bytes, Stack size 0 bytes, mp_sector.o(i.OtpLoadAdcValue))
<BR><BR>[Called By]<UL><LI><a href="#[6b]">&gt;&gt;</a>&nbsp;&nbsp;&nbsp;OtpToMpCalibration
</UL>

<P><STRONG><a name="[6d]"></a>OtpLoadPmuValue</STRONG> (Thumb, 22 bytes, Stack size 0 bytes, mp_sector.o(i.OtpLoadPmuValue))
<BR><BR>[Called By]<UL><LI><a href="#[6b]">&gt;&gt;</a>&nbsp;&nbsp;&nbsp;OtpToMpCalibration
</UL>

<P><STRONG><a name="[6f]"></a>OtpPmuRangeCheck</STRONG> (Thumb, 148 bytes, Stack size 8 bytes, mp_sector.o(i.OtpPmuRangeCheck))
<BR><BR>[Stack]<UL><LI>Max Depth = 8<LI>Call Chain = OtpPmuRangeCheck
</UL>
<BR>[Called By]<UL><LI><a href="#[6b]">&gt;&gt;</a>&nbsp;&nbsp;&nbsp;OtpToMpCalibration
</UL>

<P><STRONG><a name="[71]"></a>OtpToMpAdcCal</STRONG> (Thumb, 92 bytes, Stack size 0 bytes, mp_sector.o(i.OtpToMpAdcCal))
<BR><BR>[Called By]<UL><LI><a href="#[6b]">&gt;&gt;</a>&nbsp;&nbsp;&nbsp;OtpToMpCalibration
</UL>

<P><STRONG><a name="[6b]"></a>OtpToMpCalibration</STRONG> (Thumb, 5764 bytes, Stack size 112 bytes, mp_sector.o(i.OtpToMpCalibration))
<BR><BR>[Stack]<UL><LI>Max Depth = 160<LI>Call Chain = OtpToMpCalibration &rArr; OtpToMpVoselCal &rArr; OtpToMpPmuMaxCheck
</UL>
<BR>[Calls]<UL><LI><a href="#[6c]">&gt;&gt;</a>&nbsp;&nbsp;&nbsp;flash_read_otp_sec_page
<LI><a href="#[73]">&gt;&gt;</a>&nbsp;&nbsp;&nbsp;OtpVcmTempAdcRangeCheck
<LI><a href="#[6e]">&gt;&gt;</a>&nbsp;&nbsp;&nbsp;OtpToMpVoselCal
<LI><a href="#[71]">&gt;&gt;</a>&nbsp;&nbsp;&nbsp;OtpToMpAdcCal
<LI><a href="#[6f]">&gt;&gt;</a>&nbsp;&nbsp;&nbsp;OtpPmuRangeCheck
<LI><a href="#[6d]">&gt;&gt;</a>&nbsp;&nbsp;&nbsp;OtpLoadPmuValue
<LI><a href="#[70]">&gt;&gt;</a>&nbsp;&nbsp;&nbsp;OtpLoadAdcValue
<LI><a href="#[72]">&gt;&gt;</a>&nbsp;&nbsp;&nbsp;OtpAdcRangeCheck
</UL>
<BR>[Called By]<UL><LI><a href="#[69]">&gt;&gt;</a>&nbsp;&nbsp;&nbsp;MpSectorInit
</UL>

<P><STRONG><a name="[74]"></a>OtpToMpPmuMaxCheck</STRONG> (Thumb, 52 bytes, Stack size 8 bytes, mp_sector.o(i.OtpToMpPmuMaxCheck))
<BR><BR>[Stack]<UL><LI>Max Depth = 8<LI>Call Chain = OtpToMpPmuMaxCheck
</UL>
<BR>[Called By]<UL><LI><a href="#[6e]">&gt;&gt;</a>&nbsp;&nbsp;&nbsp;OtpToMpVoselCal
</UL>

<P><STRONG><a name="[6e]"></a>OtpToMpVoselCal</STRONG> (Thumb, 190 bytes, Stack size 40 bytes, mp_sector.o(i.OtpToMpVoselCal))
<BR><BR>[Stack]<UL><LI>Max Depth = 48<LI>Call Chain = OtpToMpVoselCal &rArr; OtpToMpPmuMaxCheck
</UL>
<BR>[Calls]<UL><LI><a href="#[74]">&gt;&gt;</a>&nbsp;&nbsp;&nbsp;OtpToMpPmuMaxCheck
</UL>
<BR>[Called By]<UL><LI><a href="#[6b]">&gt;&gt;</a>&nbsp;&nbsp;&nbsp;OtpToMpCalibration
</UL>

<P><STRONG><a name="[73]"></a>OtpVcmTempAdcRangeCheck</STRONG> (Thumb, 62 bytes, Stack size 12 bytes, mp_sector.o(i.OtpVcmTempAdcRangeCheck))
<BR><BR>[Stack]<UL><LI>Max Depth = 12<LI>Call Chain = OtpVcmTempAdcRangeCheck
</UL>
<BR>[Called By]<UL><LI><a href="#[6b]">&gt;&gt;</a>&nbsp;&nbsp;&nbsp;OtpToMpCalibration
</UL>

<P><STRONG><a name="[48]"></a>Pll_Status_Check</STRONG> (Thumb, 120 bytes, Stack size 0 bytes, sysctrl.o(i.Pll_Status_Check))
<BR><BR>[Called By]<UL><LI><a href="#[47]">&gt;&gt;</a>&nbsp;&nbsp;&nbsp;Change_Ahb_System_Clk
</UL>

<P><STRONG><a name="[75]"></a>Pll_Unlock_Check</STRONG> (Thumb, 130 bytes, Stack size 8 bytes, sysctrl.o(i.Pll_Unlock_Check))
<BR><BR>[Stack]<UL><LI>Max Depth = 72<LI>Call Chain = Pll_Unlock_Check &rArr; Change_Ahb_System_Clk &rArr; flash_timing_init
</UL>
<BR>[Calls]<UL><LI><a href="#[77]">&gt;&gt;</a>&nbsp;&nbsp;&nbsp;leave_critical_section
<LI><a href="#[76]">&gt;&gt;</a>&nbsp;&nbsp;&nbsp;enter_critical_section
<LI><a href="#[4f]">&gt;&gt;</a>&nbsp;&nbsp;&nbsp;Get_Ahb_System_Clk
<LI><a href="#[47]">&gt;&gt;</a>&nbsp;&nbsp;&nbsp;Change_Ahb_System_Clk
</UL>
<BR>[Called By]<UL><LI><a href="#[9]">&gt;&gt;</a>&nbsp;&nbsp;&nbsp;xPortSysTickHandler
</UL>

<P><STRONG><a name="[7f]"></a>Rco40k_Analog_Calibration</STRONG> (Thumb, 326 bytes, Stack size 16 bytes, system_cm3_mcu.o(i.Rco40k_Analog_Calibration))
<BR><BR>[Stack]<UL><LI>Max Depth = 16<LI>Call Chain = Rco40k_Analog_Calibration
</UL>
<BR>[Called By]<UL><LI><a href="#[2c]">&gt;&gt;</a>&nbsp;&nbsp;&nbsp;SystemInit
</UL>

<P><STRONG><a name="[81]"></a>Reg_Bit_Write</STRONG> (Thumb, 44 bytes, Stack size 16 bytes, system_cm3_mcu.o(i.Reg_Bit_Write))
<BR><BR>[Stack]<UL><LI>Max Depth = 16<LI>Call Chain = Reg_Bit_Write
</UL>
<BR>[Called By]<UL><LI><a href="#[7d]">&gt;&gt;</a>&nbsp;&nbsp;&nbsp;SystemPmuUpdateDcdc
</UL>

<P><STRONG><a name="[78]"></a>RfMcu_DmaBusyCheck</STRONG> (Thumb, 22 bytes, Stack size 4 bytes, rf_mcu_ahb.o(i.RfMcu_DmaBusyCheck))
<BR><BR>[Stack]<UL><LI>Max Depth = 8<LI>Call Chain = RfMcu_DmaBusyCheck &rArr; RfMcu_HostWakeUpMcuAhb
</UL>
<BR>[Calls]<UL><LI><a href="#[79]">&gt;&gt;</a>&nbsp;&nbsp;&nbsp;RfMcu_HostWakeUpMcuAhb
</UL>
<BR>[Called By]<UL><LI><a href="#[4e]">&gt;&gt;</a>&nbsp;&nbsp;&nbsp;RfMcu_MemorySetAhb
<LI><a href="#[4d]">&gt;&gt;</a>&nbsp;&nbsp;&nbsp;RfMcu_MemoryGetAhb
</UL>

<P><STRONG><a name="[7a]"></a>RfMcu_HostCtrlAhb</STRONG> (Thumb, 10 bytes, Stack size 0 bytes, rf_mcu_ahb.o(i.RfMcu_HostCtrlAhb))
<BR><BR>[Called By]<UL><LI><a href="#[79]">&gt;&gt;</a>&nbsp;&nbsp;&nbsp;RfMcu_HostWakeUpMcuAhb
</UL>

<P><STRONG><a name="[79]"></a>RfMcu_HostWakeUpMcuAhb</STRONG> (Thumb, 22 bytes, Stack size 4 bytes, rf_mcu_ahb.o(i.RfMcu_HostWakeUpMcuAhb))
<BR><BR>[Stack]<UL><LI>Max Depth = 4<LI>Call Chain = RfMcu_HostWakeUpMcuAhb
</UL>
<BR>[Calls]<UL><LI><a href="#[7b]">&gt;&gt;</a>&nbsp;&nbsp;&nbsp;RfMcu_PowerStateGetAhb
<LI><a href="#[7a]">&gt;&gt;</a>&nbsp;&nbsp;&nbsp;RfMcu_HostCtrlAhb
</UL>
<BR>[Called By]<UL><LI><a href="#[78]">&gt;&gt;</a>&nbsp;&nbsp;&nbsp;RfMcu_DmaBusyCheck
</UL>

<P><STRONG><a name="[4d]"></a>RfMcu_MemoryGetAhb</STRONG> (Thumb, 86 bytes, Stack size 16 bytes, rf_mcu_ahb.o(i.RfMcu_MemoryGetAhb))
<BR><BR>[Stack]<UL><LI>Max Depth = 24<LI>Call Chain = RfMcu_MemoryGetAhb &rArr; RfMcu_DmaBusyCheck &rArr; RfMcu_HostWakeUpMcuAhb
</UL>
<BR>[Calls]<UL><LI><a href="#[77]">&gt;&gt;</a>&nbsp;&nbsp;&nbsp;leave_critical_section
<LI><a href="#[76]">&gt;&gt;</a>&nbsp;&nbsp;&nbsp;enter_critical_section
<LI><a href="#[78]">&gt;&gt;</a>&nbsp;&nbsp;&nbsp;RfMcu_DmaBusyCheck
</UL>
<BR>[Called By]<UL><LI><a href="#[4c]">&gt;&gt;</a>&nbsp;&nbsp;&nbsp;Comm_Subsystem_Disable_LDO_Mode
</UL>

<P><STRONG><a name="[4e]"></a>RfMcu_MemorySetAhb</STRONG> (Thumb, 86 bytes, Stack size 16 bytes, rf_mcu_ahb.o(i.RfMcu_MemorySetAhb))
<BR><BR>[Stack]<UL><LI>Max Depth = 24<LI>Call Chain = RfMcu_MemorySetAhb &rArr; RfMcu_DmaBusyCheck &rArr; RfMcu_HostWakeUpMcuAhb
</UL>
<BR>[Calls]<UL><LI><a href="#[77]">&gt;&gt;</a>&nbsp;&nbsp;&nbsp;leave_critical_section
<LI><a href="#[76]">&gt;&gt;</a>&nbsp;&nbsp;&nbsp;enter_critical_section
<LI><a href="#[78]">&gt;&gt;</a>&nbsp;&nbsp;&nbsp;RfMcu_DmaBusyCheck
</UL>
<BR>[Called By]<UL><LI><a href="#[4c]">&gt;&gt;</a>&nbsp;&nbsp;&nbsp;Comm_Subsystem_Disable_LDO_Mode
</UL>

<P><STRONG><a name="[7b]"></a>RfMcu_PowerStateGetAhb</STRONG> (Thumb, 10 bytes, Stack size 0 bytes, rf_mcu_ahb.o(i.RfMcu_PowerStateGetAhb))
<BR><BR>[Called By]<UL><LI><a href="#[79]">&gt;&gt;</a>&nbsp;&nbsp;&nbsp;RfMcu_HostWakeUpMcuAhb
</UL>

<P><STRONG><a name="[7e]"></a>SystemCoreClockUpdate</STRONG> (Thumb, 12 bytes, Stack size 0 bytes, system_cm3_mcu.o(i.SystemCoreClockUpdate))
<BR><BR>[Called By]<UL><LI><a href="#[2c]">&gt;&gt;</a>&nbsp;&nbsp;&nbsp;SystemInit
</UL>

<P><STRONG><a name="[4a]"></a>SystemFrequencyUpdate</STRONG> (Thumb, 66 bytes, Stack size 8 bytes, system_cm3_mcu.o(i.SystemFrequencyUpdate))
<BR><BR>[Stack]<UL><LI>Max Depth = 8<LI>Call Chain = SystemFrequencyUpdate
</UL>
<BR>[Calls]<UL><LI><a href="#[4f]">&gt;&gt;</a>&nbsp;&nbsp;&nbsp;Get_Ahb_System_Clk
</UL>
<BR>[Called By]<UL><LI><a href="#[47]">&gt;&gt;</a>&nbsp;&nbsp;&nbsp;Change_Ahb_System_Clk
</UL>

<P><STRONG><a name="[2c]"></a>SystemInit</STRONG> (Thumb, 148 bytes, Stack size 8 bytes, system_cm3_mcu.o(i.SystemInit))
<BR><BR>[Stack]<UL><LI>Max Depth = 200<LI>Call Chain = SystemInit &rArr; MpSectorInit &rArr; OtpToMpCalibration &rArr; OtpToMpVoselCal &rArr; OtpToMpPmuMaxCheck
</UL>
<BR>[Calls]<UL><LI><a href="#[69]">&gt;&gt;</a>&nbsp;&nbsp;&nbsp;MpSectorInit
<LI><a href="#[7c]">&gt;&gt;</a>&nbsp;&nbsp;&nbsp;SystemPmuUpdateDig
<LI><a href="#[7d]">&gt;&gt;</a>&nbsp;&nbsp;&nbsp;SystemPmuUpdateDcdc
<LI><a href="#[7e]">&gt;&gt;</a>&nbsp;&nbsp;&nbsp;SystemCoreClockUpdate
<LI><a href="#[7f]">&gt;&gt;</a>&nbsp;&nbsp;&nbsp;Rco40k_Analog_Calibration
<LI><a href="#[47]">&gt;&gt;</a>&nbsp;&nbsp;&nbsp;Change_Ahb_System_Clk
</UL>
<BR>[Address Reference Count : 1]<UL><LI> startup_cm3_mcu.o(.text)
</UL>
<P><STRONG><a name="[80]"></a>SystemPmuSetMode</STRONG> (Thumb, 150 bytes, Stack size 0 bytes, system_cm3_mcu.o(i.SystemPmuSetMode))
<BR><BR>[Called By]<UL><LI><a href="#[7d]">&gt;&gt;</a>&nbsp;&nbsp;&nbsp;SystemPmuUpdateDcdc
</UL>

<P><STRONG><a name="[7d]"></a>SystemPmuUpdateDcdc</STRONG> (Thumb, 826 bytes, Stack size 48 bytes, system_cm3_mcu.o(i.SystemPmuUpdateDcdc))
<BR><BR>[Stack]<UL><LI>Max Depth = 64<LI>Call Chain = SystemPmuUpdateDcdc &rArr; Reg_Bit_Write
</UL>
<BR>[Calls]<UL><LI><a href="#[53]">&gt;&gt;</a>&nbsp;&nbsp;&nbsp;flash_get_deviceinfo
<LI><a href="#[80]">&gt;&gt;</a>&nbsp;&nbsp;&nbsp;SystemPmuSetMode
<LI><a href="#[81]">&gt;&gt;</a>&nbsp;&nbsp;&nbsp;Reg_Bit_Write
</UL>
<BR>[Called By]<UL><LI><a href="#[2c]">&gt;&gt;</a>&nbsp;&nbsp;&nbsp;SystemInit
</UL>

<P><STRONG><a name="[7c]"></a>SystemPmuUpdateDig</STRONG> (Thumb, 112 bytes, Stack size 0 bytes, system_cm3_mcu.o(i.SystemPmuUpdateDig))
<BR><BR>[Called By]<UL><LI><a href="#[2c]">&gt;&gt;</a>&nbsp;&nbsp;&nbsp;SystemInit
</UL>

<P><STRONG><a name="[34]"></a>Timer0_Callback</STRONG> (Thumb, 54 bytes, Stack size 24 bytes, main.o(i.Timer0_Callback))
<BR><BR>[Stack]<UL><LI>Max Depth = 80<LI>Call Chain = Timer0_Callback &rArr; xQueueReceiveFromISR &rArr; xTaskRemoveFromEventList
</UL>
<BR>[Calls]<UL><LI><a href="#[82]">&gt;&gt;</a>&nbsp;&nbsp;&nbsp;xQueueReceiveFromISR
<LI><a href="#[83]">&gt;&gt;</a>&nbsp;&nbsp;&nbsp;__2printf
</UL>
<BR>[Address Reference Count : 1]<UL><LI> main.o(i.Timer_cfg)
</UL>
<P><STRONG><a name="[b]"></a>Timer0_Handler</STRONG> (Thumb, 24 bytes, Stack size 8 bytes, timer.o(i.Timer0_Handler))
<BR><BR>[Stack]<UL><LI>Max Depth = 8<LI>Call Chain = Timer0_Handler
</UL>
<BR>[Address Reference Count : 1]<UL><LI> startup_cm3_mcu.o(RESET)
</UL>
<P><STRONG><a name="[c]"></a>Timer1_Handler</STRONG> (Thumb, 24 bytes, Stack size 8 bytes, timer.o(i.Timer1_Handler))
<BR><BR>[Stack]<UL><LI>Max Depth = 8<LI>Call Chain = Timer1_Handler
</UL>
<BR>[Address Reference Count : 1]<UL><LI> startup_cm3_mcu.o(RESET)
</UL>
<P><STRONG><a name="[26]"></a>Timer2_Handler</STRONG> (Thumb, 24 bytes, Stack size 8 bytes, timer.o(i.Timer2_Handler))
<BR><BR>[Stack]<UL><LI>Max Depth = 8<LI>Call Chain = Timer2_Handler
</UL>
<BR>[Address Reference Count : 1]<UL><LI> startup_cm3_mcu.o(RESET)
</UL>
<P><STRONG><a name="[19]"></a>Timer3_Handler</STRONG> (Thumb, 24 bytes, Stack size 8 bytes, timer.o(i.Timer3_Handler))
<BR><BR>[Stack]<UL><LI>Max Depth = 8<LI>Call Chain = Timer3_Handler
</UL>
<BR>[Address Reference Count : 1]<UL><LI> startup_cm3_mcu.o(RESET)
</UL>
<P><STRONG><a name="[1a]"></a>Timer4_Handler</STRONG> (Thumb, 24 bytes, Stack size 8 bytes, timer.o(i.Timer4_Handler))
<BR><BR>[Stack]<UL><LI>Max Depth = 8<LI>Call Chain = Timer4_Handler
</UL>
<BR>[Address Reference Count : 1]<UL><LI> startup_cm3_mcu.o(RESET)
</UL>
<P><STRONG><a name="[87]"></a>Timer_Int_Callback_Register</STRONG> (Thumb, 8 bytes, Stack size 0 bytes, timer.o(i.Timer_Int_Callback_Register))
<BR><BR>[Called By]<UL><LI><a href="#[86]">&gt;&gt;</a>&nbsp;&nbsp;&nbsp;Timer_Open
</UL>

<P><STRONG><a name="[84]"></a>Timer_Load</STRONG> (Thumb, 42 bytes, Stack size 40 bytes, timer.o(i.Timer_Load))
<BR><BR>[Stack]<UL><LI>Max Depth = 40<LI>Call Chain = Timer_Load
</UL>
<BR>[Calls]<UL><LI><a href="#[85]">&gt;&gt;</a>&nbsp;&nbsp;&nbsp;__aeabi_memcpy4
</UL>
<BR>[Called By]<UL><LI><a href="#[89]">&gt;&gt;</a>&nbsp;&nbsp;&nbsp;Timer_Start
</UL>

<P><STRONG><a name="[86]"></a>Timer_Open</STRONG> (Thumb, 122 bytes, Stack size 24 bytes, timer.o(i.Timer_Open))
<BR><BR>[Stack]<UL><LI>Max Depth = 24<LI>Call Chain = Timer_Open
</UL>
<BR>[Calls]<UL><LI><a href="#[88]">&gt;&gt;</a>&nbsp;&nbsp;&nbsp;__NVIC_EnableIRQ
<LI><a href="#[87]">&gt;&gt;</a>&nbsp;&nbsp;&nbsp;Timer_Int_Callback_Register
</UL>
<BR>[Called By]<UL><LI><a href="#[8a]">&gt;&gt;</a>&nbsp;&nbsp;&nbsp;Timer_cfg
</UL>

<P><STRONG><a name="[89]"></a>Timer_Start</STRONG> (Thumb, 154 bytes, Stack size 40 bytes, timer.o(i.Timer_Start))
<BR><BR>[Stack]<UL><LI>Max Depth = 80<LI>Call Chain = Timer_Start &rArr; Timer_Load
</UL>
<BR>[Calls]<UL><LI><a href="#[84]">&gt;&gt;</a>&nbsp;&nbsp;&nbsp;Timer_Load
<LI><a href="#[85]">&gt;&gt;</a>&nbsp;&nbsp;&nbsp;__aeabi_memcpy4
</UL>
<BR>[Called By]<UL><LI><a href="#[8a]">&gt;&gt;</a>&nbsp;&nbsp;&nbsp;Timer_cfg
</UL>

<P><STRONG><a name="[8a]"></a>Timer_cfg</STRONG> (Thumb, 58 bytes, Stack size 8 bytes, main.o(i.Timer_cfg))
<BR><BR>[Stack]<UL><LI>Max Depth = 88<LI>Call Chain = Timer_cfg &rArr; Timer_Start &rArr; Timer_Load
</UL>
<BR>[Calls]<UL><LI><a href="#[89]">&gt;&gt;</a>&nbsp;&nbsp;&nbsp;Timer_Start
<LI><a href="#[86]">&gt;&gt;</a>&nbsp;&nbsp;&nbsp;Timer_Open
</UL>
<BR>[Called By]<UL><LI><a href="#[2b]">&gt;&gt;</a>&nbsp;&nbsp;&nbsp;main
</UL>

<P><STRONG><a name="[8b]"></a>__0printf$1</STRONG> (Thumb, 22 bytes, Stack size 24 bytes, printf1.o(i.__0printf$1), UNUSED)
<BR><BR>[Calls]<UL><LI><a href="#[8c]">&gt;&gt;</a>&nbsp;&nbsp;&nbsp;_printf_core
</UL>

<P><STRONG><a name="[e6]"></a>__1printf$1</STRONG> (Thumb, 0 bytes, Stack size 24 bytes, printf1.o(i.__0printf$1), UNUSED)

<P><STRONG><a name="[83]"></a>__2printf</STRONG> (Thumb, 0 bytes, Stack size 24 bytes, printf1.o(i.__0printf$1))
<BR><BR>[Stack]<UL><LI>Max Depth = 24<LI>Call Chain = __2printf
</UL>
<BR>[Called By]<UL><LI><a href="#[37]">&gt;&gt;</a>&nbsp;&nbsp;&nbsp;uart1_callback
<LI><a href="#[34]">&gt;&gt;</a>&nbsp;&nbsp;&nbsp;Timer0_Callback
<LI><a href="#[38]">&gt;&gt;</a>&nbsp;&nbsp;&nbsp;rtos_task1
<LI><a href="#[39]">&gt;&gt;</a>&nbsp;&nbsp;&nbsp;keyprocess_task
</UL>

<P><STRONG><a name="[e7]"></a>__scatterload_copy</STRONG> (Thumb, 14 bytes, Stack size unknown bytes, handlers.o(i.__scatterload_copy), UNUSED)

<P><STRONG><a name="[e8]"></a>__scatterload_null</STRONG> (Thumb, 2 bytes, Stack size unknown bytes, handlers.o(i.__scatterload_null), UNUSED)

<P><STRONG><a name="[e9]"></a>__scatterload_zeroinit</STRONG> (Thumb, 14 bytes, Stack size unknown bytes, handlers.o(i.__scatterload_zeroinit), UNUSED)

<P><STRONG><a name="[8e]"></a>console_drv_init</STRONG> (Thumb, 108 bytes, Stack size 24 bytes, retarget_drv_keil.o(i.console_drv_init))
<BR><BR>[Stack]<UL><LI>Max Depth = 64<LI>Call Chain = console_drv_init &rArr; uart_init
</UL>
<BR>[Calls]<UL><LI><a href="#[90]">&gt;&gt;</a>&nbsp;&nbsp;&nbsp;uart_rx
<LI><a href="#[8f]">&gt;&gt;</a>&nbsp;&nbsp;&nbsp;uart_init
</UL>
<BR>[Called By]<UL><LI><a href="#[2b]">&gt;&gt;</a>&nbsp;&nbsp;&nbsp;main
</UL>

<P><STRONG><a name="[13]"></a>dma0_c0_handler</STRONG> (Thumb, 10 bytes, Stack size 8 bytes, dma.o(i.dma0_c0_handler))
<BR><BR>[Stack]<UL><LI>Max Depth = 24<LI>Call Chain = dma0_c0_handler &rArr; dma_isr_handle
</UL>
<BR>[Calls]<UL><LI><a href="#[91]">&gt;&gt;</a>&nbsp;&nbsp;&nbsp;dma_isr_handle
</UL>
<BR>[Address Reference Count : 1]<UL><LI> startup_cm3_mcu.o(RESET)
</UL>
<P><STRONG><a name="[14]"></a>dma0_c1_handler</STRONG> (Thumb, 10 bytes, Stack size 8 bytes, dma.o(i.dma0_c1_handler))
<BR><BR>[Stack]<UL><LI>Max Depth = 24<LI>Call Chain = dma0_c1_handler &rArr; dma_isr_handle
</UL>
<BR>[Calls]<UL><LI><a href="#[91]">&gt;&gt;</a>&nbsp;&nbsp;&nbsp;dma_isr_handle
</UL>
<BR>[Address Reference Count : 1]<UL><LI> startup_cm3_mcu.o(RESET)
</UL>
<P><STRONG><a name="[15]"></a>dma0_c2_handler</STRONG> (Thumb, 10 bytes, Stack size 8 bytes, dma.o(i.dma0_c2_handler))
<BR><BR>[Stack]<UL><LI>Max Depth = 24<LI>Call Chain = dma0_c2_handler &rArr; dma_isr_handle
</UL>
<BR>[Calls]<UL><LI><a href="#[91]">&gt;&gt;</a>&nbsp;&nbsp;&nbsp;dma_isr_handle
</UL>
<BR>[Address Reference Count : 1]<UL><LI> startup_cm3_mcu.o(RESET)
</UL>
<P><STRONG><a name="[16]"></a>dma0_c3_handler</STRONG> (Thumb, 10 bytes, Stack size 8 bytes, dma.o(i.dma0_c3_handler))
<BR><BR>[Stack]<UL><LI>Max Depth = 24<LI>Call Chain = dma0_c3_handler &rArr; dma_isr_handle
</UL>
<BR>[Calls]<UL><LI><a href="#[91]">&gt;&gt;</a>&nbsp;&nbsp;&nbsp;dma_isr_handle
</UL>
<BR>[Address Reference Count : 1]<UL><LI> startup_cm3_mcu.o(RESET)
</UL>
<P><STRONG><a name="[cb]"></a>enable_perclk</STRONG> (Thumb, 32 bytes, Stack size 0 bytes, sysctrl.o(i.enable_perclk))
<BR><BR>[Called By]<UL><LI><a href="#[8f]">&gt;&gt;</a>&nbsp;&nbsp;&nbsp;uart_init
</UL>

<P><STRONG><a name="[76]"></a>enter_critical_section</STRONG> (Thumb, 28 bytes, Stack size 0 bytes, sysfun.o(i.enter_critical_section))
<BR><BR>[Called By]<UL><LI><a href="#[9c]">&gt;&gt;</a>&nbsp;&nbsp;&nbsp;uart_tx
<LI><a href="#[90]">&gt;&gt;</a>&nbsp;&nbsp;&nbsp;uart_rx
<LI><a href="#[4e]">&gt;&gt;</a>&nbsp;&nbsp;&nbsp;RfMcu_MemorySetAhb
<LI><a href="#[4d]">&gt;&gt;</a>&nbsp;&nbsp;&nbsp;RfMcu_MemoryGetAhb
<LI><a href="#[75]">&gt;&gt;</a>&nbsp;&nbsp;&nbsp;Pll_Unlock_Check
</UL>

<P><STRONG><a name="[53]"></a>flash_get_deviceinfo</STRONG> (Thumb, 6 bytes, Stack size 0 bytes, flashctl.o(i.flash_get_deviceinfo))
<BR><BR>[Called By]<UL><LI><a href="#[49]">&gt;&gt;</a>&nbsp;&nbsp;&nbsp;flash_timing_init
<LI><a href="#[6c]">&gt;&gt;</a>&nbsp;&nbsp;&nbsp;flash_read_otp_sec_page
<LI><a href="#[7d]">&gt;&gt;</a>&nbsp;&nbsp;&nbsp;SystemPmuUpdateDcdc
<LI><a href="#[52]">&gt;&gt;</a>&nbsp;&nbsp;&nbsp;GetMpSectorInfo
</UL>

<P><STRONG><a name="[6c]"></a>flash_read_otp_sec_page</STRONG> (Thumb, 80 bytes, Stack size 8 bytes, flashctl.o(i.flash_read_otp_sec_page))
<BR><BR>[Stack]<UL><LI>Max Depth = 24<LI>Call Chain = flash_read_otp_sec_page &rArr; flash_read_otp_sec_register
</UL>
<BR>[Calls]<UL><LI><a href="#[92]">&gt;&gt;</a>&nbsp;&nbsp;&nbsp;flash_read_otp_sec_register
<LI><a href="#[53]">&gt;&gt;</a>&nbsp;&nbsp;&nbsp;flash_get_deviceinfo
</UL>
<BR>[Called By]<UL><LI><a href="#[6b]">&gt;&gt;</a>&nbsp;&nbsp;&nbsp;OtpToMpCalibration
</UL>

<P><STRONG><a name="[94]"></a>flash_set_timing</STRONG> (Thumb, 20 bytes, Stack size 0 bytes, flashctl.o(i.flash_set_timing))
<BR><BR>[Called By]<UL><LI><a href="#[49]">&gt;&gt;</a>&nbsp;&nbsp;&nbsp;flash_timing_init
</UL>

<P><STRONG><a name="[49]"></a>flash_timing_init</STRONG> (Thumb, 138 bytes, Stack size 40 bytes, flashctl.o(i.flash_timing_init))
<BR><BR>[Stack]<UL><LI>Max Depth = 40<LI>Call Chain = flash_timing_init
</UL>
<BR>[Calls]<UL><LI><a href="#[94]">&gt;&gt;</a>&nbsp;&nbsp;&nbsp;flash_set_timing
<LI><a href="#[53]">&gt;&gt;</a>&nbsp;&nbsp;&nbsp;flash_get_deviceinfo
<LI><a href="#[4f]">&gt;&gt;</a>&nbsp;&nbsp;&nbsp;Get_Ahb_System_Clk
</UL>
<BR>[Called By]<UL><LI><a href="#[47]">&gt;&gt;</a>&nbsp;&nbsp;&nbsp;Change_Ahb_System_Clk
</UL>

<P><STRONG><a name="[35]"></a>fputc</STRONG> (Thumb, 26 bytes, Stack size 16 bytes, retarget_drv_keil.o(i.fputc))
<BR><BR>[Stack]<UL><LI>Max Depth = 72<LI>Call Chain = fputc &rArr; uart_send &rArr; uart_tx
</UL>
<BR>[Calls]<UL><LI><a href="#[95]">&gt;&gt;</a>&nbsp;&nbsp;&nbsp;uart_send
</UL>
<BR>[Address Reference Count : 1]<UL><LI> printf1.o(i.__0printf$1)
</UL>
<P><STRONG><a name="[96]"></a>gpio_cfg</STRONG> (Thumb, 126 bytes, Stack size 24 bytes, gpio.o(i.gpio_cfg))
<BR><BR>[Stack]<UL><LI>Max Depth = 44<LI>Call Chain = gpio_cfg &rArr; pin_set_pullopt
</UL>
<BR>[Calls]<UL><LI><a href="#[59]">&gt;&gt;</a>&nbsp;&nbsp;&nbsp;pin_set_pullopt
</UL>
<BR>[Called By]<UL><LI><a href="#[60]">&gt;&gt;</a>&nbsp;&nbsp;&nbsp;gpio_cfg_output
<LI><a href="#[5a]">&gt;&gt;</a>&nbsp;&nbsp;&nbsp;gpio_cfg_input
</UL>

<P><STRONG><a name="[a]"></a>gpio_handler</STRONG> (Thumb, 60 bytes, Stack size 24 bytes, gpio.o(i.gpio_handler))
<BR><BR>[Stack]<UL><LI>Max Depth = 24<LI>Call Chain = gpio_handler
</UL>
<BR>[Address Reference Count : 1]<UL><LI> startup_cm3_mcu.o(RESET)
</UL>
<P><STRONG><a name="[77]"></a>leave_critical_section</STRONG> (Thumb, 34 bytes, Stack size 0 bytes, sysfun.o(i.leave_critical_section))
<BR><BR>[Called By]<UL><LI><a href="#[9c]">&gt;&gt;</a>&nbsp;&nbsp;&nbsp;uart_tx
<LI><a href="#[90]">&gt;&gt;</a>&nbsp;&nbsp;&nbsp;uart_rx
<LI><a href="#[4e]">&gt;&gt;</a>&nbsp;&nbsp;&nbsp;RfMcu_MemorySetAhb
<LI><a href="#[4d]">&gt;&gt;</a>&nbsp;&nbsp;&nbsp;RfMcu_MemoryGetAhb
<LI><a href="#[75]">&gt;&gt;</a>&nbsp;&nbsp;&nbsp;Pll_Unlock_Check
</UL>

<P><STRONG><a name="[2b]"></a>main</STRONG> (Thumb, 178 bytes, Stack size 24 bytes, main.o(i.main))
<BR><BR>[Stack]<UL><LI>Max Depth = 192<LI>Call Chain = main &rArr; vTaskStartScheduler &rArr; xTimerCreateTimerTask &rArr; xTaskCreate &rArr; pvPortMalloc &rArr; xTaskResumeAll &rArr; xTaskIncrementTick
</UL>
<BR>[Calls]<UL><LI><a href="#[9a]">&gt;&gt;</a>&nbsp;&nbsp;&nbsp;xTaskCreate
<LI><a href="#[99]">&gt;&gt;</a>&nbsp;&nbsp;&nbsp;xQueueGenericCreate
<LI><a href="#[9b]">&gt;&gt;</a>&nbsp;&nbsp;&nbsp;vTaskStartScheduler
<LI><a href="#[90]">&gt;&gt;</a>&nbsp;&nbsp;&nbsp;uart_rx
<LI><a href="#[8f]">&gt;&gt;</a>&nbsp;&nbsp;&nbsp;uart_init
<LI><a href="#[8e]">&gt;&gt;</a>&nbsp;&nbsp;&nbsp;console_drv_init
<LI><a href="#[4b]">&gt;&gt;</a>&nbsp;&nbsp;&nbsp;Delay_Init
<LI><a href="#[47]">&gt;&gt;</a>&nbsp;&nbsp;&nbsp;Change_Ahb_System_Clk
<LI><a href="#[8a]">&gt;&gt;</a>&nbsp;&nbsp;&nbsp;Timer_cfg
<LI><a href="#[5e]">&gt;&gt;</a>&nbsp;&nbsp;&nbsp;LED_init
<LI><a href="#[57]">&gt;&gt;</a>&nbsp;&nbsp;&nbsp;Key_init
<LI><a href="#[55]">&gt;&gt;</a>&nbsp;&nbsp;&nbsp;Init_Default_Pin_Mux
<LI><a href="#[4c]">&gt;&gt;</a>&nbsp;&nbsp;&nbsp;Comm_Subsystem_Disable_LDO_Mode
</UL>
<BR>[Address Reference Count : 1]<UL><LI> entry9a.o(.ARM.Collect$$$$0000000B)
</UL>
<P><STRONG><a name="[56]"></a>pin_set_mode</STRONG> (Thumb, 46 bytes, Stack size 20 bytes, sysctrl.o(i.pin_set_mode))
<BR><BR>[Stack]<UL><LI>Max Depth = 20<LI>Call Chain = pin_set_mode
</UL>
<BR>[Called By]<UL><LI><a href="#[55]">&gt;&gt;</a>&nbsp;&nbsp;&nbsp;Init_Default_Pin_Mux
</UL>

<P><STRONG><a name="[59]"></a>pin_set_pullopt</STRONG> (Thumb, 46 bytes, Stack size 20 bytes, sysctrl.o(i.pin_set_pullopt))
<BR><BR>[Stack]<UL><LI>Max Depth = 20<LI>Call Chain = pin_set_pullopt
</UL>
<BR>[Called By]<UL><LI><a href="#[96]">&gt;&gt;</a>&nbsp;&nbsp;&nbsp;gpio_cfg
<LI><a href="#[57]">&gt;&gt;</a>&nbsp;&nbsp;&nbsp;Key_init
</UL>

<P><STRONG><a name="[c3]"></a>pvPortMalloc</STRONG> (Thumb, 198 bytes, Stack size 24 bytes, heap_4.o(i.pvPortMalloc))
<BR><BR>[Stack]<UL><LI>Max Depth = 64<LI>Call Chain = pvPortMalloc &rArr; xTaskResumeAll &rArr; xTaskIncrementTick
</UL>
<BR>[Calls]<UL><LI><a href="#[bc]">&gt;&gt;</a>&nbsp;&nbsp;&nbsp;xTaskResumeAll
<LI><a href="#[bb]">&gt;&gt;</a>&nbsp;&nbsp;&nbsp;vTaskSuspendAll
<LI><a href="#[c5]">&gt;&gt;</a>&nbsp;&nbsp;&nbsp;prvInsertBlockIntoFreeList
<LI><a href="#[c4]">&gt;&gt;</a>&nbsp;&nbsp;&nbsp;prvHeapInit
</UL>
<BR>[Called By]<UL><LI><a href="#[9a]">&gt;&gt;</a>&nbsp;&nbsp;&nbsp;xTaskCreate
<LI><a href="#[99]">&gt;&gt;</a>&nbsp;&nbsp;&nbsp;xQueueGenericCreate
</UL>

<P><STRONG><a name="[b2]"></a>pxPortInitialiseStack</STRONG> (Thumb, 30 bytes, Stack size 0 bytes, port.o(i.pxPortInitialiseStack))
<BR><BR>[Called By]<UL><LI><a href="#[b0]">&gt;&gt;</a>&nbsp;&nbsp;&nbsp;prvInitialiseNewTask
</UL>

<P><STRONG><a name="[e]"></a>uart0_handler</STRONG> (Thumb, 10 bytes, Stack size 8 bytes, uart_drv.o(i.uart0_handler))
<BR><BR>[Stack]<UL><LI>Max Depth = 64<LI>Call Chain = uart0_handler &rArr; uart_irqhandler &rArr; uart_rx_line_int_handler
</UL>
<BR>[Calls]<UL><LI><a href="#[c8]">&gt;&gt;</a>&nbsp;&nbsp;&nbsp;uart_irqhandler
</UL>
<BR>[Address Reference Count : 1]<UL><LI> startup_cm3_mcu.o(RESET)
</UL>
<P><STRONG><a name="[37]"></a>uart1_callback</STRONG> (Thumb, 102 bytes, Stack size 24 bytes, main.o(i.uart1_callback))
<BR><BR>[Stack]<UL><LI>Max Depth = 88<LI>Call Chain = uart1_callback &rArr; xQueueGenericSendFromISR &rArr; prvCopyDataToQueue
</UL>
<BR>[Calls]<UL><LI><a href="#[c9]">&gt;&gt;</a>&nbsp;&nbsp;&nbsp;xQueueGenericSendFromISR
<LI><a href="#[90]">&gt;&gt;</a>&nbsp;&nbsp;&nbsp;uart_rx
<LI><a href="#[83]">&gt;&gt;</a>&nbsp;&nbsp;&nbsp;__2printf
</UL>
<BR>[Address Reference Count : 1]<UL><LI> main.o(i.main)
</UL>
<P><STRONG><a name="[11]"></a>uart1_handler</STRONG> (Thumb, 10 bytes, Stack size 8 bytes, uart_drv.o(i.uart1_handler))
<BR><BR>[Stack]<UL><LI>Max Depth = 64<LI>Call Chain = uart1_handler &rArr; uart_irqhandler &rArr; uart_rx_line_int_handler
</UL>
<BR>[Calls]<UL><LI><a href="#[c8]">&gt;&gt;</a>&nbsp;&nbsp;&nbsp;uart_irqhandler
</UL>
<BR>[Address Reference Count : 1]<UL><LI> startup_cm3_mcu.o(RESET)
</UL>
<P><STRONG><a name="[1d]"></a>uart2_handler</STRONG> (Thumb, 10 bytes, Stack size 8 bytes, uart_drv.o(i.uart2_handler))
<BR><BR>[Stack]<UL><LI>Max Depth = 64<LI>Call Chain = uart2_handler &rArr; uart_irqhandler &rArr; uart_rx_line_int_handler
</UL>
<BR>[Calls]<UL><LI><a href="#[c8]">&gt;&gt;</a>&nbsp;&nbsp;&nbsp;uart_irqhandler
</UL>
<BR>[Address Reference Count : 1]<UL><LI> startup_cm3_mcu.o(RESET)
</UL>
<P><STRONG><a name="[8f]"></a>uart_init</STRONG> (Thumb, 290 bytes, Stack size 40 bytes, uart_drv.o(i.uart_init))
<BR><BR>[Stack]<UL><LI>Max Depth = 40<LI>Call Chain = uart_init
</UL>
<BR>[Calls]<UL><LI><a href="#[cb]">&gt;&gt;</a>&nbsp;&nbsp;&nbsp;enable_perclk
<LI><a href="#[cc]">&gt;&gt;</a>&nbsp;&nbsp;&nbsp;__NVIC_EnableIRQ
<LI><a href="#[ca]">&gt;&gt;</a>&nbsp;&nbsp;&nbsp;__NVIC_ClearPendingIRQ
</UL>
<BR>[Called By]<UL><LI><a href="#[8e]">&gt;&gt;</a>&nbsp;&nbsp;&nbsp;console_drv_init
<LI><a href="#[2b]">&gt;&gt;</a>&nbsp;&nbsp;&nbsp;main
</UL>

<P><STRONG><a name="[90]"></a>uart_rx</STRONG> (Thumb, 276 bytes, Stack size 32 bytes, uart_drv.o(i.uart_rx))
<BR><BR>[Stack]<UL><LI>Max Depth = 32<LI>Call Chain = uart_rx
</UL>
<BR>[Calls]<UL><LI><a href="#[77]">&gt;&gt;</a>&nbsp;&nbsp;&nbsp;leave_critical_section
<LI><a href="#[76]">&gt;&gt;</a>&nbsp;&nbsp;&nbsp;enter_critical_section
</UL>
<BR>[Called By]<UL><LI><a href="#[36]">&gt;&gt;</a>&nbsp;&nbsp;&nbsp;printf_callback
<LI><a href="#[8e]">&gt;&gt;</a>&nbsp;&nbsp;&nbsp;console_drv_init
<LI><a href="#[37]">&gt;&gt;</a>&nbsp;&nbsp;&nbsp;uart1_callback
<LI><a href="#[2b]">&gt;&gt;</a>&nbsp;&nbsp;&nbsp;main
</UL>

<P><STRONG><a name="[9c]"></a>uart_tx</STRONG> (Thumb, 188 bytes, Stack size 32 bytes, uart_drv.o(i.uart_tx))
<BR><BR>[Stack]<UL><LI>Max Depth = 32<LI>Call Chain = uart_tx
</UL>
<BR>[Calls]<UL><LI><a href="#[77]">&gt;&gt;</a>&nbsp;&nbsp;&nbsp;leave_critical_section
<LI><a href="#[76]">&gt;&gt;</a>&nbsp;&nbsp;&nbsp;enter_critical_section
</UL>
<BR>[Called By]<UL><LI><a href="#[95]">&gt;&gt;</a>&nbsp;&nbsp;&nbsp;uart_send
<LI><a href="#[36]">&gt;&gt;</a>&nbsp;&nbsp;&nbsp;printf_callback
</UL>

<P><STRONG><a name="[9e]"></a>uxListRemove</STRONG> (Thumb, 40 bytes, Stack size 0 bytes, list.o(i.uxListRemove))
<BR><BR>[Called By]<UL><LI><a href="#[a7]">&gt;&gt;</a>&nbsp;&nbsp;&nbsp;prvCheckTasksWaitingTermination
<LI><a href="#[9d]">&gt;&gt;</a>&nbsp;&nbsp;&nbsp;prvAddCurrentTaskToDelayedList
<LI><a href="#[c1]">&gt;&gt;</a>&nbsp;&nbsp;&nbsp;xTaskRemoveFromEventList
<LI><a href="#[bc]">&gt;&gt;</a>&nbsp;&nbsp;&nbsp;xTaskResumeAll
<LI><a href="#[be]">&gt;&gt;</a>&nbsp;&nbsp;&nbsp;prvSwitchTimerLists
<LI><a href="#[b8]">&gt;&gt;</a>&nbsp;&nbsp;&nbsp;prvProcessReceivedCommands
<LI><a href="#[b6]">&gt;&gt;</a>&nbsp;&nbsp;&nbsp;prvProcessExpiredTimer
<LI><a href="#[d4]">&gt;&gt;</a>&nbsp;&nbsp;&nbsp;xTaskIncrementTick
</UL>

<P><STRONG><a name="[ad]"></a>vApplicationIdleHook</STRONG> (Thumb, 28 bytes, Stack size 8 bytes, port.o(i.vApplicationIdleHook))
<BR><BR>[Stack]<UL><LI>Max Depth = 8<LI>Call Chain = vApplicationIdleHook
</UL>
<BR>[Calls]<UL><LI><a href="#[ce]">&gt;&gt;</a>&nbsp;&nbsp;&nbsp;vPortSetupTimerInterrupt
</UL>
<BR>[Called By]<UL><LI><a href="#[3b]">&gt;&gt;</a>&nbsp;&nbsp;&nbsp;prvIdleTask
</UL>

<P><STRONG><a name="[a6]"></a>vListInitialise</STRONG> (Thumb, 26 bytes, Stack size 0 bytes, list.o(i.vListInitialise))
<BR><BR>[Called By]<UL><LI><a href="#[a3]">&gt;&gt;</a>&nbsp;&nbsp;&nbsp;prvInitialiseTaskLists
<LI><a href="#[af]">&gt;&gt;</a>&nbsp;&nbsp;&nbsp;xQueueGenericReset
<LI><a href="#[a5]">&gt;&gt;</a>&nbsp;&nbsp;&nbsp;prvCheckForValidListAndQueue
</UL>

<P><STRONG><a name="[b1]"></a>vListInitialiseItem</STRONG> (Thumb, 6 bytes, Stack size 0 bytes, list.o(i.vListInitialiseItem))
<BR><BR>[Called By]<UL><LI><a href="#[b0]">&gt;&gt;</a>&nbsp;&nbsp;&nbsp;prvInitialiseNewTask
</UL>

<P><STRONG><a name="[a0]"></a>vListInsert</STRONG> (Thumb, 52 bytes, Stack size 8 bytes, list.o(i.vListInsert))
<BR><BR>[Stack]<UL><LI>Max Depth = 8<LI>Call Chain = vListInsert
</UL>
<BR>[Called By]<UL><LI><a href="#[9d]">&gt;&gt;</a>&nbsp;&nbsp;&nbsp;prvAddCurrentTaskToDelayedList
<LI><a href="#[d0]">&gt;&gt;</a>&nbsp;&nbsp;&nbsp;vTaskPlaceOnEventList
<LI><a href="#[be]">&gt;&gt;</a>&nbsp;&nbsp;&nbsp;prvSwitchTimerLists
<LI><a href="#[b3]">&gt;&gt;</a>&nbsp;&nbsp;&nbsp;prvInsertTimerInActiveList
</UL>

<P><STRONG><a name="[9f]"></a>vListInsertEnd</STRONG> (Thumb, 24 bytes, Stack size 0 bytes, list.o(i.vListInsertEnd))
<BR><BR>[Called By]<UL><LI><a href="#[a1]">&gt;&gt;</a>&nbsp;&nbsp;&nbsp;prvAddNewTaskToReadyList
<LI><a href="#[9d]">&gt;&gt;</a>&nbsp;&nbsp;&nbsp;prvAddCurrentTaskToDelayedList
<LI><a href="#[c1]">&gt;&gt;</a>&nbsp;&nbsp;&nbsp;xTaskRemoveFromEventList
<LI><a href="#[cf]">&gt;&gt;</a>&nbsp;&nbsp;&nbsp;vTaskPlaceOnEventListRestricted
<LI><a href="#[bc]">&gt;&gt;</a>&nbsp;&nbsp;&nbsp;xTaskResumeAll
<LI><a href="#[d4]">&gt;&gt;</a>&nbsp;&nbsp;&nbsp;xTaskIncrementTick
</UL>

<P><STRONG><a name="[a2]"></a>vPortEnterCritical</STRONG> (Thumb, 30 bytes, Stack size 0 bytes, port.o(i.vPortEnterCritical))
<BR><BR>[Called By]<UL><LI><a href="#[97]">&gt;&gt;</a>&nbsp;&nbsp;&nbsp;xQueueReceive
<LI><a href="#[c6]">&gt;&gt;</a>&nbsp;&nbsp;&nbsp;xQueueGenericSend
<LI><a href="#[a7]">&gt;&gt;</a>&nbsp;&nbsp;&nbsp;prvCheckTasksWaitingTermination
<LI><a href="#[a1]">&gt;&gt;</a>&nbsp;&nbsp;&nbsp;prvAddNewTaskToReadyList
<LI><a href="#[d6]">&gt;&gt;</a>&nbsp;&nbsp;&nbsp;xTaskCheckForTimeOut
<LI><a href="#[af]">&gt;&gt;</a>&nbsp;&nbsp;&nbsp;xQueueGenericReset
<LI><a href="#[bd]">&gt;&gt;</a>&nbsp;&nbsp;&nbsp;vQueueWaitForMessageRestricted
<LI><a href="#[c0]">&gt;&gt;</a>&nbsp;&nbsp;&nbsp;prvUnlockQueue
<LI><a href="#[b5]">&gt;&gt;</a>&nbsp;&nbsp;&nbsp;prvIsQueueFull
<LI><a href="#[b4]">&gt;&gt;</a>&nbsp;&nbsp;&nbsp;prvIsQueueEmpty
<LI><a href="#[bc]">&gt;&gt;</a>&nbsp;&nbsp;&nbsp;xTaskResumeAll
<LI><a href="#[a5]">&gt;&gt;</a>&nbsp;&nbsp;&nbsp;prvCheckForValidListAndQueue
</UL>

<P><STRONG><a name="[a4]"></a>vPortExitCritical</STRONG> (Thumb, 28 bytes, Stack size 0 bytes, port.o(i.vPortExitCritical))
<BR><BR>[Called By]<UL><LI><a href="#[97]">&gt;&gt;</a>&nbsp;&nbsp;&nbsp;xQueueReceive
<LI><a href="#[c6]">&gt;&gt;</a>&nbsp;&nbsp;&nbsp;xQueueGenericSend
<LI><a href="#[a7]">&gt;&gt;</a>&nbsp;&nbsp;&nbsp;prvCheckTasksWaitingTermination
<LI><a href="#[a1]">&gt;&gt;</a>&nbsp;&nbsp;&nbsp;prvAddNewTaskToReadyList
<LI><a href="#[d6]">&gt;&gt;</a>&nbsp;&nbsp;&nbsp;xTaskCheckForTimeOut
<LI><a href="#[af]">&gt;&gt;</a>&nbsp;&nbsp;&nbsp;xQueueGenericReset
<LI><a href="#[bd]">&gt;&gt;</a>&nbsp;&nbsp;&nbsp;vQueueWaitForMessageRestricted
<LI><a href="#[c0]">&gt;&gt;</a>&nbsp;&nbsp;&nbsp;prvUnlockQueue
<LI><a href="#[b5]">&gt;&gt;</a>&nbsp;&nbsp;&nbsp;prvIsQueueFull
<LI><a href="#[b4]">&gt;&gt;</a>&nbsp;&nbsp;&nbsp;prvIsQueueEmpty
<LI><a href="#[bc]">&gt;&gt;</a>&nbsp;&nbsp;&nbsp;xTaskResumeAll
<LI><a href="#[a5]">&gt;&gt;</a>&nbsp;&nbsp;&nbsp;prvCheckForValidListAndQueue
</UL>

<P><STRONG><a name="[ac]"></a>vPortFree</STRONG> (Thumb, 74 bytes, Stack size 16 bytes, heap_4.o(i.vPortFree))
<BR><BR>[Stack]<UL><LI>Max Depth = 56<LI>Call Chain = vPortFree &rArr; xTaskResumeAll &rArr; xTaskIncrementTick
</UL>
<BR>[Calls]<UL><LI><a href="#[bc]">&gt;&gt;</a>&nbsp;&nbsp;&nbsp;xTaskResumeAll
<LI><a href="#[bb]">&gt;&gt;</a>&nbsp;&nbsp;&nbsp;vTaskSuspendAll
<LI><a href="#[c5]">&gt;&gt;</a>&nbsp;&nbsp;&nbsp;prvInsertBlockIntoFreeList
</UL>
<BR>[Called By]<UL><LI><a href="#[9a]">&gt;&gt;</a>&nbsp;&nbsp;&nbsp;xTaskCreate
<LI><a href="#[a8]">&gt;&gt;</a>&nbsp;&nbsp;&nbsp;prvDeleteTCB
<LI><a href="#[b8]">&gt;&gt;</a>&nbsp;&nbsp;&nbsp;prvProcessReceivedCommands
</UL>

<P><STRONG><a name="[ce]"></a>vPortSetupTimerInterrupt</STRONG> (Thumb, 36 bytes, Stack size 0 bytes, port.o(i.vPortSetupTimerInterrupt))
<BR><BR>[Called By]<UL><LI><a href="#[d2]">&gt;&gt;</a>&nbsp;&nbsp;&nbsp;xPortStartScheduler
<LI><a href="#[ad]">&gt;&gt;</a>&nbsp;&nbsp;&nbsp;vApplicationIdleHook
</UL>

<P><STRONG><a name="[bd]"></a>vQueueWaitForMessageRestricted</STRONG> (Thumb, 74 bytes, Stack size 24 bytes, queue.o(i.vQueueWaitForMessageRestricted))
<BR><BR>[Stack]<UL><LI>Max Depth = 72<LI>Call Chain = vQueueWaitForMessageRestricted &rArr; vTaskPlaceOnEventListRestricted &rArr; prvAddCurrentTaskToDelayedList &rArr; vListInsert
</UL>
<BR>[Calls]<UL><LI><a href="#[cf]">&gt;&gt;</a>&nbsp;&nbsp;&nbsp;vTaskPlaceOnEventListRestricted
<LI><a href="#[c0]">&gt;&gt;</a>&nbsp;&nbsp;&nbsp;prvUnlockQueue
<LI><a href="#[a4]">&gt;&gt;</a>&nbsp;&nbsp;&nbsp;vPortExitCritical
<LI><a href="#[a2]">&gt;&gt;</a>&nbsp;&nbsp;&nbsp;vPortEnterCritical
</UL>
<BR>[Called By]<UL><LI><a href="#[ba]">&gt;&gt;</a>&nbsp;&nbsp;&nbsp;prvProcessTimerOrBlockTask
</UL>

<P><STRONG><a name="[c7]"></a>vTaskDelay</STRONG> (Thumb, 46 bytes, Stack size 16 bytes, tasks.o(i.vTaskDelay))
<BR><BR>[Stack]<UL><LI>Max Depth = 56<LI>Call Chain = vTaskDelay &rArr; xTaskResumeAll &rArr; xTaskIncrementTick
</UL>
<BR>[Calls]<UL><LI><a href="#[9d]">&gt;&gt;</a>&nbsp;&nbsp;&nbsp;prvAddCurrentTaskToDelayedList
<LI><a href="#[bc]">&gt;&gt;</a>&nbsp;&nbsp;&nbsp;xTaskResumeAll
<LI><a href="#[bb]">&gt;&gt;</a>&nbsp;&nbsp;&nbsp;vTaskSuspendAll
</UL>
<BR>[Called By]<UL><LI><a href="#[38]">&gt;&gt;</a>&nbsp;&nbsp;&nbsp;rtos_task1
</UL>

<P><STRONG><a name="[d5]"></a>vTaskInternalSetTimeOutState</STRONG> (Thumb, 14 bytes, Stack size 0 bytes, tasks.o(i.vTaskInternalSetTimeOutState))
<BR><BR>[Called By]<UL><LI><a href="#[97]">&gt;&gt;</a>&nbsp;&nbsp;&nbsp;xQueueReceive
<LI><a href="#[c6]">&gt;&gt;</a>&nbsp;&nbsp;&nbsp;xQueueGenericSend
<LI><a href="#[d6]">&gt;&gt;</a>&nbsp;&nbsp;&nbsp;xTaskCheckForTimeOut
</UL>

<P><STRONG><a name="[c2]"></a>vTaskMissedYield</STRONG> (Thumb, 8 bytes, Stack size 0 bytes, tasks.o(i.vTaskMissedYield))
<BR><BR>[Called By]<UL><LI><a href="#[c0]">&gt;&gt;</a>&nbsp;&nbsp;&nbsp;prvUnlockQueue
</UL>

<P><STRONG><a name="[d0]"></a>vTaskPlaceOnEventList</STRONG> (Thumb, 28 bytes, Stack size 16 bytes, tasks.o(i.vTaskPlaceOnEventList))
<BR><BR>[Stack]<UL><LI>Max Depth = 48<LI>Call Chain = vTaskPlaceOnEventList &rArr; prvAddCurrentTaskToDelayedList &rArr; vListInsert
</UL>
<BR>[Calls]<UL><LI><a href="#[9d]">&gt;&gt;</a>&nbsp;&nbsp;&nbsp;prvAddCurrentTaskToDelayedList
<LI><a href="#[a0]">&gt;&gt;</a>&nbsp;&nbsp;&nbsp;vListInsert
</UL>
<BR>[Called By]<UL><LI><a href="#[97]">&gt;&gt;</a>&nbsp;&nbsp;&nbsp;xQueueReceive
<LI><a href="#[c6]">&gt;&gt;</a>&nbsp;&nbsp;&nbsp;xQueueGenericSend
</UL>

<P><STRONG><a name="[cf]"></a>vTaskPlaceOnEventListRestricted</STRONG> (Thumb, 36 bytes, Stack size 16 bytes, tasks.o(i.vTaskPlaceOnEventListRestricted))
<BR><BR>[Stack]<UL><LI>Max Depth = 48<LI>Call Chain = vTaskPlaceOnEventListRestricted &rArr; prvAddCurrentTaskToDelayedList &rArr; vListInsert
</UL>
<BR>[Calls]<UL><LI><a href="#[9d]">&gt;&gt;</a>&nbsp;&nbsp;&nbsp;prvAddCurrentTaskToDelayedList
<LI><a href="#[9f]">&gt;&gt;</a>&nbsp;&nbsp;&nbsp;vListInsertEnd
</UL>
<BR>[Called By]<UL><LI><a href="#[bd]">&gt;&gt;</a>&nbsp;&nbsp;&nbsp;vQueueWaitForMessageRestricted
</UL>

<P><STRONG><a name="[9b]"></a>vTaskStartScheduler</STRONG> (Thumb, 82 bytes, Stack size 16 bytes, tasks.o(i.vTaskStartScheduler))
<BR><BR>[Stack]<UL><LI>Max Depth = 168<LI>Call Chain = vTaskStartScheduler &rArr; xTimerCreateTimerTask &rArr; xTaskCreate &rArr; pvPortMalloc &rArr; xTaskResumeAll &rArr; xTaskIncrementTick
</UL>
<BR>[Calls]<UL><LI><a href="#[9a]">&gt;&gt;</a>&nbsp;&nbsp;&nbsp;xTaskCreate
<LI><a href="#[d1]">&gt;&gt;</a>&nbsp;&nbsp;&nbsp;xTimerCreateTimerTask
<LI><a href="#[d2]">&gt;&gt;</a>&nbsp;&nbsp;&nbsp;xPortStartScheduler
</UL>
<BR>[Called By]<UL><LI><a href="#[2b]">&gt;&gt;</a>&nbsp;&nbsp;&nbsp;main
</UL>

<P><STRONG><a name="[bb]"></a>vTaskSuspendAll</STRONG> (Thumb, 12 bytes, Stack size 0 bytes, tasks.o(i.vTaskSuspendAll))
<BR><BR>[Called By]<UL><LI><a href="#[97]">&gt;&gt;</a>&nbsp;&nbsp;&nbsp;xQueueReceive
<LI><a href="#[c6]">&gt;&gt;</a>&nbsp;&nbsp;&nbsp;xQueueGenericSend
<LI><a href="#[c7]">&gt;&gt;</a>&nbsp;&nbsp;&nbsp;vTaskDelay
<LI><a href="#[ac]">&gt;&gt;</a>&nbsp;&nbsp;&nbsp;vPortFree
<LI><a href="#[c3]">&gt;&gt;</a>&nbsp;&nbsp;&nbsp;pvPortMalloc
<LI><a href="#[ba]">&gt;&gt;</a>&nbsp;&nbsp;&nbsp;prvProcessTimerOrBlockTask
</UL>

<P><STRONG><a name="[3f]"></a>vTaskSwitchContext</STRONG> (Thumb, 76 bytes, Stack size 0 bytes, tasks.o(i.vTaskSwitchContext))
<BR><BR>[Called By]<UL><LI><a href="#[8]">&gt;&gt;</a>&nbsp;&nbsp;&nbsp;xPortPendSVHandler
<LI><a href="#[d2]">&gt;&gt;</a>&nbsp;&nbsp;&nbsp;xPortStartScheduler
</UL>

<P><STRONG><a name="[d2]"></a>xPortStartScheduler</STRONG> (Thumb, 44 bytes, Stack size 0 bytes, port.o(i.xPortStartScheduler))
<BR><BR>[Calls]<UL><LI><a href="#[ce]">&gt;&gt;</a>&nbsp;&nbsp;&nbsp;vPortSetupTimerInterrupt
<LI><a href="#[d3]">&gt;&gt;</a>&nbsp;&nbsp;&nbsp;__asm___6_port_c_39a90d8d__prvStartFirstTask
<LI><a href="#[3a]">&gt;&gt;</a>&nbsp;&nbsp;&nbsp;prvTaskExitError
<LI><a href="#[3f]">&gt;&gt;</a>&nbsp;&nbsp;&nbsp;vTaskSwitchContext
</UL>
<BR>[Called By]<UL><LI><a href="#[9b]">&gt;&gt;</a>&nbsp;&nbsp;&nbsp;vTaskStartScheduler
</UL>

<P><STRONG><a name="[9]"></a>xPortSysTickHandler</STRONG> (Thumb, 50 bytes, Stack size 8 bytes, port.o(i.xPortSysTickHandler))
<BR><BR>[Stack]<UL><LI>Max Depth = 80<LI>Call Chain = xPortSysTickHandler &rArr; Pll_Unlock_Check &rArr; Change_Ahb_System_Clk &rArr; flash_timing_init
</UL>
<BR>[Calls]<UL><LI><a href="#[75]">&gt;&gt;</a>&nbsp;&nbsp;&nbsp;Pll_Unlock_Check
<LI><a href="#[d4]">&gt;&gt;</a>&nbsp;&nbsp;&nbsp;xTaskIncrementTick
</UL>
<BR>[Address Reference Count : 1]<UL><LI> startup_cm3_mcu.o(RESET)
</UL>
<P><STRONG><a name="[99]"></a>xQueueGenericCreate</STRONG> (Thumb, 52 bytes, Stack size 32 bytes, queue.o(i.xQueueGenericCreate))
<BR><BR>[Stack]<UL><LI>Max Depth = 96<LI>Call Chain = xQueueGenericCreate &rArr; pvPortMalloc &rArr; xTaskResumeAll &rArr; xTaskIncrementTick
</UL>
<BR>[Calls]<UL><LI><a href="#[ae]">&gt;&gt;</a>&nbsp;&nbsp;&nbsp;prvInitialiseNewQueue
<LI><a href="#[c3]">&gt;&gt;</a>&nbsp;&nbsp;&nbsp;pvPortMalloc
</UL>
<BR>[Called By]<UL><LI><a href="#[2b]">&gt;&gt;</a>&nbsp;&nbsp;&nbsp;main
<LI><a href="#[a5]">&gt;&gt;</a>&nbsp;&nbsp;&nbsp;prvCheckForValidListAndQueue
</UL>

<P><STRONG><a name="[af]"></a>xQueueGenericReset</STRONG> (Thumb, 122 bytes, Stack size 16 bytes, queue.o(i.xQueueGenericReset))
<BR><BR>[Stack]<UL><LI>Max Depth = 32<LI>Call Chain = xQueueGenericReset &rArr; xTaskRemoveFromEventList
</UL>
<BR>[Calls]<UL><LI><a href="#[c1]">&gt;&gt;</a>&nbsp;&nbsp;&nbsp;xTaskRemoveFromEventList
<LI><a href="#[a4]">&gt;&gt;</a>&nbsp;&nbsp;&nbsp;vPortExitCritical
<LI><a href="#[a2]">&gt;&gt;</a>&nbsp;&nbsp;&nbsp;vPortEnterCritical
<LI><a href="#[a6]">&gt;&gt;</a>&nbsp;&nbsp;&nbsp;vListInitialise
</UL>
<BR>[Called By]<UL><LI><a href="#[ae]">&gt;&gt;</a>&nbsp;&nbsp;&nbsp;prvInitialiseNewQueue
</UL>

<P><STRONG><a name="[c6]"></a>xQueueGenericSend</STRONG> (Thumb, 276 bytes, Stack size 56 bytes, queue.o(i.xQueueGenericSend))
<BR><BR>[Stack]<UL><LI>Max Depth = 104<LI>Call Chain = xQueueGenericSend &rArr; vTaskPlaceOnEventList &rArr; prvAddCurrentTaskToDelayedList &rArr; vListInsert
</UL>
<BR>[Calls]<UL><LI><a href="#[c1]">&gt;&gt;</a>&nbsp;&nbsp;&nbsp;xTaskRemoveFromEventList
<LI><a href="#[d6]">&gt;&gt;</a>&nbsp;&nbsp;&nbsp;xTaskCheckForTimeOut
<LI><a href="#[d0]">&gt;&gt;</a>&nbsp;&nbsp;&nbsp;vTaskPlaceOnEventList
<LI><a href="#[d5]">&gt;&gt;</a>&nbsp;&nbsp;&nbsp;vTaskInternalSetTimeOutState
<LI><a href="#[c0]">&gt;&gt;</a>&nbsp;&nbsp;&nbsp;prvUnlockQueue
<LI><a href="#[b5]">&gt;&gt;</a>&nbsp;&nbsp;&nbsp;prvIsQueueFull
<LI><a href="#[ab]">&gt;&gt;</a>&nbsp;&nbsp;&nbsp;prvCopyDataToQueue
<LI><a href="#[bc]">&gt;&gt;</a>&nbsp;&nbsp;&nbsp;xTaskResumeAll
<LI><a href="#[bb]">&gt;&gt;</a>&nbsp;&nbsp;&nbsp;vTaskSuspendAll
<LI><a href="#[a4]">&gt;&gt;</a>&nbsp;&nbsp;&nbsp;vPortExitCritical
<LI><a href="#[a2]">&gt;&gt;</a>&nbsp;&nbsp;&nbsp;vPortEnterCritical
</UL>
<BR>[Called By]<UL><LI><a href="#[38]">&gt;&gt;</a>&nbsp;&nbsp;&nbsp;rtos_task1
<LI><a href="#[b7]">&gt;&gt;</a>&nbsp;&nbsp;&nbsp;xTimerGenericCommand
</UL>

<P><STRONG><a name="[c9]"></a>xQueueGenericSendFromISR</STRONG> (Thumb, 138 bytes, Stack size 40 bytes, queue.o(i.xQueueGenericSendFromISR))
<BR><BR>[Stack]<UL><LI>Max Depth = 64<LI>Call Chain = xQueueGenericSendFromISR &rArr; prvCopyDataToQueue
</UL>
<BR>[Calls]<UL><LI><a href="#[c1]">&gt;&gt;</a>&nbsp;&nbsp;&nbsp;xTaskRemoveFromEventList
<LI><a href="#[ab]">&gt;&gt;</a>&nbsp;&nbsp;&nbsp;prvCopyDataToQueue
</UL>
<BR>[Called By]<UL><LI><a href="#[37]">&gt;&gt;</a>&nbsp;&nbsp;&nbsp;uart1_callback
<LI><a href="#[b7]">&gt;&gt;</a>&nbsp;&nbsp;&nbsp;xTimerGenericCommand
</UL>

<P><STRONG><a name="[97]"></a>xQueueReceive</STRONG> (Thumb, 256 bytes, Stack size 48 bytes, queue.o(i.xQueueReceive))
<BR><BR>[Stack]<UL><LI>Max Depth = 96<LI>Call Chain = xQueueReceive &rArr; vTaskPlaceOnEventList &rArr; prvAddCurrentTaskToDelayedList &rArr; vListInsert
</UL>
<BR>[Calls]<UL><LI><a href="#[c1]">&gt;&gt;</a>&nbsp;&nbsp;&nbsp;xTaskRemoveFromEventList
<LI><a href="#[d6]">&gt;&gt;</a>&nbsp;&nbsp;&nbsp;xTaskCheckForTimeOut
<LI><a href="#[d0]">&gt;&gt;</a>&nbsp;&nbsp;&nbsp;vTaskPlaceOnEventList
<LI><a href="#[d5]">&gt;&gt;</a>&nbsp;&nbsp;&nbsp;vTaskInternalSetTimeOutState
<LI><a href="#[c0]">&gt;&gt;</a>&nbsp;&nbsp;&nbsp;prvUnlockQueue
<LI><a href="#[b4]">&gt;&gt;</a>&nbsp;&nbsp;&nbsp;prvIsQueueEmpty
<LI><a href="#[a9]">&gt;&gt;</a>&nbsp;&nbsp;&nbsp;prvCopyDataFromQueue
<LI><a href="#[bc]">&gt;&gt;</a>&nbsp;&nbsp;&nbsp;xTaskResumeAll
<LI><a href="#[bb]">&gt;&gt;</a>&nbsp;&nbsp;&nbsp;vTaskSuspendAll
<LI><a href="#[a4]">&gt;&gt;</a>&nbsp;&nbsp;&nbsp;vPortExitCritical
<LI><a href="#[a2]">&gt;&gt;</a>&nbsp;&nbsp;&nbsp;vPortEnterCritical
</UL>
<BR>[Called By]<UL><LI><a href="#[39]">&gt;&gt;</a>&nbsp;&nbsp;&nbsp;keyprocess_task
<LI><a href="#[b8]">&gt;&gt;</a>&nbsp;&nbsp;&nbsp;prvProcessReceivedCommands
</UL>

<P><STRONG><a name="[82]"></a>xQueueReceiveFromISR</STRONG> (Thumb, 130 bytes, Stack size 40 bytes, queue.o(i.xQueueReceiveFromISR))
<BR><BR>[Stack]<UL><LI>Max Depth = 56<LI>Call Chain = xQueueReceiveFromISR &rArr; xTaskRemoveFromEventList
</UL>
<BR>[Calls]<UL><LI><a href="#[c1]">&gt;&gt;</a>&nbsp;&nbsp;&nbsp;xTaskRemoveFromEventList
<LI><a href="#[a9]">&gt;&gt;</a>&nbsp;&nbsp;&nbsp;prvCopyDataFromQueue
</UL>
<BR>[Called By]<UL><LI><a href="#[34]">&gt;&gt;</a>&nbsp;&nbsp;&nbsp;Timer0_Callback
</UL>

<P><STRONG><a name="[d6]"></a>xTaskCheckForTimeOut</STRONG> (Thumb, 84 bytes, Stack size 16 bytes, tasks.o(i.xTaskCheckForTimeOut))
<BR><BR>[Stack]<UL><LI>Max Depth = 16<LI>Call Chain = xTaskCheckForTimeOut
</UL>
<BR>[Calls]<UL><LI><a href="#[d5]">&gt;&gt;</a>&nbsp;&nbsp;&nbsp;vTaskInternalSetTimeOutState
<LI><a href="#[a4]">&gt;&gt;</a>&nbsp;&nbsp;&nbsp;vPortExitCritical
<LI><a href="#[a2]">&gt;&gt;</a>&nbsp;&nbsp;&nbsp;vPortEnterCritical
</UL>
<BR>[Called By]<UL><LI><a href="#[97]">&gt;&gt;</a>&nbsp;&nbsp;&nbsp;xQueueReceive
<LI><a href="#[c6]">&gt;&gt;</a>&nbsp;&nbsp;&nbsp;xQueueGenericSend
</UL>

<P><STRONG><a name="[9a]"></a>xTaskCreate</STRONG> (Thumb, 96 bytes, Stack size 72 bytes, tasks.o(i.xTaskCreate))
<BR><BR>[Stack]<UL><LI>Max Depth = 136<LI>Call Chain = xTaskCreate &rArr; pvPortMalloc &rArr; xTaskResumeAll &rArr; xTaskIncrementTick
</UL>
<BR>[Calls]<UL><LI><a href="#[b0]">&gt;&gt;</a>&nbsp;&nbsp;&nbsp;prvInitialiseNewTask
<LI><a href="#[a1]">&gt;&gt;</a>&nbsp;&nbsp;&nbsp;prvAddNewTaskToReadyList
<LI><a href="#[ac]">&gt;&gt;</a>&nbsp;&nbsp;&nbsp;vPortFree
<LI><a href="#[c3]">&gt;&gt;</a>&nbsp;&nbsp;&nbsp;pvPortMalloc
</UL>
<BR>[Called By]<UL><LI><a href="#[9b]">&gt;&gt;</a>&nbsp;&nbsp;&nbsp;vTaskStartScheduler
<LI><a href="#[2b]">&gt;&gt;</a>&nbsp;&nbsp;&nbsp;main
<LI><a href="#[d1]">&gt;&gt;</a>&nbsp;&nbsp;&nbsp;xTimerCreateTimerTask
</UL>

<P><STRONG><a name="[d8]"></a>xTaskGetSchedulerState</STRONG> (Thumb, 24 bytes, Stack size 0 bytes, tasks.o(i.xTaskGetSchedulerState))
<BR><BR>[Called By]<UL><LI><a href="#[b7]">&gt;&gt;</a>&nbsp;&nbsp;&nbsp;xTimerGenericCommand
</UL>

<P><STRONG><a name="[5d]"></a>xTaskGetTickCount</STRONG> (Thumb, 6 bytes, Stack size 0 bytes, tasks.o(i.xTaskGetTickCount))
<BR><BR>[Called By]<UL><LI><a href="#[5b]">&gt;&gt;</a>&nbsp;&nbsp;&nbsp;Key_scan
<LI><a href="#[b9]">&gt;&gt;</a>&nbsp;&nbsp;&nbsp;prvSampleTimeNow
</UL>

<P><STRONG><a name="[d4]"></a>xTaskIncrementTick</STRONG> (Thumb, 238 bytes, Stack size 24 bytes, tasks.o(i.xTaskIncrementTick))
<BR><BR>[Stack]<UL><LI>Max Depth = 24<LI>Call Chain = xTaskIncrementTick
</UL>
<BR>[Calls]<UL><LI><a href="#[d7]">&gt;&gt;</a>&nbsp;&nbsp;&nbsp;prvResetNextTaskUnblockTime
<LI><a href="#[9f]">&gt;&gt;</a>&nbsp;&nbsp;&nbsp;vListInsertEnd
<LI><a href="#[9e]">&gt;&gt;</a>&nbsp;&nbsp;&nbsp;uxListRemove
</UL>
<BR>[Called By]<UL><LI><a href="#[9]">&gt;&gt;</a>&nbsp;&nbsp;&nbsp;xPortSysTickHandler
<LI><a href="#[bc]">&gt;&gt;</a>&nbsp;&nbsp;&nbsp;xTaskResumeAll
</UL>

<P><STRONG><a name="[c1]"></a>xTaskRemoveFromEventList</STRONG> (Thumb, 104 bytes, Stack size 16 bytes, tasks.o(i.xTaskRemoveFromEventList))
<BR><BR>[Stack]<UL><LI>Max Depth = 16<LI>Call Chain = xTaskRemoveFromEventList
</UL>
<BR>[Calls]<UL><LI><a href="#[9f]">&gt;&gt;</a>&nbsp;&nbsp;&nbsp;vListInsertEnd
<LI><a href="#[9e]">&gt;&gt;</a>&nbsp;&nbsp;&nbsp;uxListRemove
</UL>
<BR>[Called By]<UL><LI><a href="#[82]">&gt;&gt;</a>&nbsp;&nbsp;&nbsp;xQueueReceiveFromISR
<LI><a href="#[97]">&gt;&gt;</a>&nbsp;&nbsp;&nbsp;xQueueReceive
<LI><a href="#[c9]">&gt;&gt;</a>&nbsp;&nbsp;&nbsp;xQueueGenericSendFromISR
<LI><a href="#[c6]">&gt;&gt;</a>&nbsp;&nbsp;&nbsp;xQueueGenericSend
<LI><a href="#[af]">&gt;&gt;</a>&nbsp;&nbsp;&nbsp;xQueueGenericReset
<LI><a href="#[c0]">&gt;&gt;</a>&nbsp;&nbsp;&nbsp;prvUnlockQueue
</UL>

<P><STRONG><a name="[bc]"></a>xTaskResumeAll</STRONG> (Thumb, 196 bytes, Stack size 16 bytes, tasks.o(i.xTaskResumeAll))
<BR><BR>[Stack]<UL><LI>Max Depth = 40<LI>Call Chain = xTaskResumeAll &rArr; xTaskIncrementTick
</UL>
<BR>[Calls]<UL><LI><a href="#[d7]">&gt;&gt;</a>&nbsp;&nbsp;&nbsp;prvResetNextTaskUnblockTime
<LI><a href="#[9f]">&gt;&gt;</a>&nbsp;&nbsp;&nbsp;vListInsertEnd
<LI><a href="#[9e]">&gt;&gt;</a>&nbsp;&nbsp;&nbsp;uxListRemove
<LI><a href="#[a4]">&gt;&gt;</a>&nbsp;&nbsp;&nbsp;vPortExitCritical
<LI><a href="#[a2]">&gt;&gt;</a>&nbsp;&nbsp;&nbsp;vPortEnterCritical
<LI><a href="#[d4]">&gt;&gt;</a>&nbsp;&nbsp;&nbsp;xTaskIncrementTick
</UL>
<BR>[Called By]<UL><LI><a href="#[97]">&gt;&gt;</a>&nbsp;&nbsp;&nbsp;xQueueReceive
<LI><a href="#[c6]">&gt;&gt;</a>&nbsp;&nbsp;&nbsp;xQueueGenericSend
<LI><a href="#[c7]">&gt;&gt;</a>&nbsp;&nbsp;&nbsp;vTaskDelay
<LI><a href="#[ac]">&gt;&gt;</a>&nbsp;&nbsp;&nbsp;vPortFree
<LI><a href="#[c3]">&gt;&gt;</a>&nbsp;&nbsp;&nbsp;pvPortMalloc
<LI><a href="#[ba]">&gt;&gt;</a>&nbsp;&nbsp;&nbsp;prvProcessTimerOrBlockTask
</UL>

<P><STRONG><a name="[d1]"></a>xTimerCreateTimerTask</STRONG> (Thumb, 40 bytes, Stack size 16 bytes, timers.o(i.xTimerCreateTimerTask))
<BR><BR>[Stack]<UL><LI>Max Depth = 152<LI>Call Chain = xTimerCreateTimerTask &rArr; xTaskCreate &rArr; pvPortMalloc &rArr; xTaskResumeAll &rArr; xTaskIncrementTick
</UL>
<BR>[Calls]<UL><LI><a href="#[9a]">&gt;&gt;</a>&nbsp;&nbsp;&nbsp;xTaskCreate
<LI><a href="#[a5]">&gt;&gt;</a>&nbsp;&nbsp;&nbsp;prvCheckForValidListAndQueue
</UL>
<BR>[Called By]<UL><LI><a href="#[9b]">&gt;&gt;</a>&nbsp;&nbsp;&nbsp;vTaskStartScheduler
</UL>

<P><STRONG><a name="[b7]"></a>xTimerGenericCommand</STRONG> (Thumb, 102 bytes, Stack size 40 bytes, timers.o(i.xTimerGenericCommand))
<BR><BR>[Stack]<UL><LI>Max Depth = 144<LI>Call Chain = xTimerGenericCommand &rArr; xQueueGenericSend &rArr; vTaskPlaceOnEventList &rArr; prvAddCurrentTaskToDelayedList &rArr; vListInsert
</UL>
<BR>[Calls]<UL><LI><a href="#[c9]">&gt;&gt;</a>&nbsp;&nbsp;&nbsp;xQueueGenericSendFromISR
<LI><a href="#[c6]">&gt;&gt;</a>&nbsp;&nbsp;&nbsp;xQueueGenericSend
<LI><a href="#[d8]">&gt;&gt;</a>&nbsp;&nbsp;&nbsp;xTaskGetSchedulerState
</UL>
<BR>[Called By]<UL><LI><a href="#[be]">&gt;&gt;</a>&nbsp;&nbsp;&nbsp;prvSwitchTimerLists
<LI><a href="#[b8]">&gt;&gt;</a>&nbsp;&nbsp;&nbsp;prvProcessReceivedCommands
<LI><a href="#[b6]">&gt;&gt;</a>&nbsp;&nbsp;&nbsp;prvProcessExpiredTimer
</UL>
<P>
<H3>
Local Symbols
</H3>
<P><STRONG><a name="[5a]"></a>gpio_cfg_input</STRONG> (Thumb, 18 bytes, Stack size 16 bytes, main.o(i.gpio_cfg_input))
<BR><BR>[Stack]<UL><LI>Max Depth = 60<LI>Call Chain = gpio_cfg_input &rArr; gpio_cfg &rArr; pin_set_pullopt
</UL>
<BR>[Calls]<UL><LI><a href="#[96]">&gt;&gt;</a>&nbsp;&nbsp;&nbsp;gpio_cfg
</UL>
<BR>[Called By]<UL><LI><a href="#[57]">&gt;&gt;</a>&nbsp;&nbsp;&nbsp;Key_init
</UL>

<P><STRONG><a name="[60]"></a>gpio_cfg_output</STRONG> (Thumb, 16 bytes, Stack size 8 bytes, main.o(i.gpio_cfg_output))
<BR><BR>[Stack]<UL><LI>Max Depth = 52<LI>Call Chain = gpio_cfg_output &rArr; gpio_cfg &rArr; pin_set_pullopt
</UL>
<BR>[Calls]<UL><LI><a href="#[96]">&gt;&gt;</a>&nbsp;&nbsp;&nbsp;gpio_cfg
</UL>
[...]
<LI><a href="#[c7]">&gt;&gt;</a>&nbsp;&nbsp;&nbsp;vTaskDelay
<LI><a href="#[5b]">&gt;&gt;</a>&nbsp;&nbsp;&nbsp;Key_scan
<LI><a href="#[83]">&gt;&gt;</a>&nbsp;&nbsp;&nbsp;__2printf
</UL>
<BR>[Address Reference Count : 1]<UL><LI> main.o(i.main)
</UL>
<P><STRONG><a name="[93]"></a>flash_check_busy</STRONG> (Thumb, 10 bytes, Stack size 0 bytes, flashctl.o(i.flash_check_busy))
<BR><BR>[Called By]<UL><LI><a href="#[92]">&gt;&gt;</a>&nbsp;&nbsp;&nbsp;flash_read_otp_sec_register
</UL>

<P><STRONG><a name="[92]"></a>flash_read_otp_sec_register</STRONG> (Thumb, 60 bytes, Stack size 16 bytes, flashctl.o(i.flash_read_otp_sec_register))
<BR><BR>[Stack]<UL><LI>Max Depth = 16<LI>Call Chain = flash_read_otp_sec_register
</UL>
<BR>[Calls]<UL><LI><a href="#[93]">&gt;&gt;</a>&nbsp;&nbsp;&nbsp;flash_check_busy
</UL>
<BR>[Called By]<UL><LI><a href="#[6c]">&gt;&gt;</a>&nbsp;&nbsp;&nbsp;flash_read_otp_sec_page
</UL>

<P><STRONG><a name="[36]"></a>printf_callback</STRONG> (Thumb, 174 bytes, Stack size 24 bytes, retarget_drv_keil.o(i.printf_callback))
<BR><BR>[Stack]<UL><LI>Max Depth = 56<LI>Call Chain = printf_callback &rArr; uart_tx
</UL>
<BR>[Calls]<UL><LI><a href="#[9c]">&gt;&gt;</a>&nbsp;&nbsp;&nbsp;uart_tx
<LI><a href="#[90]">&gt;&gt;</a>&nbsp;&nbsp;&nbsp;uart_rx
</UL>
<BR>[Address Reference Count : 1]<UL><LI> retarget_drv_keil.o(i.console_drv_init)
</UL>
<P><STRONG><a name="[95]"></a>uart_send</STRONG> (Thumb, 120 bytes, Stack size 24 bytes, retarget_drv_keil.o(i.uart_send))
<BR><BR>[Stack]<UL><LI>Max Depth = 56<LI>Call Chain = uart_send &rArr; uart_tx
</UL>
<BR>[Calls]<UL><LI><a href="#[9c]">&gt;&gt;</a>&nbsp;&nbsp;&nbsp;uart_tx
</UL>
<BR>[Called By]<UL><LI><a href="#[35]">&gt;&gt;</a>&nbsp;&nbsp;&nbsp;fputc
</UL>

<P><STRONG><a name="[88]"></a>__NVIC_EnableIRQ</STRONG> (Thumb, 26 bytes, Stack size 0 bytes, timer.o(i.__NVIC_EnableIRQ))
<BR><BR>[Called By]<UL><LI><a href="#[86]">&gt;&gt;</a>&nbsp;&nbsp;&nbsp;Timer_Open
</UL>

<P><STRONG><a name="[ca]"></a>__NVIC_ClearPendingIRQ</STRONG> (Thumb, 22 bytes, Stack size 0 bytes, uart_drv.o(i.__NVIC_ClearPendingIRQ))
<BR><BR>[Called By]<UL><LI><a href="#[8f]">&gt;&gt;</a>&nbsp;&nbsp;&nbsp;uart_init
</UL>

<P><STRONG><a name="[cc]"></a>__NVIC_EnableIRQ</STRONG> (Thumb, 26 bytes, Stack size 0 bytes, uart_drv.o(i.__NVIC_EnableIRQ))
<BR><BR>[Called By]<UL><LI><a href="#[8f]">&gt;&gt;</a>&nbsp;&nbsp;&nbsp;uart_init
</UL>

<P><STRONG><a name="[c8]"></a>uart_irqhandler</STRONG> (Thumb, 432 bytes, Stack size 48 bytes, uart_drv.o(i.uart_irqhandler))
<BR><BR>[Stack]<UL><LI>Max Depth = 56<LI>Call Chain = uart_irqhandler &rArr; uart_rx_line_int_handler
</UL>
<BR>[Calls]<UL><LI><a href="#[cd]">&gt;&gt;</a>&nbsp;&nbsp;&nbsp;uart_rx_line_int_handler
</UL>
<BR>[Called By]<UL><LI><a href="#[1d]">&gt;&gt;</a>&nbsp;&nbsp;&nbsp;uart2_handler
<LI><a href="#[11]">&gt;&gt;</a>&nbsp;&nbsp;&nbsp;uart1_handler
<LI><a href="#[e]">&gt;&gt;</a>&nbsp;&nbsp;&nbsp;uart0_handler
</UL>

<P><STRONG><a name="[cd]"></a>uart_rx_line_int_handler</STRONG> (Thumb, 98 bytes, Stack size 8 bytes, uart_drv.o(i.uart_rx_line_int_handler))
<BR><BR>[Stack]<UL><LI>Max Depth = 8<LI>Call Chain = uart_rx_line_int_handler
</UL>
<BR>[Called By]<UL><LI><a href="#[c8]">&gt;&gt;</a>&nbsp;&nbsp;&nbsp;uart_irqhandler
</UL>

<P><STRONG><a name="[91]"></a>dma_isr_handle</STRONG> (Thumb, 50 bytes, Stack size 16 bytes, dma.o(i.dma_isr_handle))
<BR><BR>[Stack]<UL><LI>Max Depth = 16<LI>Call Chain = dma_isr_handle
</UL>
<BR>[Called By]<UL><LI><a href="#[16]">&gt;&gt;</a>&nbsp;&nbsp;&nbsp;dma0_c3_handler
<LI><a href="#[15]">&gt;&gt;</a>&nbsp;&nbsp;&nbsp;dma0_c2_handler
<LI><a href="#[14]">&gt;&gt;</a>&nbsp;&nbsp;&nbsp;dma0_c1_handler
<LI><a href="#[13]">&gt;&gt;</a>&nbsp;&nbsp;&nbsp;dma0_c0_handler
</UL>

<P><STRONG><a name="[2f]"></a>Delay_ms_32MHz</STRONG> (Thumb, 86 bytes, Stack size 8 bytes, sysctrl.o(i.Delay_ms_32MHz))
<BR><BR>[Stack]<UL><LI>Max Depth = 8<LI>Call Chain = Delay_ms_32MHz
</UL>
<BR>[Address Reference Count : 1]<UL><LI> sysctrl.o(i.Delay_Init)
</UL>
<P><STRONG><a name="[31]"></a>Delay_ms_48MHz</STRONG> (Thumb, 116 bytes, Stack size 8 bytes, sysctrl.o(i.Delay_ms_48MHz))
<BR><BR>[Stack]<UL><LI>Max Depth = 8<LI>Call Chain = Delay_ms_48MHz
</UL>
<BR>[Address Reference Count : 1]<UL><LI> sysctrl.o(i.Delay_Init)
</UL>
<P><STRONG><a name="[33]"></a>Delay_ms_64MHz</STRONG> (Thumb, 144 bytes, Stack size 8 bytes, sysctrl.o(i.Delay_ms_64MHz))
<BR><BR>[Stack]<UL><LI>Max Depth = 8<LI>Call Chain = Delay_ms_64MHz
</UL>
<BR>[Address Reference Count : 2]<UL><LI> sysctrl.o(i.Delay_Init)
<LI> sysctrl.o(.data)
</UL>
<P><STRONG><a name="[2e]"></a>Delay_us_32MHz</STRONG> (Thumb, 68 bytes, Stack size 0 bytes, sysctrl.o(i.Delay_us_32MHz))
<BR>[Address Reference Count : 1]<UL><LI> sysctrl.o(i.Delay_Init)
</UL>
<P><STRONG><a name="[30]"></a>Delay_us_48MHz</STRONG> (Thumb, 100 bytes, Stack size 0 bytes, sysctrl.o(i.Delay_us_48MHz))
<BR>[Address Reference Count : 1]<UL><LI> sysctrl.o(i.Delay_Init)
</UL>
<P><STRONG><a name="[32]"></a>Delay_us_64MHz</STRONG> (Thumb, 132 bytes, Stack size 0 bytes, sysctrl.o(i.Delay_us_64MHz))
<BR>[Address Reference Count : 2]<UL><LI> sysctrl.o(i.Delay_Init)
<LI> sysctrl.o(.data)
</UL>
<P><STRONG><a name="[a9]"></a>prvCopyDataFromQueue</STRONG> (Thumb, 42 bytes, Stack size 16 bytes, queue.o(i.prvCopyDataFromQueue))
<BR><BR>[Stack]<UL><LI>Max Depth = 16<LI>Call Chain = prvCopyDataFromQueue
</UL>
<BR>[Calls]<UL><LI><a href="#[aa]">&gt;&gt;</a>&nbsp;&nbsp;&nbsp;__aeabi_memcpy
</UL>
<BR>[Called By]<UL><LI><a href="#[82]">&gt;&gt;</a>&nbsp;&nbsp;&nbsp;xQueueReceiveFromISR
<LI><a href="#[97]">&gt;&gt;</a>&nbsp;&nbsp;&nbsp;xQueueReceive
</UL>

<P><STRONG><a name="[ab]"></a>prvCopyDataToQueue</STRONG> (Thumb, 106 bytes, Stack size 24 bytes, queue.o(i.prvCopyDataToQueue))
<BR><BR>[Stack]<UL><LI>Max Depth = 24<LI>Call Chain = prvCopyDataToQueue
</UL>
<BR>[Calls]<UL><LI><a href="#[aa]">&gt;&gt;</a>&nbsp;&nbsp;&nbsp;__aeabi_memcpy
</UL>
<BR>[Called By]<UL><LI><a href="#[c9]">&gt;&gt;</a>&nbsp;&nbsp;&nbsp;xQueueGenericSendFromISR
<LI><a href="#[c6]">&gt;&gt;</a>&nbsp;&nbsp;&nbsp;xQueueGenericSend
</UL>

<P><STRONG><a name="[ae]"></a>prvInitialiseNewQueue</STRONG> (Thumb, 42 bytes, Stack size 24 bytes, queue.o(i.prvInitialiseNewQueue))
<BR><BR>[Stack]<UL><LI>Max Depth = 56<LI>Call Chain = prvInitialiseNewQueue &rArr; xQueueGenericReset &rArr; xTaskRemoveFromEventList
</UL>
<BR>[Calls]<UL><LI><a href="#[af]">&gt;&gt;</a>&nbsp;&nbsp;&nbsp;xQueueGenericReset
</UL>
<BR>[Called By]<UL><LI><a href="#[99]">&gt;&gt;</a>&nbsp;&nbsp;&nbsp;xQueueGenericCreate
</UL>

<P><STRONG><a name="[b4]"></a>prvIsQueueEmpty</STRONG> (Thumb, 26 bytes, Stack size 16 bytes, queue.o(i.prvIsQueueEmpty))
<BR><BR>[Stack]<UL><LI>Max Depth = 16<LI>Call Chain = prvIsQueueEmpty
</UL>
<BR>[Calls]<UL><LI><a href="#[a4]">&gt;&gt;</a>&nbsp;&nbsp;&nbsp;vPortExitCritical
<LI><a href="#[a2]">&gt;&gt;</a>&nbsp;&nbsp;&nbsp;vPortEnterCritical
</UL>
<BR>[Called By]<UL><LI><a href="#[97]">&gt;&gt;</a>&nbsp;&nbsp;&nbsp;xQueueReceive
</UL>

<P><STRONG><a name="[b5]"></a>prvIsQueueFull</STRONG> (Thumb, 30 bytes, Stack size 16 bytes, queue.o(i.prvIsQueueFull))
<BR><BR>[Stack]<UL><LI>Max Depth = 16<LI>Call Chain = prvIsQueueFull
</UL>
<BR>[Calls]<UL><LI><a href="#[a4]">&gt;&gt;</a>&nbsp;&nbsp;&nbsp;vPortExitCritical
<LI><a href="#[a2]">&gt;&gt;</a>&nbsp;&nbsp;&nbsp;vPortEnterCritical
</UL>
<BR>[Called By]<UL><LI><a href="#[c6]">&gt;&gt;</a>&nbsp;&nbsp;&nbsp;xQueueGenericSend
</UL>

<P><STRONG><a name="[c0]"></a>prvUnlockQueue</STRONG> (Thumb, 126 bytes, Stack size 16 bytes, queue.o(i.prvUnlockQueue))
<BR><BR>[Stack]<UL><LI>Max Depth = 32<LI>Call Chain = prvUnlockQueue &rArr; xTaskRemoveFromEventList
</UL>
<BR>[Calls]<UL><LI><a href="#[c1]">&gt;&gt;</a>&nbsp;&nbsp;&nbsp;xTaskRemoveFromEventList
<LI><a href="#[c2]">&gt;&gt;</a>&nbsp;&nbsp;&nbsp;vTaskMissedYield
<LI><a href="#[a4]">&gt;&gt;</a>&nbsp;&nbsp;&nbsp;vPortExitCritical
<LI><a href="#[a2]">&gt;&gt;</a>&nbsp;&nbsp;&nbsp;vPortEnterCritical
</UL>
<BR>[Called By]<UL><LI><a href="#[97]">&gt;&gt;</a>&nbsp;&nbsp;&nbsp;xQueueReceive
<LI><a href="#[c6]">&gt;&gt;</a>&nbsp;&nbsp;&nbsp;xQueueGenericSend
<LI><a href="#[bd]">&gt;&gt;</a>&nbsp;&nbsp;&nbsp;vQueueWaitForMessageRestricted
</UL>

<P><STRONG><a name="[9d]"></a>prvAddCurrentTaskToDelayedList</STRONG> (Thumb, 124 bytes, Stack size 24 bytes, tasks.o(i.prvAddCurrentTaskToDelayedList))
<BR><BR>[Stack]<UL><LI>Max Depth = 32<LI>Call Chain = prvAddCurrentTaskToDelayedList &rArr; vListInsert
</UL>
<BR>[Calls]<UL><LI><a href="#[9f]">&gt;&gt;</a>&nbsp;&nbsp;&nbsp;vListInsertEnd
<LI><a href="#[a0]">&gt;&gt;</a>&nbsp;&nbsp;&nbsp;vListInsert
<LI><a href="#[9e]">&gt;&gt;</a>&nbsp;&nbsp;&nbsp;uxListRemove
</UL>
<BR>[Called By]<UL><LI><a href="#[c7]">&gt;&gt;</a>&nbsp;&nbsp;&nbsp;vTaskDelay
<LI><a href="#[cf]">&gt;&gt;</a>&nbsp;&nbsp;&nbsp;vTaskPlaceOnEventListRestricted
<LI><a href="#[d0]">&gt;&gt;</a>&nbsp;&nbsp;&nbsp;vTaskPlaceOnEventList
</UL>

<P><STRONG><a name="[a1]"></a>prvAddNewTaskToReadyList</STRONG> (Thumb, 156 bytes, Stack size 8 bytes, tasks.o(i.prvAddNewTaskToReadyList))
<BR><BR>[Stack]<UL><LI>Max Depth = 16<LI>Call Chain = prvAddNewTaskToReadyList &rArr; prvInitialiseTaskLists
</UL>
<BR>[Calls]<UL><LI><a href="#[a3]">&gt;&gt;</a>&nbsp;&nbsp;&nbsp;prvInitialiseTaskLists
<LI><a href="#[9f]">&gt;&gt;</a>&nbsp;&nbsp;&nbsp;vListInsertEnd
<LI><a href="#[a4]">&gt;&gt;</a>&nbsp;&nbsp;&nbsp;vPortExitCritical
<LI><a href="#[a2]">&gt;&gt;</a>&nbsp;&nbsp;&nbsp;vPortEnterCritical
</UL>
<BR>[Called By]<UL><LI><a href="#[9a]">&gt;&gt;</a>&nbsp;&nbsp;&nbsp;xTaskCreate
</UL>

<P><STRONG><a name="[a7]"></a>prvCheckTasksWaitingTermination</STRONG> (Thumb, 60 bytes, Stack size 8 bytes, tasks.o(i.prvCheckTasksWaitingTermination))
<BR><BR>[Stack]<UL><LI>Max Depth = 72<LI>Call Chain = prvCheckTasksWaitingTermination &rArr; prvDeleteTCB &rArr; vPortFree &rArr; xTaskResumeAll &rArr; xTaskIncrementTick
</UL>
<BR>[Calls]<UL><LI><a href="#[a8]">&gt;&gt;</a>&nbsp;&nbsp;&nbsp;prvDeleteTCB
<LI><a href="#[9e]">&gt;&gt;</a>&nbsp;&nbsp;&nbsp;uxListRemove
<LI><a href="#[a4]">&gt;&gt;</a>&nbsp;&nbsp;&nbsp;vPortExitCritical
<LI><a href="#[a2]">&gt;&gt;</a>&nbsp;&nbsp;&nbsp;vPortEnterCritical
</UL>
<BR>[Called By]<UL><LI><a href="#[3b]">&gt;&gt;</a>&nbsp;&nbsp;&nbsp;prvIdleTask
</UL>

<P><STRONG><a name="[a8]"></a>prvDeleteTCB</STRONG> (Thumb, 18 bytes, Stack size 8 bytes, tasks.o(i.prvDeleteTCB))
<BR><BR>[Stack]<UL><LI>Max Depth = 64<LI>Call Chain = prvDeleteTCB &rArr; vPortFree &rArr; xTaskResumeAll &rArr; xTaskIncrementTick
</UL>
<BR>[Calls]<UL><LI><a href="#[ac]">&gt;&gt;</a>&nbsp;&nbsp;&nbsp;vPortFree
</UL>
<BR>[Called By]<UL><LI><a href="#[a7]">&gt;&gt;</a>&nbsp;&nbsp;&nbsp;prvCheckTasksWaitingTermination
</UL>

<P><STRONG><a name="[3b]"></a>prvIdleTask</STRONG> (Thumb, 36 bytes, Stack size 0 bytes, tasks.o(i.prvIdleTask))
<BR><BR>[Stack]<UL><LI>Max Depth = 72<LI>Call Chain = prvIdleTask &rArr; prvCheckTasksWaitingTermination &rArr; prvDeleteTCB &rArr; vPortFree &rArr; xTaskResumeAll &rArr; xTaskIncrementTick
</UL>
<BR>[Calls]<UL><LI><a href="#[a7]">&gt;&gt;</a>&nbsp;&nbsp;&nbsp;prvCheckTasksWaitingTermination
<LI><a href="#[ad]">&gt;&gt;</a>&nbsp;&nbsp;&nbsp;vApplicationIdleHook
</UL>
<BR>[Address Reference Count : 1]<UL><LI> tasks.o(i.vTaskStartScheduler)
</UL>
<P><STRONG><a name="[b0]"></a>prvInitialiseNewTask</STRONG> (Thumb, 152 bytes, Stack size 40 bytes, tasks.o(i.prvInitialiseNewTask))
<BR><BR>[Stack]<UL><LI>Max Depth = 40<LI>Call Chain = prvInitialiseNewTask
</UL>
<BR>[Calls]<UL><LI><a href="#[b1]">&gt;&gt;</a>&nbsp;&nbsp;&nbsp;vListInitialiseItem
<LI><a href="#[44]">&gt;&gt;</a>&nbsp;&nbsp;&nbsp;__aeabi_memset
<LI><a href="#[b2]">&gt;&gt;</a>&nbsp;&nbsp;&nbsp;pxPortInitialiseStack
</UL>
<BR>[Called By]<UL><LI><a href="#[9a]">&gt;&gt;</a>&nbsp;&nbsp;&nbsp;xTaskCreate
</UL>

<P><STRONG><a name="[a3]"></a>prvInitialiseTaskLists</STRONG> (Thumb, 70 bytes, Stack size 8 bytes, tasks.o(i.prvInitialiseTaskLists))
<BR><BR>[Stack]<UL><LI>Max Depth = 8<LI>Call Chain = prvInitialiseTaskLists
</UL>
<BR>[Calls]<UL><LI><a href="#[a6]">&gt;&gt;</a>&nbsp;&nbsp;&nbsp;vListInitialise
</UL>
<BR>[Called By]<UL><LI><a href="#[a1]">&gt;&gt;</a>&nbsp;&nbsp;&nbsp;prvAddNewTaskToReadyList
</UL>

<P><STRONG><a name="[d7]"></a>prvResetNextTaskUnblockTime</STRONG> (Thumb, 42 bytes, Stack size 0 bytes, tasks.o(i.prvResetNextTaskUnblockTime))
<BR><BR>[Called By]<UL><LI><a href="#[bc]">&gt;&gt;</a>&nbsp;&nbsp;&nbsp;xTaskResumeAll
<LI><a href="#[d4]">&gt;&gt;</a>&nbsp;&nbsp;&nbsp;xTaskIncrementTick
</UL>

<P><STRONG><a name="[a5]"></a>prvCheckForValidListAndQueue</STRONG> (Thumb, 56 bytes, Stack size 8 bytes, timers.o(i.prvCheckForValidListAndQueue))
<BR><BR>[Stack]<UL><LI>Max Depth = 104<LI>Call Chain = prvCheckForValidListAndQueue &rArr; xQueueGenericCreate &rArr; pvPortMalloc &rArr; xTaskResumeAll &rArr; xTaskIncrementTick
</UL>
<BR>[Calls]<UL><LI><a href="#[99]">&gt;&gt;</a>&nbsp;&nbsp;&nbsp;xQueueGenericCreate
<LI><a href="#[a4]">&gt;&gt;</a>&nbsp;&nbsp;&nbsp;vPortExitCritical
<LI><a href="#[a2]">&gt;&gt;</a>&nbsp;&nbsp;&nbsp;vPortEnterCritical
<LI><a href="#[a6]">&gt;&gt;</a>&nbsp;&nbsp;&nbsp;vListInitialise
</UL>
<BR>[Called By]<UL><LI><a href="#[d1]">&gt;&gt;</a>&nbsp;&nbsp;&nbsp;xTimerCreateTimerTask
</UL>

<P><STRONG><a name="[bf]"></a>prvGetNextExpireTime</STRONG> (Thumb, 36 bytes, Stack size 0 bytes, timers.o(i.prvGetNextExpireTime))
<BR><BR>[Called By]<UL><LI><a href="#[3c]">&gt;&gt;</a>&nbsp;&nbsp;&nbsp;prvTimerTask
</UL>

<P><STRONG><a name="[b3]"></a>prvInsertTimerInActiveList</STRONG> (Thumb, 80 bytes, Stack size 24 bytes, timers.o(i.prvInsertTimerInActiveList))
<BR><BR>[Stack]<UL><LI>Max Depth = 32<LI>Call Chain = prvInsertTimerInActiveList &rArr; vListInsert
</UL>
<BR>[Calls]<UL><LI><a href="#[a0]">&gt;&gt;</a>&nbsp;&nbsp;&nbsp;vListInsert
</UL>
<BR>[Called By]<UL><LI><a href="#[b8]">&gt;&gt;</a>&nbsp;&nbsp;&nbsp;prvProcessReceivedCommands
<LI><a href="#[b6]">&gt;&gt;</a>&nbsp;&nbsp;&nbsp;prvProcessExpiredTimer
</UL>

<P><STRONG><a name="[b6]"></a>prvProcessExpiredTimer</STRONG> (Thumb, 86 bytes, Stack size 24 bytes, timers.o(i.prvProcessExpiredTimer))
<BR><BR>[Stack]<UL><LI>Max Depth = 168<LI>Call Chain = prvProcessExpiredTimer &rArr; xTimerGenericCommand &rArr; xQueueGenericSend &rArr; vTaskPlaceOnEventList &rArr; prvAddCurrentTaskToDelayedList &rArr; vListInsert
</UL>
<BR>[Calls]<UL><LI><a href="#[9e]">&gt;&gt;</a>&nbsp;&nbsp;&nbsp;uxListRemove
<LI><a href="#[b7]">&gt;&gt;</a>&nbsp;&nbsp;&nbsp;xTimerGenericCommand
<LI><a href="#[b3]">&gt;&gt;</a>&nbsp;&nbsp;&nbsp;prvInsertTimerInActiveList
</UL>
<BR>[Called By]<UL><LI><a href="#[ba]">&gt;&gt;</a>&nbsp;&nbsp;&nbsp;prvProcessTimerOrBlockTask
</UL>

<P><STRONG><a name="[b8]"></a>prvProcessReceivedCommands</STRONG> (Thumb, 246 bytes, Stack size 40 bytes, timers.o(i.prvProcessReceivedCommands))
<BR><BR>[Stack]<UL><LI>Max Depth = 232<LI>Call Chain = prvProcessReceivedCommands &rArr; prvSampleTimeNow &rArr; prvSwitchTimerLists &rArr; xTimerGenericCommand &rArr; xQueueGenericSend &rArr; vTaskPlaceOnEventList &rArr; prvAddCurrentTaskToDelayedList &rArr; vListInsert
</UL>
<BR>[Calls]<UL><LI><a href="#[97]">&gt;&gt;</a>&nbsp;&nbsp;&nbsp;xQueueReceive
<LI><a href="#[9e]">&gt;&gt;</a>&nbsp;&nbsp;&nbsp;uxListRemove
<LI><a href="#[ac]">&gt;&gt;</a>&nbsp;&nbsp;&nbsp;vPortFree
<LI><a href="#[b7]">&gt;&gt;</a>&nbsp;&nbsp;&nbsp;xTimerGenericCommand
<LI><a href="#[b9]">&gt;&gt;</a>&nbsp;&nbsp;&nbsp;prvSampleTimeNow
<LI><a href="#[b3]">&gt;&gt;</a>&nbsp;&nbsp;&nbsp;prvInsertTimerInActiveList
</UL>
<BR>[Called By]<UL><LI><a href="#[3c]">&gt;&gt;</a>&nbsp;&nbsp;&nbsp;prvTimerTask
</UL>

<P><STRONG><a name="[ba]"></a>prvProcessTimerOrBlockTask</STRONG> (Thumb, 102 bytes, Stack size 24 bytes, timers.o(i.prvProcessTimerOrBlockTask))
<BR><BR>[Stack]<UL><LI>Max Depth = 216<LI>Call Chain = prvProcessTimerOrBlockTask &rArr; prvSampleTimeNow &rArr; prvSwitchTimerLists &rArr; xTimerGenericCommand &rArr; xQueueGenericSend &rArr; vTaskPlaceOnEventList &rArr; prvAddCurrentTaskToDelayedList &rArr; vListInsert
</UL>
<BR>[Calls]<UL><LI><a href="#[bd]">&gt;&gt;</a>&nbsp;&nbsp;&nbsp;vQueueWaitForMessageRestricted
<LI><a href="#[bc]">&gt;&gt;</a>&nbsp;&nbsp;&nbsp;xTaskResumeAll
<LI><a href="#[bb]">&gt;&gt;</a>&nbsp;&nbsp;&nbsp;vTaskSuspendAll
<LI><a href="#[b9]">&gt;&gt;</a>&nbsp;&nbsp;&nbsp;prvSampleTimeNow
<LI><a href="#[b6]">&gt;&gt;</a>&nbsp;&nbsp;&nbsp;prvProcessExpiredTimer
</UL>
<BR>[Called By]<UL><LI><a href="#[3c]">&gt;&gt;</a>&nbsp;&nbsp;&nbsp;prvTimerTask
</UL>

<P><STRONG><a name="[b9]"></a>prvSampleTimeNow</STRONG> (Thumb, 40 bytes, Stack size 16 bytes, timers.o(i.prvSampleTimeNow))
<BR><BR>[Stack]<UL><LI>Max Depth = 192<LI>Call Chain = prvSampleTimeNow &rArr; prvSwitchTimerLists &rArr; xTimerGenericCommand &rArr; xQueueGenericSend &rArr; vTaskPlaceOnEventList &rArr; prvAddCurrentTaskToDelayedList &rArr; vListInsert
</UL>
<BR>[Calls]<UL><LI><a href="#[5d]">&gt;&gt;</a>&nbsp;&nbsp;&nbsp;xTaskGetTickCount
<LI><a href="#[be]">&gt;&gt;</a>&nbsp;&nbsp;&nbsp;prvSwitchTimerLists
</UL>
<BR>[Called By]<UL><LI><a href="#[ba]">&gt;&gt;</a>&nbsp;&nbsp;&nbsp;prvProcessTimerOrBlockTask
<LI><a href="#[b8]">&gt;&gt;</a>&nbsp;&nbsp;&nbsp;prvProcessReceivedCommands
</UL>

<P><STRONG><a name="[be]"></a>prvSwitchTimerLists</STRONG> (Thumb, 126 bytes, Stack size 32 bytes, timers.o(i.prvSwitchTimerLists))
<BR><BR>[Stack]<UL><LI>Max Depth = 176<LI>Call Chain = prvSwitchTimerLists &rArr; xTimerGenericCommand &rArr; xQueueGenericSend &rArr; vTaskPlaceOnEventList &rArr; prvAddCurrentTaskToDelayedList &rArr; vListInsert
</UL>
<BR>[Calls]<UL><LI><a href="#[a0]">&gt;&gt;</a>&nbsp;&nbsp;&nbsp;vListInsert
<LI><a href="#[9e]">&gt;&gt;</a>&nbsp;&nbsp;&nbsp;uxListRemove
<LI><a href="#[b7]">&gt;&gt;</a>&nbsp;&nbsp;&nbsp;xTimerGenericCommand
</UL>
<BR>[Called By]<UL><LI><a href="#[b9]">&gt;&gt;</a>&nbsp;&nbsp;&nbsp;prvSampleTimeNow
</UL>

<P><STRONG><a name="[3c]"></a>prvTimerTask</STRONG> (Thumb, 26 bytes, Stack size 8 bytes, timers.o(i.prvTimerTask))
<BR><BR>[Stack]<UL><LI>Max Depth = 240<LI>Call Chain = prvTimerTask &rArr; prvProcessReceivedCommands &rArr; prvSampleTimeNow &rArr; prvSwitchTimerLists &rArr; xTimerGenericCommand &rArr; xQueueGenericSend &rArr; vTaskPlaceOnEventList &rArr; prvAddCurrentTaskToDelayedList &rArr; vListInsert
</UL>
<BR>[Calls]<UL><LI><a href="#[ba]">&gt;&gt;</a>&nbsp;&nbsp;&nbsp;prvProcessTimerOrBlockTask
<LI><a href="#[b8]">&gt;&gt;</a>&nbsp;&nbsp;&nbsp;prvProcessReceivedCommands
<LI><a href="#[bf]">&gt;&gt;</a>&nbsp;&nbsp;&nbsp;prvGetNextExpireTime
</UL>
<BR>[Address Reference Count : 1]<UL><LI> timers.o(i.xTimerCreateTimerTask)
</UL>
<P><STRONG><a name="[c4]"></a>prvHeapInit</STRONG> (Thumb, 98 bytes, Stack size 12 bytes, heap_4.o(i.prvHeapInit))
<BR><BR>[Stack]<UL><LI>Max Depth = 12<LI>Call Chain = prvHeapInit
</UL>
<BR>[Called By]<UL><LI><a href="#[c3]">&gt;&gt;</a>&nbsp;&nbsp;&nbsp;pvPortMalloc
</UL>

<P><STRONG><a name="[c5]"></a>prvInsertBlockIntoFreeList</STRONG> (Thumb, 96 bytes, Stack size 8 bytes, heap_4.o(i.prvInsertBlockIntoFreeList))
<BR><BR>[Stack]<UL><LI>Max Depth = 8<LI>Call Chain = prvInsertBlockIntoFreeList
</UL>
<BR>[Called By]<UL><LI><a href="#[ac]">&gt;&gt;</a>&nbsp;&nbsp;&nbsp;vPortFree
<LI><a href="#[c3]">&gt;&gt;</a>&nbsp;&nbsp;&nbsp;pvPortMalloc
</UL>

<P><STRONG><a name="[3a]"></a>prvTaskExitError</STRONG> (Thumb, 22 bytes, Stack size 0 bytes, port.o(i.prvTaskExitError))
<BR><BR>[Called By]<UL><LI><a href="#[d2]">&gt;&gt;</a>&nbsp;&nbsp;&nbsp;xPortStartScheduler
</UL>
<BR>[Address Reference Count : 1]<UL><LI> port.o(i.pxPortInitialiseStack)
</UL>
<P><STRONG><a name="[8c]"></a>_printf_core</STRONG> (Thumb, 336 bytes, Stack size 88 bytes, printf1.o(i._printf_core), UNUSED)
<BR><BR>[Calls]<UL><LI><a href="#[8d]">&gt;&gt;</a>&nbsp;&nbsp;&nbsp;__aeabi_uidivmod
</UL>
<BR>[Called By]<UL><LI><a href="#[8b]">&gt;&gt;</a>&nbsp;&nbsp;&nbsp;__0printf$1
</UL>
<P>
<H3>
Undefined Global Symbols
</H3><HR></body></html>
